Component: ARM Compiler 5.06 update 7 (build 960) Tool: armlink [4d3601]

==============================================================================

Section Cross References

    startup_stm32h750xx.o(RESET) refers to startup_stm32h750xx.o(STACK) for __initial_sp
    startup_stm32h750xx.o(RESET) refers to startup_stm32h750xx.o(.text) for Reset_Handler
    startup_stm32h750xx.o(RESET) refers to stm32h7xx_it.o(i.NMI_Handler) for NMI_Handler
    startup_stm32h750xx.o(RESET) refers to stm32h7xx_it.o(i.HardFault_Handler) for HardFault_Handler
    startup_stm32h750xx.o(RESET) refers to stm32h7xx_it.o(i.MemManage_Handler) for MemManage_Handler
    startup_stm32h750xx.o(RESET) refers to stm32h7xx_it.o(i.BusFault_Handler) for BusFault_Handler
    startup_stm32h750xx.o(RESET) refers to stm32h7xx_it.o(i.UsageFault_Handler) for UsageFault_Handler
    startup_stm32h750xx.o(RESET) refers to stm32h7xx_it.o(i.SVC_Handler) for SVC_Handler
    startup_stm32h750xx.o(RESET) refers to stm32h7xx_it.o(i.DebugMon_Handler) for DebugMon_Handler
    startup_stm32h750xx.o(RESET) refers to stm32h7xx_it.o(i.PendSV_Handler) for PendSV_Handler
    startup_stm32h750xx.o(RESET) refers to stm32h7xx_it.o(i.SysTick_Handler) for SysTick_Handler
    startup_stm32h750xx.o(RESET) refers to stm32h7xx_it.o(i.TIM1_UP_IRQHandler) for TIM1_UP_IRQHandler
    startup_stm32h750xx.o(RESET) refers to stm32h7xx_it.o(i.TIM2_IRQHandler) for TIM2_IRQHandler
    startup_stm32h750xx.o(RESET) refers to stm32h7xx_it.o(i.USART1_IRQHandler) for USART1_IRQHandler
    startup_stm32h750xx.o(.text) refers to system_stm32h7xx.o(i.SystemInit) for SystemInit
    startup_stm32h750xx.o(.text) refers to entry.o(.ARM.Collect$$$$00000000) for __main
    ads8688.o(i.ADS8688_IO_Init) refers to stm32h7xx_hal.o(i.HAL_Delay) for HAL_Delay
    ads8688.o(i.ADS8688_Init) refers to ads8688.o(i.ADS8688_IO_Init) for ADS8688_IO_Init
    ads8688.o(i.ADS8688_Init) refers to ads8688.o(i.ADS8688_WriteCmd) for ADS8688_WriteCmd
    ads8688.o(i.ADS8688_Init) refers to stm32h7xx_hal.o(i.HAL_Delay) for HAL_Delay
    ads8688.o(i.ADS8688_Init) refers to ads8688.o(i.Set_Auto_Scan_Sequence) for Set_Auto_Scan_Sequence
    ads8688.o(i.ADS8688_Init) refers to ads8688.o(i.ADS8688_WriteReg) for ADS8688_WriteReg
    ads8688.o(i.ADS8688_Init) refers to ads8688.o(i.ADS8688_ReadReg) for ADS8688_ReadReg
    ads8688.o(i.ADS8688_ReadReg) refers to ads8688.o(i.ADS8688_SPI_Write8Bit) for ADS8688_SPI_Write8Bit
    ads8688.o(i.ADS8688_ReadReg) refers to ads8688.o(i.ADS8688_SPI_Read8Bit) for ADS8688_SPI_Read8Bit
    ads8688.o(i.ADS8688_WriteCmd) refers to ads8688.o(i.ADS8688_SPI_Write8Bit) for ADS8688_SPI_Write8Bit
    ads8688.o(i.ADS8688_WriteReg) refers to ads8688.o(i.ADS8688_SPI_Write8Bit) for ADS8688_SPI_Write8Bit
    ads8688.o(i.AUTO_RST_Mode) refers to ads8688.o(i.ADS8688_WriteCmd) for ADS8688_WriteCmd
    ads8688.o(i.Get_AUTO_RST_Mode_Data) refers to ads8688.o(i.ADS8688_SPI_Write8Bit) for ADS8688_SPI_Write8Bit
    ads8688.o(i.Get_AUTO_RST_Mode_Data) refers to ads8688.o(i.ADS8688_SPI_Read8Bit) for ADS8688_SPI_Read8Bit
    ads8688.o(i.Get_MAN_CH_Mode_Data) refers to ads8688.o(i.ADS8688_SPI_Write8Bit) for ADS8688_SPI_Write8Bit
    ads8688.o(i.Get_MAN_CH_Mode_Data) refers to ads8688.o(i.ADS8688_SPI_Read8Bit) for ADS8688_SPI_Read8Bit
    ads8688.o(i.MAN_CH_Mode) refers to ads8688.o(i.ADS8688_WriteCmd) for ADS8688_WriteCmd
    ads8688.o(i.SOFT_RESET) refers to ads8688.o(i.ADS8688_WriteCmd) for ADS8688_WriteCmd
    ads8688.o(i.Set_Auto_Scan_Sequence) refers to ads8688.o(i.ADS8688_WriteReg) for ADS8688_WriteReg
    ads8688.o(i.Set_CH_Range) refers to ads8688.o(i.ADS8688_WriteReg) for ADS8688_WriteReg
    main.o(i.HAL_TIM_PeriodElapsedCallback) refers to ads8688.o(i.Get_MAN_CH_Mode_Data) for Get_MAN_CH_Mode_Data
    main.o(i.HAL_TIM_PeriodElapsedCallback) refers to stm32h7xx_hal_tim.o(i.HAL_TIM_Base_Stop_IT) for HAL_TIM_Base_Stop_IT
    main.o(i.HAL_TIM_PeriodElapsedCallback) refers to printfa.o(i.__0printf) for __2printf
    main.o(i.HAL_TIM_PeriodElapsedCallback) refers to tim.o(.bss) for htim2
    main.o(i.HAL_TIM_PeriodElapsedCallback) refers to main.o(.data) for .data
    main.o(i.HAL_TIM_PeriodElapsedCallback) refers to main.o(.bss) for .bss
    main.o(i.SystemClock_Config) refers to memseta.o(.text) for __aeabi_memclr4
    main.o(i.SystemClock_Config) refers to stm32h7xx_hal_pwr_ex.o(i.HAL_PWREx_ConfigSupply) for HAL_PWREx_ConfigSupply
    main.o(i.SystemClock_Config) refers to stm32h7xx_hal_rcc.o(i.HAL_RCC_OscConfig) for HAL_RCC_OscConfig
    main.o(i.SystemClock_Config) refers to stm32h7xx_hal_rcc.o(i.HAL_RCC_ClockConfig) for HAL_RCC_ClockConfig
    main.o(i.main) refers to stm32h7xx_hal.o(i.HAL_Init) for HAL_Init
    main.o(i.main) refers to main.o(i.SystemClock_Config) for SystemClock_Config
    main.o(i.main) refers to gpio.o(i.MX_GPIO_Init) for MX_GPIO_Init
    main.o(i.main) refers to usart.o(i.MX_USART1_UART_Init) for MX_USART1_UART_Init
[...]
    ../mathlib/sqrt.c                        0x00000000   Number         0  sqrt.o ABSOLUTE
    ../mathlib/sqrtf.c                       0x00000000   Number         0  sqrtf.o ABSOLUTE
    ../mathlib/sqrtf.c                       0x00000000   Number         0  sqrtf_x.o ABSOLUTE
    ../mathlib/tanhf.c                       0x00000000   Number         0  tanhf_x.o ABSOLUTE
    ../mathlib/tanhf.c                       0x00000000   Number         0  tanhf.o ABSOLUTE
    ..\Core\Src\ads8688.c                    0x00000000   Number         0  ads8688.o ABSOLUTE
    ..\Core\Src\gpio.c                       0x00000000   Number         0  gpio.o ABSOLUTE
    ..\Core\Src\main.c                       0x00000000   Number         0  main.o ABSOLUTE
    ..\Core\Src\stm32h7xx_hal_msp.c          0x00000000   Number         0  stm32h7xx_hal_msp.o ABSOLUTE
    ..\Core\Src\stm32h7xx_it.c               0x00000000   Number         0  stm32h7xx_it.o ABSOLUTE
    ..\Core\Src\system_stm32h7xx.c           0x00000000   Number         0  system_stm32h7xx.o ABSOLUTE
    ..\Core\Src\tim.c                        0x00000000   Number         0  tim.o ABSOLUTE
    ..\Core\Src\usart.c                      0x00000000   Number         0  usart.o ABSOLUTE
    ..\Drivers\STM32H7xx_HAL_Driver\Src\stm32h7xx_hal.c 0x00000000   Number         0  stm32h7xx_hal.o ABSOLUTE
    ..\Drivers\STM32H7xx_HAL_Driver\Src\stm32h7xx_hal_cortex.c 0x00000000   Number         0  stm32h7xx_hal_cortex.o ABSOLUTE
    ..\Drivers\STM32H7xx_HAL_Driver\Src\stm32h7xx_hal_dma.c 0x00000000   Number         0  stm32h7xx_hal_dma.o ABSOLUTE
    ..\Drivers\STM32H7xx_HAL_Driver\Src\stm32h7xx_hal_dma_ex.c 0x00000000   Number         0  stm32h7xx_hal_dma_ex.o ABSOLUTE
    ..\Drivers\STM32H7xx_HAL_Driver\Src\stm32h7xx_hal_exti.c 0x00000000   Number         0  stm32h7xx_hal_exti.o ABSOLUTE
    ..\Drivers\STM32H7xx_HAL_Driver\Src\stm32h7xx_hal_flash.c 0x00000000   Number         0  stm32h7xx_hal_flash.o ABSOLUTE
    ..\Drivers\STM32H7xx_HAL_Driver\Src\stm32h7xx_hal_flash_ex.c 0x00000000   Number         0  stm32h7xx_hal_flash_ex.o ABSOLUTE
    ..\Drivers\STM32H7xx_HAL_Driver\Src\stm32h7xx_hal_gpio.c 0x00000000   Number         0  stm32h7xx_hal_gpio.o ABSOLUTE
    ..\Drivers\STM32H7xx_HAL_Driver\Src\stm32h7xx_hal_hsem.c 0x00000000   Number         0  stm32h7xx_hal_hsem.o ABSOLUTE
    ..\Drivers\STM32H7xx_HAL_Driver\Src\stm32h7xx_hal_i2c.c 0x00000000   Number         0  stm32h7xx_hal_i2c.o ABSOLUTE
    ..\Drivers\STM32H7xx_HAL_Driver\Src\stm32h7xx_hal_i2c_ex.c 0x00000000   Number         0  stm32h7xx_hal_i2c_ex.o ABSOLUTE
    ..\Drivers\STM32H7xx_HAL_Driver\Src\stm32h7xx_hal_mdma.c 0x00000000   Number         0  stm32h7xx_hal_mdma.o ABSOLUTE
    ..\Drivers\STM32H7xx_HAL_Driver\Src\stm32h7xx_hal_pwr.c 0x00000000   Number         0  stm32h7xx_hal_pwr.o ABSOLUTE
    ..\Drivers\STM32H7xx_HAL_Driver\Src\stm32h7xx_hal_pwr_ex.c 0x00000000   Number         0  stm32h7xx_hal_pwr_ex.o ABSOLUTE
    ..\Drivers\STM32H7xx_HAL_Driver\Src\stm32h7xx_hal_rcc.c 0x00000000   Number         0  stm32h7xx_hal_rcc.o ABSOLUTE
    ..\Drivers\STM32H7xx_HAL_Driver\Src\stm32h7xx_hal_rcc_ex.c 0x00000000   Number         0  stm32h7xx_hal_rcc_ex.o ABSOLUTE
    ..\Drivers\STM32H7xx_HAL_Driver\Src\stm32h7xx_hal_tim.c 0x00000000   Number         0  stm32h7xx_hal_tim.o ABSOLUTE
    ..\Drivers\STM32H7xx_HAL_Driver\Src\stm32h7xx_hal_tim_ex.c 0x00000000   Number         0  stm32h7xx_hal_tim_ex.o ABSOLUTE
    ..\Drivers\STM32H7xx_HAL_Driver\Src\stm32h7xx_hal_uart.c 0x00000000   Number         0  stm32h7xx_hal_uart.o ABSOLUTE
    ..\Drivers\STM32H7xx_HAL_Driver\Src\stm32h7xx_hal_uart_ex.c 0x00000000   Number         0  stm32h7xx_hal_uart_ex.o ABSOLUTE
    ..\\Core\\Src\\ads8688.c                 0x00000000   Number         0  ads8688.o ABSOLUTE
    C:\Keil_v5\ARM\PACK\ARM\CMSIS\5.8.0\CMSIS\DSP\Source\BasicMathFunctions\BasicMathFunctions.c 0x00000000   Number         0  basicmathfunctions.o ABSOLUTE
    C:\Keil_v5\ARM\PACK\ARM\CMSIS\5.8.0\CMSIS\DSP\Source\BasicMathFunctions\BasicMathFunctionsF16.c 0x00000000   Number         0  basicmathfunctionsf16.o ABSOLUTE
    C:\Keil_v5\ARM\PACK\ARM\CMSIS\5.8.0\CMSIS\DSP\Source\BayesFunctions\BayesFunctions.c 0x00000000   Number         0  bayesfunctions.o ABSOLUTE
    C:\Keil_v5\ARM\PACK\ARM\CMSIS\5.8.0\CMSIS\DSP\Source\BayesFunctions\BayesFunctionsF16.c 0x00000000   Number         0  bayesfunctionsf16.o ABSOLUTE
    C:\Keil_v5\ARM\PACK\ARM\CMSIS\5.8.0\CMSIS\DSP\Source\CommonTables\CommonTables.c 0x00000000   Number         0  commontables.o ABSOLUTE
    C:\Keil_v5\ARM\PACK\ARM\CMSIS\5.8.0\CMSIS\DSP\Source\CommonTables\CommonTablesF16.c 0x00000000   Number         0  commontablesf16.o ABSOLUTE
    C:\Keil_v5\ARM\PACK\ARM\CMSIS\5.8.0\CMSIS\DSP\Source\ComplexMathFunctions\ComplexMathFunctions.c 0x00000000   Number         0  complexmathfunctions.o ABSOLUTE
    C:\Keil_v5\ARM\PACK\ARM\CMSIS\5.8.0\CMSIS\DSP\Source\ComplexMathFunctions\ComplexMathFunctionsF16.c 0x00000000   Number         0  complexmathfunctionsf16.o ABSOLUTE
    C:\Keil_v5\ARM\PACK\ARM\CMSIS\5.8.0\CMSIS\DSP\Source\ControllerFunctions\ControllerFunctions.c 0x00000000   Number         0  controllerfunctions.o ABSOLUTE
    C:\Keil_v5\ARM\PACK\ARM\CMSIS\5.8.0\CMSIS\DSP\Source\DistanceFunctions\DistanceFunctions.c 0x00000000   Number         0  distancefunctions.o ABSOLUTE
    C:\Keil_v5\ARM\PACK\ARM\CMSIS\5.8.0\CMSIS\DSP\Source\DistanceFunctions\DistanceFunctionsF16.c 0x00000000   Number         0  distancefunctionsf16.o ABSOLUTE
    C:\Keil_v5\ARM\PACK\ARM\CMSIS\5.8.0\CMSIS\DSP\Source\FastMathFunctions\FastMathFunctions.c 0x00000000   Number         0  fastmathfunctions.o ABSOLUTE
    C:\Keil_v5\ARM\PACK\ARM\CMSIS\5.8.0\CMSIS\DSP\Source\FastMathFunctions\FastMathFunctionsF16.c 0x00000000   Number         0  fastmathfunctionsf16.o ABSOLUTE
    C:\Keil_v5\ARM\PACK\ARM\CMSIS\5.8.0\CMSIS\DSP\Source\FilteringFunctions\FilteringFunctions.c 0x00000000   Number         0  filteringfunctions.o ABSOLUTE
    C:\Keil_v5\ARM\PACK\ARM\CMSIS\5.8.0\CMSIS\DSP\Source\FilteringFunctions\FilteringFunctionsF16.c 0x00000000   Number         0  filteringfunctionsf16.o ABSOLUTE
    C:\Keil_v5\ARM\PACK\ARM\CMSIS\5.8.0\CMSIS\DSP\Source\InterpolationFunctions\InterpolationFunctions.c 0x00000000   Number         0  interpolationfunctions.o ABSOLUTE
    C:\Keil_v5\ARM\PACK\ARM\CMSIS\5.8.0\CMSIS\DSP\Source\InterpolationFunctions\InterpolationFunctionsF16.c 0x00000000   Number         0  interpolationfunctionsf16.o ABSOLUTE
    C:\Keil_v5\ARM\PACK\ARM\CMSIS\5.8.0\CMSIS\DSP\Source\MatrixFunctions\MatrixFunctions.c 0x00000000   Number         0  matrixfunctions.o ABSOLUTE
    C:\Keil_v5\ARM\PACK\ARM\CMSIS\5.8.0\CMSIS\DSP\Source\MatrixFunctions\MatrixFunctionsF16.c 0x00000000   Number         0  matrixfunctionsf16.o ABSOLUTE
    C:\Keil_v5\ARM\PACK\ARM\CMSIS\5.8.0\CMSIS\DSP\Source\QuaternionMathFunctions\QuaternionMathFunctions.c 0x00000000   Number         0  quaternionmathfunctions.o ABSOLUTE
    C:\Keil_v5\ARM\PACK\ARM\CMSIS\5.8.0\CMSIS\DSP\Source\SVMFunctions\SVMFunctions.c 0x00000000   Number         0  svmfunctions.o ABSOLUTE
    C:\Keil_v5\ARM\PACK\ARM\CMSIS\5.8.0\CMSIS\DSP\Source\SVMFunctions\SVMFunctionsF16.c 0x00000000   Number         0  svmfunctionsf16.o ABSOLUTE
    C:\Keil_v5\ARM\PACK\ARM\CMSIS\5.8.0\CMSIS\DSP\Source\StatisticsFunctions\StatisticsFunctions.c 0x00000000   Number         0  statisticsfunctions.o ABSOLUTE
    C:\Keil_v5\ARM\PACK\ARM\CMSIS\5.8.0\CMSIS\DSP\Source\StatisticsFunctions\StatisticsFunctionsF16.c 0x00000000   Number         0  statisticsfunctionsf16.o ABSOLUTE
    C:\Keil_v5\ARM\PACK\ARM\CMSIS\5.8.0\CMSIS\DSP\Source\SupportFunctions\SupportFunctions.c 0x00000000   Number         0  supportfunctions.o ABSOLUTE
    C:\Keil_v5\ARM\PACK\ARM\CMSIS\5.8.0\CMSIS\DSP\Source\SupportFunctions\SupportFunctionsF16.c 0x00000000   Number         0  supportfunctionsf16.o ABSOLUTE
    C:\Keil_v5\ARM\PACK\ARM\CMSIS\5.8.0\CMSIS\DSP\Source\TransformFunctions\TransformFunctions.c 0x00000000   Number         0  transformfunctions.o ABSOLUTE
    C:\Keil_v5\ARM\PACK\ARM\CMSIS\5.8.0\CMSIS\DSP\Source\TransformFunctions\TransformFunctionsF16.c 0x00000000   Number         0  transformfunctionsf16.o ABSOLUTE
    C:\\Keil_v5\\ARM\\PACK\\ARM\\CMSIS\\5.8.0\\CMSIS\\DSP\\Source\\BasicMathFunctions\\BasicMathFunctions.c 0x00000000   Number         0  basicmathfunctions.o ABSOLUTE
    C:\\Keil_v5\\ARM\\PACK\\ARM\\CMSIS\\5.8.0\\CMSIS\\DSP\\Source\\BasicMathFunctions\\BasicMathFunctionsF16.c 0x00000000   Number         0  basicmathfunctionsf16.o ABSOLUTE
    C:\\Keil_v5\\ARM\\PACK\\ARM\\CMSIS\\5.8.0\\CMSIS\\DSP\\Source\\BayesFunctions\\BayesFunctions.c 0x00000000   Number         0  bayesfunctions.o ABSOLUTE
    C:\\Keil_v5\\ARM\\PACK\\ARM\\CMSIS\\5.8.0\\CMSIS\\DSP\\Source\\BayesFunctions\\BayesFunctionsF16.c 0x00000000   Number         0  bayesfunctionsf16.o ABSOLUTE
    C:\\Keil_v5\\ARM\\PACK\\ARM\\CMSIS\\5.8.0\\CMSIS\\DSP\\Source\\CommonTables\\CommonTables.c 0x00000000   Number         0  commontables.o ABSOLUTE
    C:\\Keil_v5\\ARM\\PACK\\ARM\\CMSIS\\5.8.0\\CMSIS\\DSP\\Source\\CommonTables\\CommonTablesF16.c 0x00000000   Number         0  commontablesf16.o ABSOLUTE
    C:\\Keil_v5\\ARM\\PACK\\ARM\\CMSIS\\5.8.0\\CMSIS\\DSP\\Source\\ComplexMathFunctions\\ComplexMathFunctions.c 0x00000000   Number         0  complexmathfunctions.o ABSOLUTE
    C:\\Keil_v5\\ARM\\PACK\\ARM\\CMSIS\\5.8.0\\CMSIS\\DSP\\Source\\ComplexMathFunctions\\ComplexMathFunctionsF16.c 0x00000000   Number         0  complexmathfunctionsf16.o ABSOLUTE
    C:\\Keil_v5\\ARM\\PACK\\ARM\\CMSIS\\5.8.0\\CMSIS\\DSP\\Source\\ControllerFunctions\\ControllerFunctions.c 0x00000000   Number         0  controllerfunctions.o ABSOLUTE
    C:\\Keil_v5\\ARM\\PACK\\ARM\\CMSIS\\5.8.0\\CMSIS\\DSP\\Source\\DistanceFunctions\\DistanceFunctions.c 0x00000000   Number         0  distancefunctions.o ABSOLUTE
    C:\\Keil_v5\\ARM\\PACK\\ARM\\CMSIS\\5.8.0\\CMSIS\\DSP\\Source\\DistanceFunctions\\DistanceFunctionsF16.c 0x00000000   Number         0  distancefunctionsf16.o ABSOLUTE
    C:\\Keil_v5\\ARM\\PACK\\ARM\\CMSIS\\5.8.0\\CMSIS\\DSP\\Source\\FastMathFunctions\\FastMathFunctions.c 0x00000000   Number         0  fastmathfunctions.o ABSOLUTE
    C:\\Keil_v5\\ARM\\PACK\\ARM\\CMSIS\\5.8.0\\CMSIS\\DSP\\Source\\FastMathFunctions\\FastMathFunctionsF16.c 0x00000000   Number         0  fastmathfunctionsf16.o ABSOLUTE
    C:\\Keil_v5\\ARM\\PACK\\ARM\\CMSIS\\5.8.0\\CMSIS\\DSP\\Source\\FilteringFunctions\\FilteringFunctions.c 0x00000000   Number         0  filteringfunctions.o ABSOLUTE
    C:\\Keil_v5\\ARM\\PACK\\ARM\\CMSIS\\5.8.0\\CMSIS\\DSP\\Source\\FilteringFunctions\\FilteringFunctionsF16.c 0x00000000   Number         0  filteringfunctionsf16.o ABSOLUTE
    C:\\Keil_v5\\ARM\\PACK\\ARM\\CMSIS\\5.8.0\\CMSIS\\DSP\\Source\\InterpolationFunctions\\InterpolationFunctions.c 0x00000000   Number         0  interpolationfunctions.o ABSOLUTE
    C:\\Keil_v5\\ARM\\PACK\\ARM\\CMSIS\\5.8.0\\CMSIS\\DSP\\Source\\InterpolationFunctions\\InterpolationFunctionsF16.c 0x00000000   Number         0  interpolationfunctionsf16.o ABSOLUTE
    C:\\Keil_v5\\ARM\\PACK\\ARM\\CMSIS\\5.8.0\\CMSIS\\DSP\\Source\\MatrixFunctions\\MatrixFunctions.c 0x00000000   Number         0  matrixfunctions.o ABSOLUTE
    C:\\Keil_v5\\ARM\\PACK\\ARM\\CMSIS\\5.8.0\\CMSIS\\DSP\\Source\\MatrixFunctions\\MatrixFunctionsF16.c 0x00000000   Number         0  matrixfunctionsf16.o ABSOLUTE
    C:\\Keil_v5\\ARM\\PACK\\ARM\\CMSIS\\5.8.0\\CMSIS\\DSP\\Source\\QuaternionMathFunctions\\QuaternionMathFunctions.c 0x00000000   Number         0  quaternionmathfunctions.o ABSOLUTE
    C:\\Keil_v5\\ARM\\PACK\\ARM\\CMSIS\\5.8.0\\CMSIS\\DSP\\Source\\SVMFunctions\\SVMFunctions.c 0x00000000   Number         0  svmfunctions.o ABSOLUTE
    C:\\Keil_v5\\ARM\\PACK\\ARM\\CMSIS\\5.8.0\\CMSIS\\DSP\\Source\\SVMFunctions\\SVMFunctionsF16.c 0x00000000   Number         0  svmfunctionsf16.o ABSOLUTE
    C:\\Keil_v5\\ARM\\PACK\\ARM\\CMSIS\\5.8.0\\CMSIS\\DSP\\Source\\StatisticsFunctions\\StatisticsFunctions.c 0x00000000   Number         0  statisticsfunctions.o ABSOLUTE
    C:\\Keil_v5\\ARM\\PACK\\ARM\\CMSIS\\5.8.0\\CMSIS\\DSP\\Source\\StatisticsFunctions\\StatisticsFunctionsF16.c 0x00000000   Number         0  statisticsfunctionsf16.o ABSOLUTE
    C:\\Keil_v5\\ARM\\PACK\\ARM\\CMSIS\\5.8.0\\CMSIS\\DSP\\Source\\SupportFunctions\\SupportFunctions.c 0x00000000   Number         0  supportfunctions.o ABSOLUTE
    C:\\Keil_v5\\ARM\\PACK\\ARM\\CMSIS\\5.8.0\\CMSIS\\DSP\\Source\\SupportFunctions\\SupportFunctionsF16.c 0x00000000   Number         0  supportfunctionsf16.o ABSOLUTE
    C:\\Keil_v5\\ARM\\PACK\\ARM\\CMSIS\\5.8.0\\CMSIS\\DSP\\Source\\TransformFunctions\\TransformFunctions.c 0x00000000   Number         0  transformfunctions.o ABSOLUTE
    C:\\Keil_v5\\ARM\\PACK\\ARM\\CMSIS\\5.8.0\\CMSIS\\DSP\\Source\\TransformFunctions\\TransformFunctionsF16.c 0x00000000   Number         0  transformfunctionsf16.o ABSOLUTE
    cdrcmple.s                               0x00000000   Number         0  cdrcmple.o ABSOLUTE
    dc.s                                     0x00000000   Number         0  dc.o ABSOLUTE
    handlers.s                               0x00000000   Number         0  handlers.o ABSOLUTE
    init.s                                   0x00000000   Number         0  init.o ABSOLUTE
    startup_stm32h750xx.s                    0x00000000   Number         0  startup_stm32h750xx.o ABSOLUTE
    RESET                                    0x08000000   Section      664  startup_stm32h750xx.o(RESET)
    .ARM.Collect$$$$00000000                 0x08000298   Section        0  entry.o(.ARM.Collect$$$$00000000)
    .ARM.Collect$$$$00000001                 0x08000298   Section        4  entry2.o(.ARM.Collect$$$$00000001)
    .ARM.Collect$$$$00000004                 0x0800029c   Section        4  entry5.o(.ARM.Collect$$$$00000004)
    .ARM.Collect$$$$00000008                 0x080002a0   Section        0  entry7b.o(.ARM.Collect$$$$00000008)
    .ARM.Collect$$$$0000000A                 0x080002a0   Section        0  entry8b.o(.ARM.Collect$$$$0000000A)
    .ARM.Collect$$$$0000000B                 0x080002a0   Section        8  entry9a.o(.ARM.Collect$$$$0000000B)
    .ARM.Collect$$$$0000000E                 0x080002a8   Section        4  entry12b.o(.ARM.Collect$$$$0000000E)
    .ARM.Collect$$$$0000000F                 0x080002ac   Section        0  entry10a.o(.ARM.Collect$$$$0000000F)
    .ARM.Collect$$$$00000011                 0x080002ac   Section        0  entry11a.o(.ARM.Collect$$$$00000011)
    .ARM.Collect$$$$00002712                 0x080002ac   Section        4  entry2.o(.ARM.Collect$$$$00002712)
    __lit__00000000                          0x080002ac   Data           4  entry2.o(.ARM.Collect$$$$00002712)
    .text                                    0x080002b0   Section       36  startup_stm32h750xx.o(.text)
    $v0                                      0x080002b0   Number         0  startup_stm32h750xx.o(.text)
    .text                                    0x080002d4   Section        0  uldiv.o(.text)
    .text                                    0x08000336   Section        0  llshl.o(.text)
    .text                                    0x08000354   Section        0  llsshr.o(.text)
    .text                                    0x08000378   Section        0  memseta.o(.text)
    .text                                    0x0800039c   Section        0  uidiv.o(.text)
    .text                                    0x080003c8   Section        0  llushr.o(.text)
    .text                                    0x080003e8   Section        0  iusefp.o(.text)
    .text                                    0x080003e8   Section        0  dadd.o(.text)
    .text                                    0x08000536   Section        0  dmul.o(.text)
    .text                                    0x0800061a   Section        0  ddiv.o(.text)
    .text                                    0x080006f8   Section        0  dfixul.o(.text)
    .text                                    0x08000728   Section       48  cdrcmple.o(.text)
    .text                                    0x08000758   Section       36  init.o(.text)
    .text                                    0x0800077c   Section        0  depilogue.o(.text)
    i.ADS8688_IO_Init                        0x08000838   Section        0  ads8688.o(i.ADS8688_IO_Init)
    i.ADS8688_Init                           0x08000868   Section        0  ads8688.o(i.ADS8688_Init)
    i.ADS8688_ReadReg                        0x080008a8   Section        0  ads8688.o(i.ADS8688_ReadReg)
    i.ADS8688_SPI_Read8Bit                   0x080008cc   Section        0  ads8688.o(i.ADS8688_SPI_Read8Bit)
    i.ADS8688_SPI_Write8Bit                  0x080008f8   Section        0  ads8688.o(i.ADS8688_SPI_Write8Bit)
    i.ADS8688_WriteCmd                       0x08000930   Section        0  ads8688.o(i.ADS8688_WriteCmd)
    i.ADS8688_WriteReg                       0x08000960   Section        0  ads8688.o(i.ADS8688_WriteReg)
    i.BusFault_Handler                       0x08000988   Section        0  stm32h7xx_it.o(i.BusFault_Handler)
    i.DebugMon_Handler                       0x0800098a   Section        0  stm32h7xx_it.o(i.DebugMon_Handler)
    i.Error_Handler                          0x0800098c   Section        0  main.o(i.Error_Handler)
    i.Get_MAN_CH_Mode_Data                   0x08000990   Section        0  ads8688.o(i.Get_MAN_CH_Mode_Data)
    i.HAL_DMA_Abort                          0x080009c0   Section        0  stm32h7xx_hal_dma.o(i.HAL_DMA_Abort)
    i.HAL_DMA_Abort_IT                       0x08000d24   Section        0  stm32h7xx_hal_dma.o(i.HAL_DMA_Abort_IT)
    i.HAL_Delay                              0x08000fa8   Section        0  stm32h7xx_hal.o(i.HAL_Delay)
    i.HAL_GPIO_Init                          0x08000fcc   Section        0  stm32h7xx_hal_gpio.o(i.HAL_GPIO_Init)
    i.HAL_GPIO_TogglePin                     0x080011fc   Section        0  stm32h7xx_hal_gpio.o(i.HAL_GPIO_TogglePin)
    i.HAL_GPIO_WritePin                      0x0800120c   Section        0  stm32h7xx_hal_gpio.o(i.HAL_GPIO_WritePin)
    i.HAL_GetREVID                           0x08001218   Section        0  stm32h7xx_hal.o(i.HAL_GetREVID)
    i.HAL_GetTick                            0x08001224   Section        0  stm32h7xx_hal.o(i.HAL_GetTick)
    i.HAL_IncTick                            0x08001230   Section        0  stm32h7xx_hal.o(i.HAL_IncTick)
    i.HAL_Init                               0x08001240   Section        0  stm32h7xx_hal.o(i.HAL_Init)
    i.HAL_InitTick                           0x0800129c   Section        0  stm32h7xx_hal.o(i.HAL_InitTick)
    i.HAL_MspInit                            0x080012dc   Section        0  stm32h7xx_hal_msp.o(i.HAL_MspInit)
    i.HAL_NVIC_EnableIRQ                     0x080012f8   Section        0  stm32h7xx_hal_cortex.o(i.HAL_NVIC_EnableIRQ)
    i.HAL_NVIC_SetPriority                   0x08001314   Section        0  stm32h7xx_hal_cortex.o(i.HAL_NVIC_SetPriority)
    i.HAL_NVIC_SetPriorityGrouping           0x08001354   Section        0  stm32h7xx_hal_cortex.o(i.HAL_NVIC_SetPriorityGrouping)
    i.HAL_PWREx_ConfigSupply                 0x08001378   Section        0  stm32h7xx_hal_pwr_ex.o(i.HAL_PWREx_ConfigSupply)
    i.HAL_RCCEx_GetD3PCLK1Freq               0x080013cc   Section        0  stm32h7xx_hal_rcc_ex.o(i.HAL_RCCEx_GetD3PCLK1Freq)
    i.HAL_RCCEx_GetPLL2ClockFreq             0x080013f0   Section        0  stm32h7xx_hal_rcc_ex.o(i.HAL_RCCEx_GetPLL2ClockFreq)
    i.HAL_RCCEx_GetPLL3ClockFreq             0x08001534   Section        0  stm32h7xx_hal_rcc_ex.o(i.HAL_RCCEx_GetPLL3ClockFreq)
    i.HAL_RCCEx_PeriphCLKConfig              0x08001678   Section        0  stm32h7xx_hal_rcc_ex.o(i.HAL_RCCEx_PeriphCLKConfig)
    i.HAL_RCC_ClockConfig                    0x08001f4c   Section        0  stm32h7xx_hal_rcc.o(i.HAL_RCC_ClockConfig)
    i.HAL_RCC_GetHCLKFreq                    0x080021a8   Section        0  stm32h7xx_hal_rcc.o(i.HAL_RCC_GetHCLKFreq)
    i.HAL_RCC_GetPCLK1Freq                   0x080021ec   Section        0  stm32h7xx_hal_rcc.o(i.HAL_RCC_GetPCLK1Freq)
    i.HAL_RCC_GetPCLK2Freq                   0x08002210   Section        0  stm32h7xx_hal_rcc.o(i.HAL_RCC_GetPCLK2Freq)
    i.HAL_RCC_GetSysClockFreq                0x08002234   Section        0  stm32h7xx_hal_rcc.o(i.HAL_RCC_GetSysClockFreq)
    i.HAL_RCC_OscConfig                      0x0800236c   Section        0  stm32h7xx_hal_rcc.o(i.HAL_RCC_OscConfig)
    i.HAL_SYSTICK_Config                     0x08002874   Section        0  stm32h7xx_hal_cortex.o(i.HAL_SYSTICK_Config)
    i.HAL_TIMEx_Break2Callback               0x0800289a   Section        0  stm32h7xx_hal_tim_ex.o(i.HAL_TIMEx_Break2Callback)
    i.HAL_TIMEx_BreakCallback                0x0800289c   Section        0  stm32h7xx_hal_tim_ex.o(i.HAL_TIMEx_BreakCallback)
    i.HAL_TIMEx_CommutCallback               0x0800289e   Section        0  stm32h7xx_hal_tim_ex.o(i.HAL_TIMEx_CommutCallback)
    i.HAL_TIMEx_MasterConfigSynchronization  0x080028a0   Section        0  stm32h7xx_hal_tim_ex.o(i.HAL_TIMEx_MasterConfigSynchronization)
    i.HAL_TIM_Base_Init                      0x08002938   Section        0  stm32h7xx_hal_tim.o(i.HAL_TIM_Base_Init)
    i.HAL_TIM_Base_MspInit                   0x0800299c   Section        0  tim.o(i.HAL_TIM_Base_MspInit)
    i.HAL_TIM_Base_Start_IT                  0x08002a00   Section        0  stm32h7xx_hal_tim.o(i.HAL_TIM_Base_Start_IT)
    i.HAL_TIM_Base_Stop_IT                   0x08002a80   Section        0  stm32h7xx_hal_tim.o(i.HAL_TIM_Base_Stop_IT)
    i.HAL_TIM_ConfigClockSource              0x08002ab0   Section        0  stm32h7xx_hal_tim.o(i.HAL_TIM_ConfigClockSource)
    i.HAL_TIM_IC_CaptureCallback             0x08002ba8   Section        0  stm32h7xx_hal_tim.o(i.HAL_TIM_IC_CaptureCallback)
    i.HAL_TIM_IRQHandler                     0x08002baa   Section        0  stm32h7xx_hal_tim.o(i.HAL_TIM_IRQHandler)
    i.HAL_TIM_OC_DelayElapsedCallback        0x08002d2c   Section        0  stm32h7xx_hal_tim.o(i.HAL_TIM_OC_DelayElapsedCallback)
    i.HAL_TIM_PWM_PulseFinishedCallback      0x08002d2e   Section        0  stm32h7xx_hal_tim.o(i.HAL_TIM_PWM_PulseFinishedCallback)
    i.HAL_TIM_PeriodElapsedCallback          0x08002d30   Section        0  main.o(i.HAL_TIM_PeriodElapsedCallback)
    i.HAL_TIM_TriggerCallback                0x08002dcc   Section        0  stm32h7xx_hal_tim.o(i.HAL_TIM_TriggerCallback)
    i.HAL_UARTEx_DisableFifoMode             0x08002dce   Section        0  stm32h7xx_hal_uart_ex.o(i.HAL_UARTEx_DisableFifoMode)
    i.HAL_UARTEx_RxEventCallback             0x08002e0e   Section        0  stm32h7xx_hal_uart.o(i.HAL_UARTEx_RxEventCallback)
    i.HAL_UARTEx_RxFifoFullCallback          0x08002e10   Section        0  stm32h7xx_hal_uart_ex.o(i.HAL_UARTEx_RxFifoFullCallback)
    i.HAL_UARTEx_SetRxFifoThreshold          0x08002e12   Section        0  stm32h7xx_hal_uart_ex.o(i.HAL_UARTEx_SetRxFifoThreshold)
    i.HAL_UARTEx_SetTxFifoThreshold          0x08002e5e   Section        0  stm32h7xx_hal_uart_ex.o(i.HAL_UARTEx_SetTxFifoThreshold)
    i.HAL_UARTEx_TxFifoEmptyCallback         0x08002eaa   Section        0  stm32h7xx_hal_uart_ex.o(i.HAL_UARTEx_TxFifoEmptyCallback)
    i.HAL_UARTEx_WakeupCallback              0x08002eac   Section        0  stm32h7xx_hal_uart_ex.o(i.HAL_UARTEx_WakeupCallback)
    i.HAL_UART_ErrorCallback                 0x08002eae   Section        0  stm32h7xx_hal_uart.o(i.HAL_UART_ErrorCallback)
    i.HAL_UART_IRQHandler                    0x08002eb0   Section        0  stm32h7xx_hal_uart.o(i.HAL_UART_IRQHandler)
    i.HAL_UART_Init                          0x080031b4   Section        0  stm32h7xx_hal_uart.o(i.HAL_UART_Init)
    i.HAL_UART_MspInit                       0x08003220   Section        0  usart.o(i.HAL_UART_MspInit)
    i.HAL_UART_Receive_IT                    0x080032b4   Section        0  stm32h7xx_hal_uart.o(i.HAL_UART_Receive_IT)
    i.HAL_UART_RxCpltCallback                0x08003300   Section        0  stm32h7xx_hal_uart.o(i.HAL_UART_RxCpltCallback)
    i.HAL_UART_Transmit                      0x08003302   Section        0  stm32h7xx_hal_uart.o(i.HAL_UART_Transmit)
    i.HAL_UART_TxCpltCallback                0x080033c0   Section        0  stm32h7xx_hal_uart.o(i.HAL_UART_TxCpltCallback)
    i.HardFault_Handler                      0x080033c2   Section        0  stm32h7xx_it.o(i.HardFault_Handler)
    i.MAN_CH_Mode                            0x080033c4   Section        0  ads8688.o(i.MAN_CH_Mode)
    i.MX_GPIO_Init                           0x080033c8   Section        0  gpio.o(i.MX_GPIO_Init)
    i.MX_TIM1_Init                           0x080034d4   Section        0  tim.o(i.MX_TIM1_Init)
    i.MX_TIM2_Init                           0x08003544   Section        0  tim.o(i.MX_TIM2_Init)
    i.MX_USART1_UART_Init                    0x080035a8   Section        0  usart.o(i.MX_USART1_UART_Init)
    i.MemManage_Handler                      0x0800362c   Section        0  stm32h7xx_it.o(i.MemManage_Handler)
    i.NMI_Handler                            0x0800362e   Section        0  stm32h7xx_it.o(i.NMI_Handler)
    i.PendSV_Handler                         0x08003630   Section        0  stm32h7xx_it.o(i.PendSV_Handler)
    i.RCCEx_PLL2_Config                      0x08003634   Section        0  stm32h7xx_hal_rcc_ex.o(i.RCCEx_PLL2_Config)
    RCCEx_PLL2_Config                        0x08003635   Thumb Code   284  stm32h7xx_hal_rcc_ex.o(i.RCCEx_PLL2_Config)
    i.RCCEx_PLL3_Config                      0x08003754   Section        0  stm32h7xx_hal_rcc_ex.o(i.RCCEx_PLL3_Config)
    RCCEx_PLL3_Config                        0x08003755   Thumb Code   284  stm32h7xx_hal_rcc_ex.o(i.RCCEx_PLL3_Config)
    i.SVC_Handler                            0x08003874   Section        0  stm32h7xx_it.o(i.SVC_Handler)
    i.Set_Auto_Scan_Sequence                 0x08003876   Section        0  ads8688.o(i.Set_Auto_Scan_Sequence)
    i.Set_CH_Range                           0x0800387e   Section        0  ads8688.o(i.Set_CH_Range)
    i.SysTick_Handler                        0x08003882   Section        0  stm32h7xx_it.o(i.SysTick_Handler)
    i.SystemClock_Config                     0x08003888   Section        0  main.o(i.SystemClock_Config)
    i.SystemInit                             0x0800392c   Section        0  system_stm32h7xx.o(i.SystemInit)
    i.TIM1_UP_IRQHandler                     0x08003a10   Section        0  stm32h7xx_it.o(i.TIM1_UP_IRQHandler)
    i.TIM2_IRQHandler                        0x08003a1c   Section        0  stm32h7xx_it.o(i.TIM2_IRQHandler)
    i.TIM_Base_SetConfig                     0x08003a28   Section        0  stm32h7xx_hal_tim.o(i.TIM_Base_SetConfig)
    i.TIM_ETR_SetConfig                      0x08003aec   Section        0  stm32h7xx_hal_tim.o(i.TIM_ETR_SetConfig)
    i.TIM_ITRx_SetConfig                     0x08003b00   Section        0  stm32h7xx_hal_tim.o(i.TIM_ITRx_SetConfig)
    TIM_ITRx_SetConfig                       0x08003b01   Thumb Code    16  stm32h7xx_hal_tim.o(i.TIM_ITRx_SetConfig)
    i.TIM_TI1_ConfigInputStage               0x08003b14   Section        0  stm32h7xx_hal_tim.o(i.TIM_TI1_ConfigInputStage)
    TIM_TI1_ConfigInputStage                 0x08003b15   Thumb Code    34  stm32h7xx_hal_tim.o(i.TIM_TI1_ConfigInputStage)
    i.TIM_TI2_ConfigInputStage               0x08003b36   Section        0  stm32h7xx_hal_tim.o(i.TIM_TI2_ConfigInputStage)
    TIM_TI2_ConfigInputStage                 0x08003b37   Thumb Code    36  stm32h7xx_hal_tim.o(i.TIM_TI2_ConfigInputStage)
    i.UARTEx_SetNbDataToProcess              0x08003b5c   Section        0  stm32h7xx_hal_uart_ex.o(i.UARTEx_SetNbDataToProcess)
    UARTEx_SetNbDataToProcess                0x08003b5d   Thumb Code    62  stm32h7xx_hal_uart_ex.o(i.UARTEx_SetNbDataToProcess)
    i.UART_AdvFeatureConfig                  0x08003ba0   Section        0  stm32h7xx_hal_uart.o(i.UART_AdvFeatureConfig)
    i.UART_CheckIdleState                    0x08003c68   Section        0  stm32h7xx_hal_uart.o(i.UART_CheckIdleState)
    i.UART_DMAAbortOnError                   0x08003cc8   Section        0  stm32h7xx_hal_uart.o(i.UART_DMAAbortOnError)
    UART_DMAAbortOnError                     0x08003cc9   Thumb Code    20  stm32h7xx_hal_uart.o(i.UART_DMAAbortOnError)
    i.UART_EndRxTransfer                     0x08003cdc   Section        0  stm32h7xx_hal_uart.o(i.UART_EndRxTransfer)
    UART_EndRxTransfer                       0x08003cdd   Thumb Code    50  stm32h7xx_hal_uart.o(i.UART_EndRxTransfer)
    i.UART_RxISR_16BIT                       0x08003d14   Section        0  stm32h7xx_hal_uart.o(i.UART_RxISR_16BIT)
    UART_RxISR_16BIT                         0x08003d15   Thumb Code   128  stm32h7xx_hal_uart.o(i.UART_RxISR_16BIT)
    i.UART_RxISR_16BIT_FIFOEN                0x08003d94   Section        0  stm32h7xx_hal_uart.o(i.UART_RxISR_16BIT_FIFOEN)
    UART_RxISR_16BIT_FIFOEN                  0x08003d95   Thumb Code   318  stm32h7xx_hal_uart.o(i.UART_RxISR_16BIT_FIFOEN)
    i.UART_RxISR_8BIT                        0x08003edc   Section        0  stm32h7xx_hal_uart.o(i.UART_RxISR_8BIT)
    UART_RxISR_8BIT                          0x08003edd   Thumb Code   128  stm32h7xx_hal_uart.o(i.UART_RxISR_8BIT)
    i.UART_RxISR_8BIT_FIFOEN                 0x08003f5c   Section        0  stm32h7xx_hal_uart.o(i.UART_RxISR_8BIT_FIFOEN)
    UART_RxISR_8BIT_FIFOEN                   0x08003f5d   Thumb Code   318  stm32h7xx_hal_uart.o(i.UART_RxISR_8BIT_FIFOEN)
    i.UART_SetConfig                         0x080040a4   Section        0  stm32h7xx_hal_uart.o(i.UART_SetConfig)
    i.UART_Start_Receive_IT                  0x08004450   Section        0  stm32h7xx_hal_uart.o(i.UART_Start_Receive_IT)
    i.UART_WaitOnFlagUntilTimeout            0x08004528   Section        0  stm32h7xx_hal_uart.o(i.UART_WaitOnFlagUntilTimeout)
    i.USART1_IRQHandler                      0x080045cc   Section        0  stm32h7xx_it.o(i.USART1_IRQHandler)
    i.USER_UART_IDLECallback                 0x08004600   Section        0  usart.o(i.USER_UART_IDLECallback)
    i.UsageFault_Handler                     0x08004648   Section        0  stm32h7xx_it.o(i.UsageFault_Handler)
    i.__0printf                              0x0800464c   Section        0  printfa.o(i.__0printf)
    i.__NVIC_SetPriority                     0x0800466c   Section        0  stm32h7xx_hal_cortex.o(i.__NVIC_SetPriority)
    __NVIC_SetPriority                       0x0800466d   Thumb Code    34  stm32h7xx_hal_cortex.o(i.__NVIC_SetPriority)
    i.__scatterload_copy                     0x0800468e   Section       14  handlers.o(i.__scatterload_copy)
    i.__scatterload_null                     0x0800469c   Section        2  handlers.o(i.__scatterload_null)
    i.__scatterload_zeroinit                 0x0800469e   Section       14  handlers.o(i.__scatterload_zeroinit)
    i._fp_digits                             0x080046ac   Section        0  printfa.o(i._fp_digits)
    _fp_digits                               0x080046ad   Thumb Code   366  printfa.o(i._fp_digits)
    i._printf_core                           0x08004830   Section        0  printfa.o(i._printf_core)
    _printf_core                             0x08004831   Thumb Code  1704  printfa.o(i._printf_core)
    i._printf_post_padding                   0x08004ee4   Section        0  printfa.o(i._printf_post_padding)
    _printf_post_padding                     0x08004ee5   Thumb Code    36  printfa.o(i._printf_post_padding)
    i._printf_pre_padding                    0x08004f08   Section        0  printfa.o(i._printf_pre_padding)
    _printf_pre_padding                      0x08004f09   Thumb Code    46  printfa.o(i._printf_pre_padding)
    i.fputc                                  0x08004f38   Section        0  usart.o(i.fputc)
    i.main                                   0x08004f50   Section        0  main.o(i.main)
    .constdata                               0x080050b0   Section       24  stm32h7xx_hal_uart.o(.constdata)
    .constdata                               0x080050c8   Section       16  stm32h7xx_hal_uart_ex.o(.constdata)
    numerator                                0x080050c8   Data           8  stm32h7xx_hal_uart_ex.o(.constdata)
    denominator                              0x080050d0   Data           8  stm32h7xx_hal_uart_ex.o(.constdata)
    .constdata                               0x080050d8   Section       16  system_stm32h7xx.o(.constdata)
    .data                                    0x24000000   Section        4  main.o(.data)
    .data                                    0x24000004   Section        8  usart.o(.data)
    .data                                    0x2400000c   Section       12  stm32h7xx_hal.o(.data)
    .data                                    0x24000018   Section        8  system_stm32h7xx.o(.data)
    .data                                    0x24000020   Section        4  stdout.o(.data)
    .bss                                     0x24000024   Section    20000  main.o(.bss)
    .bss                                     0x24004e44   Section      152  tim.o(.bss)
    .bss                                     0x24004edc   Section     5144  usart.o(.bss)
    STACK                                    0x240062f8   Section     1024  startup_stm32h750xx.o(STACK)

    Global Symbols

    Symbol Name                              Value     Ov Type        Size  Object(Section)

    BuildAttributes$$THM_ISAv4$E$P$D$K$B$S$7EM$VFPv5_D16$PE$PLD8$A:L22UL41UL21$X:L11$S22US41US21$IEEE1$IW$USESV6$~STKCKD$USESV7$~SHL$OTIME$ROPI$IEEEX$EBA8$MICROLIB$REQ8$PRES8$EABIv2 0x00000000   Number         0  anon$$obj.o ABSOLUTE
    __ARM_use_no_argv                        0x00000000   Number         0  main.o ABSOLUTE
    _printf_a                                0x00000000   Number         0  stubs.o ABSOLUTE
    _printf_c                                0x00000000   Number         0  stubs.o ABSOLUTE
    _printf_charcount                        0x00000000   Number         0  stubs.o ABSOLUTE
    _printf_d                                0x00000000   Number         0  stubs.o ABSOLUTE
    _printf_e                                0x00000000   Number         0  stubs.o ABSOLUTE
    _printf_f                                0x00000000   Number         0  stubs.o ABSOLUTE
    _printf_flags                            0x00000000   Number         0  stubs.o ABSOLUTE
    _printf_fp_dec                           0x00000000   Number         0  stubs.o ABSOLUTE
    _printf_fp_hex                           0x00000000   Number         0  stubs.o ABSOLUTE
    _printf_g                                0x00000000   Number         0  stubs.o ABSOLUTE
    _printf_i                                0x00000000   Number         0  stubs.o ABSOLUTE
    _printf_int_dec                          0x00000000   Number         0  stubs.o ABSOLUTE
    _printf_l                                0x00000000   Number         0  stubs.o ABSOLUTE
    _printf_lc                               0x00000000   Number         0  stubs.o ABSOLUTE
    _printf_ll                               0x00000000   Number         0  stubs.o ABSOLUTE
    _printf_lld                              0x00000000   Number         0  stubs.o ABSOLUTE
    _printf_lli                              0x00000000   Number         0  stubs.o ABSOLUTE
    _printf_llo                              0x00000000   Number         0  stubs.o ABSOLUTE
    _printf_llu                              0x00000000   Number         0  stubs.o ABSOLUTE
    _printf_llx                              0x00000000   Number         0  stubs.o ABSOLUTE
    _printf_longlong_dec                     0x00000000   Number         0  stubs.o ABSOLUTE
    _printf_longlong_hex                     0x00000000   Number         0  stubs.o ABSOLUTE
    _printf_longlong_oct                     0x00000000   Number         0  stubs.o ABSOLUTE
    _printf_ls                               0x00000000   Number         0  stubs.o ABSOLUTE
    _printf_mbtowc                           0x00000000   Number         0  stubs.o ABSOLUTE
    _printf_n                                0x00000000   Number         0  stubs.o ABSOLUTE
    _printf_o                                0x00000000   Number         0  stubs.o ABSOLUTE
    _printf_p                                0x00000000   Number         0  stubs.o ABSOLUTE
    _printf_percent                          0x00000000   Number         0  stubs.o ABSOLUTE
    _printf_pre_padding                      0x00000000   Number         0  stubs.o ABSOLUTE
    _printf_return_value                     0x00000000   Number         0  stubs.o ABSOLUTE
    _printf_s                                0x00000000   Number         0  stubs.o ABSOLUTE
    _printf_sizespec                         0x00000000   Number         0  stubs.o ABSOLUTE
    _printf_str                              0x00000000   Number         0  stubs.o ABSOLUTE
    _printf_truncate_signed                  0x00000000   Number         0  stubs.o ABSOLUTE
    _printf_truncate_unsigned                0x00000000   Number         0  stubs.o ABSOLUTE
    _printf_u                                0x00000000   Number         0  stubs.o ABSOLUTE
    _printf_wc                               0x00000000   Number         0  stubs.o ABSOLUTE
    _printf_wctomb                           0x00000000   Number         0  stubs.o ABSOLUTE
    _printf_widthprec                        0x00000000   Number         0  stubs.o ABSOLUTE
    _printf_x                                0x00000000   Number         0  stubs.o ABSOLUTE
    __arm_fini_                               - Undefined Weak Reference
    __cpp_initialize__aeabi_                  - Undefined Weak Reference
    __cxa_finalize                            - Undefined Weak Reference
    __decompress                              - Undefined Weak Reference
    _clock_init                               - Undefined Weak Reference
    _microlib_exit                            - Undefined Weak Reference
    __Vectors_Size                           0x00000298   Number         0  startup_stm32h750xx.o ABSOLUTE
    __Vectors                                0x08000000   Data           4  startup_stm32h750xx.o(RESET)
    __Vectors_End                            0x08000298   Data           0  startup_stm32h750xx.o(RESET)
    __main                                   0x08000299   Thumb Code     0  entry.o(.ARM.Collect$$$$00000000)
    _main_stk                                0x08000299   Thumb Code     0  entry2.o(.ARM.Collect$$$$00000001)
    _main_scatterload                        0x0800029d   Thumb Code     0  entry5.o(.ARM.Collect$$$$00000004)
    __main_after_scatterload                 0x080002a1   Thumb Code     0  entry5.o(.ARM.Collect$$$$00000004)
    _main_clock                              0x080002a1   Thumb Code     0  entry7b.o(.ARM.Collect$$$$00000008)
    _main_cpp_init                           0x080002a1   Thumb Code     0  entry8b.o(.ARM.Collect$$$$0000000A)
    _main_init                               0x080002a1   Thumb Code     0  entry9a.o(.ARM.Collect$$$$0000000B)
    __rt_lib_shutdown_fini                   0x080002a9   Thumb Code     0  entry12b.o(.ARM.Collect$$$$0000000E)
    __rt_final_cpp                           0x080002ad   Thumb Code     0  entry10a.o(.ARM.Collect$$$$0000000F)
    __rt_final_exit                          0x080002ad   Thumb Code     0  entry11a.o(.ARM.Collect$$$$00000011)
    Reset_Handler                            0x080002b1   Thumb Code     8  startup_stm32h750xx.o(.text)
    ADC3_IRQHandler                          0x080002cb   Thumb Code     0  startup_stm32h750xx.o(.text)
    ADC_IRQHandler                           0x080002cb   Thumb Code     0  startup_stm32h750xx.o(.text)
    BDMA_Channel0_IRQHandler                 0x080002cb   Thumb Code     0  startup_stm32h750xx.o(.text)
    BDMA_Channel1_IRQHandler                 0x080002cb   Thumb Code     0  startup_stm32h750xx.o(.text)
    BDMA_Channel2_IRQHandler                 0x080002cb   Thumb Code     0  startup_stm32h750xx.o(.text)
    BDMA_Channel3_IRQHandler                 0x080002cb   Thumb Code     0  startup_stm32h750xx.o(.text)
    BDMA_Channel4_IRQHandler                 0x080002cb   Thumb Code     0  startup_stm32h750xx.o(.text)
    BDMA_Channel5_IRQHandler                 0x080002cb   Thumb Code     0  startup_stm32h750xx.o(.text)
    BDMA_Channel6_IRQHandler                 0x080002cb   Thumb Code     0  startup_stm32h750xx.o(.text)
    BDMA_Channel7_IRQHandler                 0x080002cb   Thumb Code     0  startup_stm32h750xx.o(.text)
    CEC_IRQHandler                           0x080002cb   Thumb Code     0  startup_stm32h750xx.o(.text)
    COMP1_IRQHandler                         0x080002cb   Thumb Code     0  startup_stm32h750xx.o(.text)
    CRS_IRQHandler                           0x080002cb   Thumb Code     0  startup_stm32h750xx.o(.text)
    CRYP_IRQHandler                          0x080002cb   Thumb Code     0  startup_stm32h750xx.o(.text)
    DCMI_IRQHandler                          0x080002cb   Thumb Code     0  startup_stm32h750xx.o(.text)
    DFSDM1_FLT0_IRQHandler                   0x080002cb   Thumb Code     0  startup_stm32h750xx.o(.text)
    DFSDM1_FLT1_IRQHandler                   0x080002cb   Thumb Code     0  startup_stm32h750xx.o(.text)
    DFSDM1_FLT2_IRQHandler                   0x080002cb   Thumb Code     0  startup_stm32h750xx.o(.text)
    DFSDM1_FLT3_IRQHandler                   0x080002cb   Thumb Code     0  startup_stm32h750xx.o(.text)
    DMA1_Stream0_IRQHandler                  0x080002cb   Thumb Code     0  startup_stm32h750xx.o(.text)
    DMA1_Stream1_IRQHandler                  0x080002cb   Thumb Code     0  startup_stm32h750xx.o(.text)
    DMA1_Stream2_IRQHandler                  0x080002cb   Thumb Code     0  startup_stm32h750xx.o(.text)
    DMA1_Stream3_IRQHandler                  0x080002cb   Thumb Code     0  startup_stm32h750xx.o(.text)
    DMA1_Stream4_IRQHandler                  0x080002cb   Thumb Code     0  startup_stm32h750xx.o(.text)
    DMA1_Stream5_IRQHandler                  0x080002cb   Thumb Code     0  startup_stm32h750xx.o(.text)
    DMA1_Stream6_IRQHandler                  0x080002cb   Thumb Code     0  startup_stm32h750xx.o(.text)
    DMA1_Stream7_IRQHandler                  0x080002cb   Thumb Code     0  startup_stm32h750xx.o(.text)
    DMA2D_IRQHandler                         0x080002cb   Thumb Code     0  startup_stm32h750xx.o(.text)
    DMA2_Stream0_IRQHandler                  0x080002cb   Thumb Code     0  startup_stm32h750xx.o(.text)
    DMA2_Stream1_IRQHandler                  0x080002cb   Thumb Code     0  startup_stm32h750xx.o(.text)
    DMA2_Stream2_IRQHandler                  0x080002cb   Thumb Code     0  startup_stm32h750xx.o(.text)
    DMA2_Stream3_IRQHandler                  0x080002cb   Thumb Code     0  startup_stm32h750xx.o(.text)
    DMA2_Stream4_IRQHandler                  0x080002cb   Thumb Code     0  startup_stm32h750xx.o(.text)
    DMA2_Stream5_IRQHandler                  0x080002cb   Thumb Code     0  startup_stm32h750xx.o(.text)
    DMA2_Stream6_IRQHandler                  0x080002cb   Thumb Code     0  startup_stm32h750xx.o(.text)
    DMA2_Stream7_IRQHandler                  0x080002cb   Thumb Code     0  startup_stm32h750xx.o(.text)
    DMAMUX1_OVR_IRQHandler                   0x080002cb   Thumb Code     0  startup_stm32h750xx.o(.text)
    DMAMUX2_OVR_IRQHandler                   0x080002cb   Thumb Code     0  startup_stm32h750xx.o(.text)
    ECC_IRQHandler                           0x080002cb   Thumb Code     0  startup_stm32h750xx.o(.text)
    ETH_IRQHandler                           0x080002cb   Thumb Code     0  startup_stm32h750xx.o(.text)
    ETH_WKUP_IRQHandler                      0x080002cb   Thumb Code     0  startup_stm32h750xx.o(.text)
    EXTI0_IRQHandler                         0x080002cb   Thumb Code     0  startup_stm32h750xx.o(.text)
    EXTI15_10_IRQHandler                     0x080002cb   Thumb Code     0  startup_stm32h750xx.o(.text)
    EXTI1_IRQHandler                         0x080002cb   Thumb Code     0  startup_stm32h750xx.o(.text)
    EXTI2_IRQHandler                         0x080002cb   Thumb Code     0  startup_stm32h750xx.o(.text)
    EXTI3_IRQHandler                         0x080002cb   Thumb Code     0  startup_stm32h750xx.o(.text)
    EXTI4_IRQHandler                         0x080002cb   Thumb Code     0  startup_stm32h750xx.o(.text)
    EXTI9_5_IRQHandler                       0x080002cb   Thumb Code     0  startup_stm32h750xx.o(.text)
    FDCAN1_IT0_IRQHandler                    0x080002cb   Thumb Code     0  startup_stm32h750xx.o(.text)
    FDCAN1_IT1_IRQHandler                    0x080002cb   Thumb Code     0  startup_stm32h750xx.o(.text)
    FDCAN2_IT0_IRQHandler                    0x080002cb   Thumb Code     0  startup_stm32h750xx.o(.text)
    FDCAN2_IT1_IRQHandler                    0x080002cb   Thumb Code     0  startup_stm32h750xx.o(.text)
    FDCAN_CAL_IRQHandler                     0x080002cb   Thumb Code     0  startup_stm32h750xx.o(.text)
    FLASH_IRQHandler                         0x080002cb   Thumb Code     0  startup_stm32h750xx.o(.text)
    FMC_IRQHandler                           0x080002cb   Thumb Code     0  startup_stm32h750xx.o(.text)
    FPU_IRQHandler                           0x080002cb   Thumb Code     0  startup_stm32h750xx.o(.text)
    HASH_RNG_IRQHandler                      0x080002cb   Thumb Code     0  startup_stm32h750xx.o(.text)
    HRTIM1_FLT_IRQHandler                    0x080002cb   Thumb Code     0  startup_stm32h750xx.o(.text)
    HRTIM1_Master_IRQHandler                 0x080002cb   Thumb Code     0  startup_stm32h750xx.o(.text)
    HRTIM1_TIMA_IRQHandler                   0x080002cb   Thumb Code     0  startup_stm32h750xx.o(.text)
    HRTIM1_TIMB_IRQHandler                   0x080002cb   Thumb Code     0  startup_stm32h750xx.o(.text)
    HRTIM1_TIMC_IRQHandler                   0x080002cb   Thumb Code     0  startup_stm32h750xx.o(.text)
    HRTIM1_TIMD_IRQHandler                   0x080002cb   Thumb Code     0  startup_stm32h750xx.o(.text)
    HRTIM1_TIME_IRQHandler                   0x080002cb   Thumb Code     0  startup_stm32h750xx.o(.text)
    HSEM1_IRQHandler                         0x080002cb   Thumb Code     0  startup_stm32h750xx.o(.text)
    I2C1_ER_IRQHandler                       0x080002cb   Thumb Code     0  startup_stm32h750xx.o(.text)
    I2C1_EV_IRQHandler                       0x080002cb   Thumb Code     0  startup_stm32h750xx.o(.text)
    I2C2_ER_IRQHandler                       0x080002cb   Thumb Code     0  startup_stm32h750xx.o(.text)
    I2C2_EV_IRQHandler                       0x080002cb   Thumb Code     0  startup_stm32h750xx.o(.text)
    I2C3_ER_IRQHandler                       0x080002cb   Thumb Code     0  startup_stm32h750xx.o(.text)
    I2C3_EV_IRQHandler                       0x080002cb   Thumb Code     0  startup_stm32h750xx.o(.text)
    I2C4_ER_IRQHandler                       0x080002cb   Thumb Code     0  startup_stm32h750xx.o(.text)
    I2C4_EV_IRQHandler                       0x080002cb   Thumb Code     0  startup_stm32h750xx.o(.text)
    JPEG_IRQHandler                          0x080002cb   Thumb Code     0  startup_stm32h750xx.o(.text)
    LPTIM1_IRQHandler                        0x080002cb   Thumb Code     0  startup_stm32h750xx.o(.text)
    LPTIM2_IRQHandler                        0x080002cb   Thumb Code     0  startup_stm32h750xx.o(.text)
    LPTIM3_IRQHandler                        0x080002cb   Thumb Code     0  startup_stm32h750xx.o(.text)
    LPTIM4_IRQHandler                        0x080002cb   Thumb Code     0  startup_stm32h750xx.o(.text)
    LPTIM5_IRQHandler                        0x080002cb   Thumb Code     0  startup_stm32h750xx.o(.text)
    LPUART1_IRQHandler                       0x080002cb   Thumb Code     0  startup_stm32h750xx.o(.text)
    LTDC_ER_IRQHandler                       0x080002cb   Thumb Code     0  startup_stm32h750xx.o(.text)
    LTDC_IRQHandler                          0x080002cb   Thumb Code     0  startup_stm32h750xx.o(.text)
    MDIOS_IRQHandler                         0x080002cb   Thumb Code     0  startup_stm32h750xx.o(.text)
    MDIOS_WKUP_IRQHandler                    0x080002cb   Thumb Code     0  startup_stm32h750xx.o(.text)
    MDMA_IRQHandler                          0x080002cb   Thumb Code     0  startup_stm32h750xx.o(.text)
    OTG_FS_EP1_IN_IRQHandler                 0x080002cb   Thumb Code     0  startup_stm32h750xx.o(.text)
    OTG_FS_EP1_OUT_IRQHandler                0x080002cb   Thumb Code     0  startup_stm32h750xx.o(.text)
    OTG_FS_IRQHandler                        0x080002cb   Thumb Code     0  startup_stm32h750xx.o(.text)
    OTG_FS_WKUP_IRQHandler                   0x080002cb   Thumb Code     0  startup_stm32h750xx.o(.text)
    OTG_HS_EP1_IN_IRQHandler                 0x080002cb   Thumb Code     0  startup_stm32h750xx.o(.text)
    OTG_HS_EP1_OUT_IRQHandler                0x080002cb   Thumb Code     0  startup_stm32h750xx.o(.text)
    OTG_HS_IRQHandler                        0x080002cb   Thumb Code     0  startup_stm32h750xx.o(.text)
    OTG_HS_WKUP_IRQHandler                   0x080002cb   Thumb Code     0  startup_stm32h750xx.o(.text)
    PVD_AVD_IRQHandler                       0x080002cb   Thumb Code     0  startup_stm32h750xx.o(.text)
    QUADSPI_IRQHandler                       0x080002cb   Thumb Code     0  startup_stm32h750xx.o(.text)
    RCC_IRQHandler                           0x080002cb   Thumb Code     0  startup_stm32h750xx.o(.text)
    RTC_Alarm_IRQHandler                     0x080002cb   Thumb Code     0  startup_stm32h750xx.o(.text)
    RTC_WKUP_IRQHandler                      0x080002cb   Thumb Code     0  startup_stm32h750xx.o(.text)
    SAI1_IRQHandler                          0x080002cb   Thumb Code     0  startup_stm32h750xx.o(.text)
    SAI2_IRQHandler                          0x080002cb   Thumb Code     0  startup_stm32h750xx.o(.text)
    SAI3_IRQHandler                          0x080002cb   Thumb Code     0  startup_stm32h750xx.o(.text)
    SAI4_IRQHandler                          0x080002cb   Thumb Code     0  startup_stm32h750xx.o(.text)
    SDMMC1_IRQHandler                        0x080002cb   Thumb Code     0  startup_stm32h750xx.o(.text)
    SDMMC2_IRQHandler                        0x080002cb   Thumb Code     0  startup_stm32h750xx.o(.text)
    SPDIF_RX_IRQHandler                      0x080002cb   Thumb Code     0  startup_stm32h750xx.o(.text)
    SPI1_IRQHandler                          0x080002cb   Thumb Code     0  startup_stm32h750xx.o(.text)
    SPI2_IRQHandler                          0x080002cb   Thumb Code     0  startup_stm32h750xx.o(.text)
    SPI3_IRQHandler                          0x080002cb   Thumb Code     0  startup_stm32h750xx.o(.text)
    SPI4_IRQHandler                          0x080002cb   Thumb Code     0  startup_stm32h750xx.o(.text)
    SPI5_IRQHandler                          0x080002cb   Thumb Code     0  startup_stm32h750xx.o(.text)
    SPI6_IRQHandler                          0x080002cb   Thumb Code     0  startup_stm32h750xx.o(.text)
    SWPMI1_IRQHandler                        0x080002cb   Thumb Code     0  startup_stm32h750xx.o(.text)
    TAMP_STAMP_IRQHandler                    0x080002cb   Thumb Code     0  startup_stm32h750xx.o(.text)
    TIM15_IRQHandler                         0x080002cb   Thumb Code     0  startup_stm32h750xx.o(.text)
    TIM16_IRQHandler                         0x080002cb   Thumb Code     0  startup_stm32h750xx.o(.text)
    TIM17_IRQHandler                         0x080002cb   Thumb Code     0  startup_stm32h750xx.o(.text)
    TIM1_BRK_IRQHandler                      0x080002cb   Thumb Code     0  startup_stm32h750xx.o(.text)
    TIM1_CC_IRQHandler                       0x080002cb   Thumb Code     0  startup_stm32h750xx.o(.text)
    TIM1_TRG_COM_IRQHandler                  0x080002cb   Thumb Code     0  startup_stm32h750xx.o(.text)
    TIM3_IRQHandler                          0x080002cb   Thumb Code     0  startup_stm32h750xx.o(.text)
    TIM4_IRQHandler                          0x080002cb   Thumb Code     0  startup_stm32h750xx.o(.text)
    TIM5_IRQHandler                          0x080002cb   Thumb Code     0  startup_stm32h750xx.o(.text)
    TIM6_DAC_IRQHandler                      0x080002cb   Thumb Code     0  startup_stm32h750xx.o(.text)
    TIM7_IRQHandler                          0x080002cb   Thumb Code     0  startup_stm32h750xx.o(.text)
    TIM8_BRK_TIM12_IRQHandler                0x080002cb   Thumb Code     0  startup_stm32h750xx.o(.text)
    TIM8_CC_IRQHandler                       0x080002cb   Thumb Code     0  startup_stm32h750xx.o(.text)
    TIM8_TRG_COM_TIM14_IRQHandler            0x080002cb   Thumb Code     0  startup_stm32h750xx.o(.text)
    TIM8_UP_TIM13_IRQHandler                 0x080002cb   Thumb Code     0  startup_stm32h750xx.o(.text)
    UART4_IRQHandler                         0x080002cb   Thumb Code     0  startup_stm32h750xx.o(.text)
    UART5_IRQHandler                         0x080002cb   Thumb Code     0  startup_stm32h750xx.o(.text)
    UART7_IRQHandler                         0x080002cb   Thumb Code     0  startup_stm32h750xx.o(.text)
    UART8_IRQHandler                         0x080002cb   Thumb Code     0  startup_stm32h750xx.o(.text)
    USART2_IRQHandler                        0x080002cb   Thumb Code     0  startup_stm32h750xx.o(.text)
    USART3_IRQHandler                        0x080002cb   Thumb Code     0  startup_stm32h750xx.o(.text)
    USART6_IRQHandler                        0x080002cb   Thumb Code     0  startup_stm32h750xx.o(.text)
    WAKEUP_PIN_IRQHandler                    0x080002cb   Thumb Code     0  startup_stm32h750xx.o(.text)
    WWDG_IRQHandler                          0x080002cb   Thumb Code     0  startup_stm32h750xx.o(.text)
    __aeabi_uldivmod                         0x080002d5   Thumb Code    98  uldiv.o(.text)
    __aeabi_llsl                             0x08000337   Thumb Code    30  llshl.o(.text)
    _ll_shift_l                              0x08000337   Thumb Code     0  llshl.o(.text)
    __aeabi_lasr                             0x08000355   Thumb Code    36  llsshr.o(.text)
    _ll_sshift_r                             0x08000355   Thumb Code     0  llsshr.o(.text)
    __aeabi_memset                           0x08000379   Thumb Code    14  memseta.o(.text)
    __aeabi_memset4                          0x08000379   Thumb Code     0  memseta.o(.text)
    __aeabi_memset8                          0x08000379   Thumb Code     0  memseta.o(.text)
    __aeabi_memclr                           0x08000387   Thumb Code     4  memseta.o(.text)
    __aeabi_memclr4                          0x08000387   Thumb Code     0  memseta.o(.text)
    __aeabi_memclr8                          0x08000387   Thumb Code     0  memseta.o(.text)
    _memset$wrapper                          0x0800038b   Thumb Code    18  memseta.o(.text)
    __aeabi_uidiv                            0x0800039d   Thumb Code     0  uidiv.o(.text)
    __aeabi_uidivmod                         0x0800039d   Thumb Code    44  uidiv.o(.text)
    __aeabi_llsr                             0x080003c9   Thumb Code    32  llushr.o(.text)
    _ll_ushift_r                             0x080003c9   Thumb Code     0  llushr.o(.text)
    __I$use$fp                               0x080003e9   Thumb Code     0  iusefp.o(.text)
    __aeabi_dadd                             0x080003e9   Thumb Code   322  dadd.o(.text)
    __aeabi_dsub                             0x0800052b   Thumb Code     6  dadd.o(.text)
    __aeabi_drsub                            0x08000531   Thumb Code     6  dadd.o(.text)
    __aeabi_dmul                             0x08000537   Thumb Code   228  dmul.o(.text)
    __aeabi_ddiv                             0x0800061b   Thumb Code   222  ddiv.o(.text)
    __aeabi_d2ulz                            0x080006f9   Thumb Code    48  dfixul.o(.text)
    __aeabi_cdrcmple                         0x08000729   Thumb Code    48  cdrcmple.o(.text)
    __scatterload                            0x08000759   Thumb Code    28  init.o(.text)
    __scatterload_rt2                        0x08000759   Thumb Code     0  init.o(.text)
    _double_round                            0x0800077d   Thumb Code    30  depilogue.o(.text)
    _double_epilogue                         0x0800079b   Thumb Code   156  depilogue.o(.text)
    ADS8688_IO_Init                          0x08000839   Thumb Code    34  ads8688.o(i.ADS8688_IO_Init)
    ADS8688_Init                             0x08000869   Thumb Code    64  ads8688.o(i.ADS8688_Init)
    ADS8688_ReadReg                          0x080008a9   Thumb Code    32  ads8688.o(i.ADS8688_ReadReg)
    ADS8688_SPI_Read8Bit                     0x080008cd   Thumb Code    40  ads8688.o(i.ADS8688_SPI_Read8Bit)
    ADS8688_SPI_Write8Bit                    0x080008f9   Thumb Code    46  ads8688.o(i.ADS8688_SPI_Write8Bit)
    ADS8688_WriteCmd                         0x08000931   Thumb Code    42  ads8688.o(i.ADS8688_WriteCmd)
    ADS8688_WriteReg                         0x08000961   Thumb Code    36  ads8688.o(i.ADS8688_WriteReg)
    BusFault_Handler                         0x08000989   Thumb Code     2  stm32h7xx_it.o(i.BusFault_Handler)
    DebugMon_Handler                         0x0800098b   Thumb Code     2  stm32h7xx_it.o(i.DebugMon_Handler)
    Error_Handler                            0x0800098d   Thumb Code     4  main.o(i.Error_Handler)
    Get_MAN_CH_Mode_Data                     0x08000991   Thumb Code    42  ads8688.o(i.Get_MAN_CH_Mode_Data)
    HAL_DMA_Abort                            0x080009c1   Thumb Code   840  stm32h7xx_hal_dma.o(i.HAL_DMA_Abort)
    HAL_DMA_Abort_IT                         0x08000d25   Thumb Code   602  stm32h7xx_hal_dma.o(i.HAL_DMA_Abort_IT)
    HAL_Delay                                0x08000fa9   Thumb Code    32  stm32h7xx_hal.o(i.HAL_Delay)
    HAL_GPIO_Init                            0x08000fcd   Thumb Code   510  stm32h7xx_hal_gpio.o(i.HAL_GPIO_Init)
    HAL_GPIO_TogglePin                       0x080011fd   Thumb Code    16  stm32h7xx_hal_gpio.o(i.HAL_GPIO_TogglePin)
    HAL_GPIO_WritePin                        0x0800120d   Thumb Code    10  stm32h7xx_hal_gpio.o(i.HAL_GPIO_WritePin)
    HAL_GetREVID                             0x08001219   Thumb Code     8  stm32h7xx_hal.o(i.HAL_GetREVID)
    HAL_GetTick                              0x08001225   Thumb Code     6  stm32h7xx_hal.o(i.HAL_GetTick)
    HAL_IncTick                              0x08001231   Thumb Code    12  stm32h7xx_hal.o(i.HAL_IncTick)
    HAL_Init                                 0x08001241   Thumb Code    74  stm32h7xx_hal.o(i.HAL_Init)
    HAL_InitTick                             0x0800129d   Thumb Code    56  stm32h7xx_hal.o(i.HAL_InitTick)
    HAL_MspInit                              0x080012dd   Thumb Code    22  stm32h7xx_hal_msp.o(i.HAL_MspInit)
    HAL_NVIC_EnableIRQ                       0x080012f9   Thumb Code    26  stm32h7xx_hal_cortex.o(i.HAL_NVIC_EnableIRQ)
    HAL_NVIC_SetPriority                     0x08001315   Thumb Code    60  stm32h7xx_hal_cortex.o(i.HAL_NVIC_SetPriority)
    HAL_NVIC_SetPriorityGrouping             0x08001355   Thumb Code    28  stm32h7xx_hal_cortex.o(i.HAL_NVIC_SetPriorityGrouping)
    HAL_PWREx_ConfigSupply                   0x08001379   Thumb Code    78  stm32h7xx_hal_pwr_ex.o(i.HAL_PWREx_ConfigSupply)
    HAL_RCCEx_GetD3PCLK1Freq                 0x080013cd   Thumb Code    26  stm32h7xx_hal_rcc_ex.o(i.HAL_RCCEx_GetD3PCLK1Freq)
    HAL_RCCEx_GetPLL2ClockFreq               0x080013f1   Thumb Code   296  stm32h7xx_hal_rcc_ex.o(i.HAL_RCCEx_GetPLL2ClockFreq)
    HAL_RCCEx_GetPLL3ClockFreq               0x08001535   Thumb Code   296  stm32h7xx_hal_rcc_ex.o(i.HAL_RCCEx_GetPLL3ClockFreq)
    HAL_RCCEx_PeriphCLKConfig                0x08001679   Thumb Code  2258  stm32h7xx_hal_rcc_ex.o(i.HAL_RCCEx_PeriphCLKConfig)
    HAL_RCC_ClockConfig                      0x08001f4d   Thumb Code   580  stm32h7xx_hal_rcc.o(i.HAL_RCC_ClockConfig)
    HAL_RCC_GetHCLKFreq                      0x080021a9   Thumb Code    52  stm32h7xx_hal_rcc.o(i.HAL_RCC_GetHCLKFreq)
    HAL_RCC_GetPCLK1Freq                     0x080021ed   Thumb Code    26  stm32h7xx_hal_rcc.o(i.HAL_RCC_GetPCLK1Freq)
    HAL_RCC_GetPCLK2Freq                     0x08002211   Thumb Code    26  stm32h7xx_hal_rcc.o(i.HAL_RCC_GetPCLK2Freq)
    HAL_RCC_GetSysClockFreq                  0x08002235   Thumb Code   278  stm32h7xx_hal_rcc.o(i.HAL_RCC_GetSysClockFreq)
    HAL_RCC_OscConfig                        0x0800236d   Thumb Code  1282  stm32h7xx_hal_rcc.o(i.HAL_RCC_OscConfig)
    HAL_SYSTICK_Config                       0x08002875   Thumb Code    38  stm32h7xx_hal_cortex.o(i.HAL_SYSTICK_Config)
    HAL_TIMEx_Break2Callback                 0x0800289b   Thumb Code     2  stm32h7xx_hal_tim_ex.o(i.HAL_TIMEx_Break2Callback)
    HAL_TIMEx_BreakCallback                  0x0800289d   Thumb Code     2  stm32h7xx_hal_tim_ex.o(i.HAL_TIMEx_BreakCallback)
    HAL_TIMEx_CommutCallback                 0x0800289f   Thumb Code     2  stm32h7xx_hal_tim_ex.o(i.HAL_TIMEx_CommutCallback)
    HAL_TIMEx_MasterConfigSynchronization    0x080028a1   Thumb Code   128  stm32h7xx_hal_tim_ex.o(i.HAL_TIMEx_MasterConfigSynchronization)
    HAL_TIM_Base_Init                        0x08002939   Thumb Code    98  stm32h7xx_hal_tim.o(i.HAL_TIM_Base_Init)
    HAL_TIM_Base_MspInit                     0x0800299d   Thumb Code    90  tim.o(i.HAL_TIM_Base_MspInit)
    HAL_TIM_Base_Start_IT                    0x08002a01   Thumb Code   100  stm32h7xx_hal_tim.o(i.HAL_TIM_Base_Start_IT)
    HAL_TIM_Base_Stop_IT                     0x08002a81   Thumb Code    48  stm32h7xx_hal_tim.o(i.HAL_TIM_Base_Stop_IT)
    HAL_TIM_ConfigClockSource                0x08002ab1   Thumb Code   242  stm32h7xx_hal_tim.o(i.HAL_TIM_ConfigClockSource)
    HAL_TIM_IC_CaptureCallback               0x08002ba9   Thumb Code     2  stm32h7xx_hal_tim.o(i.HAL_TIM_IC_CaptureCallback)
    HAL_TIM_IRQHandler                       0x08002bab   Thumb Code   386  stm32h7xx_hal_tim.o(i.HAL_TIM_IRQHandler)
    HAL_TIM_OC_DelayElapsedCallback          0x08002d2d   Thumb Code     2  stm32h7xx_hal_tim.o(i.HAL_TIM_OC_DelayElapsedCallback)
    HAL_TIM_PWM_PulseFinishedCallback        0x08002d2f   Thumb Code     2  stm32h7xx_hal_tim.o(i.HAL_TIM_PWM_PulseFinishedCallback)
    HAL_TIM_PeriodElapsedCallback            0x08002d31   Thumb Code   108  main.o(i.HAL_TIM_PeriodElapsedCallback)
    HAL_TIM_TriggerCallback                  0x08002dcd   Thumb Code     2  stm32h7xx_hal_tim.o(i.HAL_TIM_TriggerCallback)
    HAL_UARTEx_DisableFifoMode               0x08002dcf   Thumb Code    64  stm32h7xx_hal_uart_ex.o(i.HAL_UARTEx_DisableFifoMode)
    HAL_UARTEx_RxEventCallback               0x08002e0f   Thumb Code     2  stm32h7xx_hal_uart.o(i.HAL_UARTEx_RxEventCallback)
    HAL_UARTEx_RxFifoFullCallback            0x08002e11   Thumb Code     2  stm32h7xx_hal_uart_ex.o(i.HAL_UARTEx_RxFifoFullCallback)
    HAL_UARTEx_SetRxFifoThreshold            0x08002e13   Thumb Code    76  stm32h7xx_hal_uart_ex.o(i.HAL_UARTEx_SetRxFifoThreshold)
    HAL_UARTEx_SetTxFifoThreshold            0x08002e5f   Thumb Code    76  stm32h7xx_hal_uart_ex.o(i.HAL_UARTEx_SetTxFifoThreshold)
    HAL_UARTEx_TxFifoEmptyCallback           0x08002eab   Thumb Code     2  stm32h7xx_hal_uart_ex.o(i.HAL_UARTEx_TxFifoEmptyCallback)
    HAL_UARTEx_WakeupCallback                0x08002ead   Thumb Code     2  stm32h7xx_hal_uart_ex.o(i.HAL_UARTEx_WakeupCallback)
    HAL_UART_ErrorCallback                   0x08002eaf   Thumb Code     2  stm32h7xx_hal_uart.o(i.HAL_UART_ErrorCallback)
    HAL_UART_IRQHandler                      0x08002eb1   Thumb Code   746  stm32h7xx_hal_uart.o(i.HAL_UART_IRQHandler)
    HAL_UART_Init                            0x080031b5   Thumb Code   106  stm32h7xx_hal_uart.o(i.HAL_UART_Init)
    HAL_UART_MspInit                         0x08003221   Thumb Code   134  usart.o(i.HAL_UART_MspInit)
    HAL_UART_Receive_IT                      0x080032b5   Thumb Code    70  stm32h7xx_hal_uart.o(i.HAL_UART_Receive_IT)
    HAL_UART_RxCpltCallback                  0x08003301   Thumb Code     2  stm32h7xx_hal_uart.o(i.HAL_UART_RxCpltCallback)
    HAL_UART_Transmit                        0x08003303   Thumb Code   190  stm32h7xx_hal_uart.o(i.HAL_UART_Transmit)
    HAL_UART_TxCpltCallback                  0x080033c1   Thumb Code     2  stm32h7xx_hal_uart.o(i.HAL_UART_TxCpltCallback)
    HardFault_Handler                        0x080033c3   Thumb Code     2  stm32h7xx_it.o(i.HardFault_Handler)
    MAN_CH_Mode                              0x080033c5   Thumb Code     4  ads8688.o(i.MAN_CH_Mode)
    MX_GPIO_Init                             0x080033c9   Thumb Code   246  gpio.o(i.MX_GPIO_Init)
    MX_TIM1_Init                             0x080034d5   Thumb Code   102  tim.o(i.MX_TIM1_Init)
    MX_TIM2_Init                             0x08003545   Thumb Code    96  tim.o(i.MX_TIM2_Init)
    MX_USART1_UART_Init                      0x080035a9   Thumb Code   116  usart.o(i.MX_USART1_UART_Init)
    MemManage_Handler                        0x0800362d   Thumb Code     2  stm32h7xx_it.o(i.MemManage_Handler)
    NMI_Handler                              0x0800362f   Thumb Code     2  stm32h7xx_it.o(i.NMI_Handler)
    PendSV_Handler                           0x08003631   Thumb Code     2  stm32h7xx_it.o(i.PendSV_Handler)
    SVC_Handler                              0x08003875   Thumb Code     2  stm32h7xx_it.o(i.SVC_Handler)
    Set_Auto_Scan_Sequence                   0x08003877   Thumb Code     8  ads8688.o(i.Set_Auto_Scan_Sequence)
    Set_CH_Range                             0x0800387f   Thumb Code     4  ads8688.o(i.Set_CH_Range)
    SysTick_Handler                          0x08003883   Thumb Code     4  stm32h7xx_it.o(i.SysTick_Handler)
    SystemClock_Config                       0x08003889   Thumb Code   156  main.o(i.SystemClock_Config)
    SystemInit                               0x0800392d   Thumb Code   188  system_stm32h7xx.o(i.SystemInit)
    TIM1_UP_IRQHandler                       0x08003a11   Thumb Code     6  stm32h7xx_it.o(i.TIM1_UP_IRQHandler)
    TIM2_IRQHandler                          0x08003a1d   Thumb Code     6  stm32h7xx_it.o(i.TIM2_IRQHandler)
    TIM_Base_SetConfig                       0x08003a29   Thumb Code   162  stm32h7xx_hal_tim.o(i.TIM_Base_SetConfig)
    TIM_ETR_SetConfig                        0x08003aed   Thumb Code    18  stm32h7xx_hal_tim.o(i.TIM_ETR_SetConfig)
    UART_AdvFeatureConfig                    0x08003ba1   Thumb Code   200  stm32h7xx_hal_uart.o(i.UART_AdvFeatureConfig)
    UART_CheckIdleState                      0x08003c69   Thumb Code    96  stm32h7xx_hal_uart.o(i.UART_CheckIdleState)
    UART_SetConfig                           0x080040a5   Thumb Code   876  stm32h7xx_hal_uart.o(i.UART_SetConfig)
    UART_Start_Receive_IT                    0x08004451   Thumb Code   198  stm32h7xx_hal_uart.o(i.UART_Start_Receive_IT)
    UART_WaitOnFlagUntilTimeout              0x08004529   Thumb Code   164  stm32h7xx_hal_uart.o(i.UART_WaitOnFlagUntilTimeout)
    USART1_IRQHandler                        0x080045cd   Thumb Code    42  stm32h7xx_it.o(i.USART1_IRQHandler)
    USER_UART_IDLECallback                   0x08004601   Thumb Code    64  usart.o(i.USER_UART_IDLECallback)
    UsageFault_Handler                       0x08004649   Thumb Code     2  stm32h7xx_it.o(i.UsageFault_Handler)
    __0printf                                0x0800464d   Thumb Code    22  printfa.o(i.__0printf)
    __1printf                                0x0800464d   Thumb Code     0  printfa.o(i.__0printf)
    __2printf                                0x0800464d   Thumb Code     0  printfa.o(i.__0printf)
    __c89printf                              0x0800464d   Thumb Code     0  printfa.o(i.__0printf)
    printf                                   0x0800464d   Thumb Code     0  printfa.o(i.__0printf)
    __scatterload_copy                       0x0800468f   Thumb Code    14  handlers.o(i.__scatterload_copy)
    __scatterload_null                       0x0800469d   Thumb Code     2  handlers.o(i.__scatterload_null)
    __scatterload_zeroinit                   0x0800469f   Thumb Code    14  handlers.o(i.__scatterload_zeroinit)
    fputc                                    0x08004f39   Thumb Code    20  usart.o(i.fputc)
    main                                     0x08004f51   Thumb Code   298  main.o(i.main)
    UARTPrescTable                           0x080050b0   Data          24  stm32h7xx_hal_uart.o(.constdata)
    D1CorePrescTable                         0x080050d8   Data          16  system_stm32h7xx.o(.constdata)
    Region$$Table$$Base                      0x080050e8   Number         0  anon$$obj.o(Region$$Table)
    Region$$Table$$Limit                     0x08005108   Number         0  anon$$obj.o(Region$$Table)
    i                                        0x24000000   Data           4  main.o(.data)
    gs_uart_buffer                           0x24000004   Data           8  usart.o(.data)
    uwTickFreq                               0x2400000c   Data           1  stm32h7xx_hal.o(.data)
    uwTickPrio                               0x24000010   Data           4  stm32h7xx_hal.o(.data)
    uwTick                                   0x24000014   Data           4  stm32h7xx_hal.o(.data)
    SystemCoreClock                          0x24000018   Data           4  system_stm32h7xx.o(.data)
    SystemD2Clock                            0x2400001c   Data           4  system_stm32h7xx.o(.data)
    __stdout                                 0x24000020   Data           4  stdout.o(.data)
    value                                    0x24000024   Data       20000  main.o(.bss)
    htim1                                    0x24004e44   Data          76  tim.o(.bss)
    htim2                                    0x24004e90   Data          76  tim.o(.bss)
    RX_BUFF                                  0x24004edc   Data        5000  usart.o(.bss)
    huart1                                   0x24006264   Data         144  usart.o(.bss)
    __initial_sp                             0x240066f8   Data           0  startup_stm32h750xx.o(STACK)



==============================================================================

Memory Map of the image

  Image Entry point : 0x08000299

  Load Region LR_IROM1 (Base: 0x08000000, Size: 0x0000512c, Max: 0x00020000, ABSOLUTE)

    Execution Region ER_IROM1 (Exec base: 0x08000000, Load base: 0x08000000, Size: 0x00005108, Max: 0x00020000, ABSOLUTE)

    Exec Addr    Load Addr    Size         Type   Attr      Idx    E Section Name        Object

    0x08000000   0x08000000   0x00000298   Data   RO            3    RESET               startup_stm32h750xx.o
    0x08000298   0x08000298   0x00000000   Code   RO         9598  * .ARM.Collect$$$$00000000  mc_w.l(entry.o)
    0x08000298   0x08000298   0x00000004   Code   RO         9911    .ARM.Collect$$$$00000001  mc_w.l(entry2.o)
    0x0800029c   0x0800029c   0x00000004   Code   RO         9914    .ARM.Collect$$$$00000004  mc_w.l(entry5.o)
    0x080002a0   0x080002a0   0x00000000   Code   RO         9916    .ARM.Collect$$$$00000008  mc_w.l(entry7b.o)
    0x080002a0   0x080002a0   0x00000000   Code   RO         9918    .ARM.Collect$$$$0000000A  mc_w.l(entry8b.o)
    0x080002a0   0x080002a0   0x00000008   Code   RO         9919    .ARM.Collect$$$$0000000B  mc_w.l(entry9a.o)
    0x080002a8   0x080002a8   0x00000004   Code   RO         9926    .ARM.Collect$$$$0000000E  mc_w.l(entry12b.o)
    0x080002ac   0x080002ac   0x00000000   Code   RO         9921    .ARM.Collect$$$$0000000F  mc_w.l(entry10a.o)
    0x080002ac   0x080002ac   0x00000000   Code   RO         9923    .ARM.Collect$$$$00000011  mc_w.l(entry11a.o)
    0x080002ac   0x080002ac   0x00000004   Code   RO         9912    .ARM.Collect$$$$00002712  mc_w.l(entry2.o)
    0x080002b0   0x080002b0   0x00000024   Code   RO            4    .text               startup_stm32h750xx.o
    0x080002d4   0x080002d4   0x00000062   Code   RO         9601    .text               mc_w.l(uldiv.o)
    0x08000336   0x08000336   0x0000001e   Code   RO         9605    .text               mc_w.l(llshl.o)
    0x08000354   0x08000354   0x00000024   Code   RO         9607    .text               mc_w.l(llsshr.o)
    0x08000378   0x08000378   0x00000024   Code   RO         9611    .text               mc_w.l(memseta.o)
    0x0800039c   0x0800039c   0x0000002c   Code   RO         9928    .text               mc_w.l(uidiv.o)
    0x080003c8   0x080003c8   0x00000020   Code   RO         9930    .text               mc_w.l(llushr.o)
    0x080003e8   0x080003e8   0x00000000   Code   RO         9939    .text               mc_w.l(iusefp.o)
    0x080003e8   0x080003e8   0x0000014e   Code   RO         9940    .text               mf_w.l(dadd.o)
    0x08000536   0x08000536   0x000000e4   Code   RO         9942    .text               mf_w.l(dmul.o)
    0x0800061a   0x0800061a   0x000000de   Code   RO         9944    .text               mf_w.l(ddiv.o)
    0x080006f8   0x080006f8   0x00000030   Code   RO         9946    .text               mf_w.l(dfixul.o)
    0x08000728   0x08000728   0x00000030   Code   RO         9948    .text               mf_w.l(cdrcmple.o)
    0x08000758   0x08000758   0x00000024   Code   RO         9952    .text               mc_w.l(init.o)
    0x0800077c   0x0800077c   0x000000ba   Code   RO         9954    .text               mf_w.l(depilogue.o)
    0x08000836   0x08000836   0x00000002   PAD
    0x08000838   0x08000838   0x00000030   Code   RO           13    i.ADS8688_IO_Init   ads8688.o
    0x08000868   0x08000868   0x00000040   Code   RO           14    i.ADS8688_Init      ads8688.o
    0x080008a8   0x080008a8   0x00000024   Code   RO           15    i.ADS8688_ReadReg   ads8688.o
    0x080008cc   0x080008cc   0x0000002c   Code   RO           16    i.ADS8688_SPI_Read8Bit  ads8688.o
    0x080008f8   0x080008f8   0x00000038   Code   RO           17    i.ADS8688_SPI_Write8Bit  ads8688.o
    0x08000930   0x08000930   0x00000030   Code   RO           18    i.ADS8688_WriteCmd  ads8688.o
    0x08000960   0x08000960   0x00000028   Code   RO           19    i.ADS8688_WriteReg  ads8688.o
    0x08000988   0x08000988   0x00000002   Code   RO          508    i.BusFault_Handler  stm32h7xx_it.o
    0x0800098a   0x0800098a   0x00000002   Code   RO          509    i.DebugMon_Handler  stm32h7xx_it.o
    0x0800098c   0x0800098c   0x00000004   Code   RO          229    i.Error_Handler     main.o
    0x08000990   0x08000990   0x00000030   Code   RO           22    i.Get_MAN_CH_Mode_Data  ads8688.o
    0x080009c0   0x080009c0   0x00000364   Code   RO         1392    i.HAL_DMA_Abort     stm32h7xx_hal_dma.o
    0x08000d24   0x08000d24   0x00000284   Code   RO         1393    i.HAL_DMA_Abort_IT  stm32h7xx_hal_dma.o
    0x08000fa8   0x08000fa8   0x00000024   Code   RO         2101    i.HAL_Delay         stm32h7xx_hal.o
    0x08000fcc   0x08000fcc   0x00000230   Code   RO         1240    i.HAL_GPIO_Init     stm32h7xx_hal_gpio.o
    0x080011fc   0x080011fc   0x00000010   Code   RO         1243    i.HAL_GPIO_TogglePin  stm32h7xx_hal_gpio.o
    0x0800120c   0x0800120c   0x0000000a   Code   RO         1244    i.HAL_GPIO_WritePin  stm32h7xx_hal_gpio.o
    0x08001216   0x08001216   0x00000002   PAD
    0x08001218   0x08001218   0x0000000c   Code   RO         2112    i.HAL_GetREVID      stm32h7xx_hal.o
    0x08001224   0x08001224   0x0000000c   Code   RO         2113    i.HAL_GetTick       stm32h7xx_hal.o
    0x08001230   0x08001230   0x00000010   Code   RO         2119    i.HAL_IncTick       stm32h7xx_hal.o
    0x08001240   0x08001240   0x0000005c   Code   RO         2120    i.HAL_Init          stm32h7xx_hal.o
    0x0800129c   0x0800129c   0x00000040   Code   RO         2121    i.HAL_InitTick      stm32h7xx_hal.o
    0x080012dc   0x080012dc   0x0000001c   Code   RO          602    i.HAL_MspInit       stm32h7xx_hal_msp.o
    0x080012f8   0x080012f8   0x0000001a   Code   RO          632    i.HAL_NVIC_EnableIRQ  stm32h7xx_hal_cortex.o
    0x08001312   0x08001312   0x00000002   PAD
    0x08001314   0x08001314   0x00000040   Code   RO          638    i.HAL_NVIC_SetPriority  stm32h7xx_hal_cortex.o
    0x08001354   0x08001354   0x00000024   Code   RO          639    i.HAL_NVIC_SetPriorityGrouping  stm32h7xx_hal_cortex.o
    0x08001378   0x08001378   0x00000054   Code   RO         1841    i.HAL_PWREx_ConfigSupply  stm32h7xx_hal_pwr_ex.o
    0x080013cc   0x080013cc   0x00000024   Code   RO          883    i.HAL_RCCEx_GetD3PCLK1Freq  stm32h7xx_hal_rcc_ex.o
    0x080013f0   0x080013f0   0x00000144   Code   RO          885    i.HAL_RCCEx_GetPLL2ClockFreq  stm32h7xx_hal_rcc_ex.o
    0x08001534   0x08001534   0x00000144   Code   RO          886    i.HAL_RCCEx_GetPLL3ClockFreq  stm32h7xx_hal_rcc_ex.o
    0x08001678   0x08001678   0x000008d2   Code   RO          892    i.HAL_RCCEx_PeriphCLKConfig  stm32h7xx_hal_rcc_ex.o
    0x08001f4a   0x08001f4a   0x00000002   PAD
    0x08001f4c   0x08001f4c   0x0000025c   Code   RO          768    i.HAL_RCC_ClockConfig  stm32h7xx_hal_rcc.o
    0x080021a8   0x080021a8   0x00000044   Code   RO          773    i.HAL_RCC_GetHCLKFreq  stm32h7xx_hal_rcc.o
    0x080021ec   0x080021ec   0x00000024   Code   RO          775    i.HAL_RCC_GetPCLK1Freq  stm32h7xx_hal_rcc.o
    0x08002210   0x08002210   0x00000024   Code   RO          776    i.HAL_RCC_GetPCLK2Freq  stm32h7xx_hal_rcc.o
    0x08002234   0x08002234   0x00000138   Code   RO          777    i.HAL_RCC_GetSysClockFreq  stm32h7xx_hal_rcc.o
    0x0800236c   0x0800236c   0x00000508   Code   RO          780    i.HAL_RCC_OscConfig  stm32h7xx_hal_rcc.o
    0x08002874   0x08002874   0x00000026   Code   RO          643    i.HAL_SYSTICK_Config  stm32h7xx_hal_cortex.o
    0x0800289a   0x0800289a   0x00000002   Code   RO         3710    i.HAL_TIMEx_Break2Callback  stm32h7xx_hal_tim_ex.o
    0x0800289c   0x0800289c   0x00000002   Code   RO         3711    i.HAL_TIMEx_BreakCallback  stm32h7xx_hal_tim_ex.o
    0x0800289e   0x0800289e   0x00000002   Code   RO         3712    i.HAL_TIMEx_CommutCallback  stm32h7xx_hal_tim_ex.o
    0x080028a0   0x080028a0   0x00000098   Code   RO         3732    i.HAL_TIMEx_MasterConfigSynchronization  stm32h7xx_hal_tim_ex.o
    0x08002938   0x08002938   0x00000062   Code   RO         2996    i.HAL_TIM_Base_Init  stm32h7xx_hal_tim.o
    0x0800299a   0x0800299a   0x00000002   PAD
    0x0800299c   0x0800299c   0x00000064   Code   RO          396    i.HAL_TIM_Base_MspInit  tim.o
    0x08002a00   0x08002a00   0x00000080   Code   RO         3001    i.HAL_TIM_Base_Start_IT  stm32h7xx_hal_tim.o
    0x08002a80   0x08002a80   0x00000030   Code   RO         3004    i.HAL_TIM_Base_Stop_IT  stm32h7xx_hal_tim.o
    0x08002ab0   0x08002ab0   0x000000f8   Code   RO         3005    i.HAL_TIM_ConfigClockSource  stm32h7xx_hal_tim.o
    0x08002ba8   0x08002ba8   0x00000002   Code   RO         3030    i.HAL_TIM_IC_CaptureCallback  stm32h7xx_hal_tim.o
    0x08002baa   0x08002baa   0x00000182   Code   RO         3044    i.HAL_TIM_IRQHandler  stm32h7xx_hal_tim.o
    0x08002d2c   0x08002d2c   0x00000002   Code   RO         3047    i.HAL_TIM_OC_DelayElapsedCallback  stm32h7xx_hal_tim.o
    0x08002d2e   0x08002d2e   0x00000002   Code   RO         3074    i.HAL_TIM_PWM_PulseFinishedCallback  stm32h7xx_hal_tim.o
    0x08002d30   0x08002d30   0x0000009c   Code   RO          230    i.HAL_TIM_PeriodElapsedCallback  main.o
    0x08002dcc   0x08002dcc   0x00000002   Code   RO         3087    i.HAL_TIM_TriggerCallback  stm32h7xx_hal_tim.o
    0x08002dce   0x08002dce   0x00000040   Code   RO         4421    i.HAL_UARTEx_DisableFifoMode  stm32h7xx_hal_uart_ex.o
    0x08002e0e   0x08002e0e   0x00000002   Code   RO         4010    i.HAL_UARTEx_RxEventCallback  stm32h7xx_hal_uart.o
    0x08002e10   0x08002e10   0x00000002   Code   RO         4428    i.HAL_UARTEx_RxFifoFullCallback  stm32h7xx_hal_uart_ex.o
    0x08002e12   0x08002e12   0x0000004c   Code   RO         4429    i.HAL_UARTEx_SetRxFifoThreshold  stm32h7xx_hal_uart_ex.o
    0x08002e5e   0x08002e5e   0x0000004c   Code   RO         4430    i.HAL_UARTEx_SetTxFifoThreshold  stm32h7xx_hal_uart_ex.o
    0x08002eaa   0x08002eaa   0x00000002   Code   RO         4432    i.HAL_UARTEx_TxFifoEmptyCallback  stm32h7xx_hal_uart_ex.o
    0x08002eac   0x08002eac   0x00000002   Code   RO         4433    i.HAL_UARTEx_WakeupCallback  stm32h7xx_hal_uart_ex.o
    0x08002eae   0x08002eae   0x00000002   Code   RO         4026    i.HAL_UART_ErrorCallback  stm32h7xx_hal_uart.o
    0x08002eb0   0x08002eb0   0x00000304   Code   RO         4029    i.HAL_UART_IRQHandler  stm32h7xx_hal_uart.o
    0x080031b4   0x080031b4   0x0000006a   Code   RO         4030    i.HAL_UART_Init     stm32h7xx_hal_uart.o
    0x0800321e   0x0800321e   0x00000002   PAD
    0x08003220   0x08003220   0x00000094   Code   RO          444    i.HAL_UART_MspInit  usart.o
    0x080032b4   0x080032b4   0x0000004c   Code   RO         4035    i.HAL_UART_Receive_IT  stm32h7xx_hal_uart.o
    0x08003300   0x08003300   0x00000002   Code   RO         4037    i.HAL_UART_RxCpltCallback  stm32h7xx_hal_uart.o
    0x08003302   0x08003302   0x000000be   Code   RO         4039    i.HAL_UART_Transmit  stm32h7xx_hal_uart.o
    0x080033c0   0x080033c0   0x00000002   Code   RO         4042    i.HAL_UART_TxCpltCallback  stm32h7xx_hal_uart.o
    0x080033c2   0x080033c2   0x00000002   Code   RO          510    i.HardFault_Handler  stm32h7xx_it.o
    0x080033c4   0x080033c4   0x00000004   Code   RO           23    i.MAN_CH_Mode       ads8688.o
    0x080033c8   0x080033c8   0x0000010c   Code   RO          371    i.MX_GPIO_Init      gpio.o
    0x080034d4   0x080034d4   0x00000070   Code   RO          397    i.MX_TIM1_Init      tim.o
    0x08003544   0x08003544   0x00000064   Code   RO          398    i.MX_TIM2_Init      tim.o
    0x080035a8   0x080035a8   0x00000084   Code   RO          445    i.MX_USART1_UART_Init  usart.o
    0x0800362c   0x0800362c   0x00000002   Code   RO          511    i.MemManage_Handler  stm32h7xx_it.o
    0x0800362e   0x0800362e   0x00000002   Code   RO          512    i.NMI_Handler       stm32h7xx_it.o
    0x08003630   0x08003630   0x00000002   Code   RO          513    i.PendSV_Handler    stm32h7xx_it.o
    0x08003632   0x08003632   0x00000002   PAD
    0x08003634   0x08003634   0x00000120   Code   RO          895    i.RCCEx_PLL2_Config  stm32h7xx_hal_rcc_ex.o
    0x08003754   0x08003754   0x00000120   Code   RO          896    i.RCCEx_PLL3_Config  stm32h7xx_hal_rcc_ex.o
    0x08003874   0x08003874   0x00000002   Code   RO          514    i.SVC_Handler       stm32h7xx_it.o
    0x08003876   0x08003876   0x00000008   Code   RO           25    i.Set_Auto_Scan_Sequence  ads8688.o
    0x0800387e   0x0800387e   0x00000004   Code   RO           26    i.Set_CH_Range      ads8688.o
    0x08003882   0x08003882   0x00000004   Code   RO          515    i.SysTick_Handler   stm32h7xx_it.o
    0x08003886   0x08003886   0x00000002   PAD
    0x08003888   0x08003888   0x000000a4   Code   RO          231    i.SystemClock_Config  main.o
    0x0800392c   0x0800392c   0x000000e4   Code   RO         4534    i.SystemInit        system_stm32h7xx.o
    0x08003a10   0x08003a10   0x0000000c   Code   RO          516    i.TIM1_UP_IRQHandler  stm32h7xx_it.o
    0x08003a1c   0x08003a1c   0x0000000c   Code   RO          517    i.TIM2_IRQHandler   stm32h7xx_it.o
    0x08003a28   0x08003a28   0x000000c4   Code   RO         3089    i.TIM_Base_SetConfig  stm32h7xx_hal_tim.o
    0x08003aec   0x08003aec   0x00000012   Code   RO         3100    i.TIM_ETR_SetConfig  stm32h7xx_hal_tim.o
    0x08003afe   0x08003afe   0x00000002   PAD
    0x08003b00   0x08003b00   0x00000014   Code   RO         3101    i.TIM_ITRx_SetConfig  stm32h7xx_hal_tim.o
    0x08003b14   0x08003b14   0x00000022   Code   RO         3109    i.TIM_TI1_ConfigInputStage  stm32h7xx_hal_tim.o
    0x08003b36   0x08003b36   0x00000024   Code   RO         3111    i.TIM_TI2_ConfigInputStage  stm32h7xx_hal_tim.o
    0x08003b5a   0x08003b5a   0x00000002   PAD
    0x08003b5c   0x08003b5c   0x00000044   Code   RO         4434    i.UARTEx_SetNbDataToProcess  stm32h7xx_hal_uart_ex.o
    0x08003ba0   0x08003ba0   0x000000c8   Code   RO         4044    i.UART_AdvFeatureConfig  stm32h7xx_hal_uart.o
    0x08003c68   0x08003c68   0x00000060   Code   RO         4045    i.UART_CheckIdleState  stm32h7xx_hal_uart.o
    0x08003cc8   0x08003cc8   0x00000014   Code   RO         4046    i.UART_DMAAbortOnError  stm32h7xx_hal_uart.o
    0x08003cdc   0x08003cdc   0x00000038   Code   RO         4056    i.UART_EndRxTransfer  stm32h7xx_hal_uart.o
    0x08003d14   0x08003d14   0x00000080   Code   RO         4058    i.UART_RxISR_16BIT  stm32h7xx_hal_uart.o
    0x08003d94   0x08003d94   0x00000148   Code   RO         4059    i.UART_RxISR_16BIT_FIFOEN  stm32h7xx_hal_uart.o
    0x08003edc   0x08003edc   0x00000080   Code   RO         4060    i.UART_RxISR_8BIT   stm32h7xx_hal_uart.o
    0x08003f5c   0x08003f5c   0x00000148   Code   RO         4061    i.UART_RxISR_8BIT_FIFOEN  stm32h7xx_hal_uart.o
    0x080040a4   0x080040a4   0x000003ac   Code   RO         4062    i.UART_SetConfig    stm32h7xx_hal_uart.o
    0x08004450   0x08004450   0x000000d8   Code   RO         4064    i.UART_Start_Receive_IT  stm32h7xx_hal_uart.o
    0x08004528   0x08004528   0x000000a4   Code   RO         4069    i.UART_WaitOnFlagUntilTimeout  stm32h7xx_hal_uart.o
    0x080045cc   0x080045cc   0x00000034   Code   RO          518    i.USART1_IRQHandler  stm32h7xx_it.o
    0x08004600   0x08004600   0x00000048   Code   RO          446    i.USER_UART_IDLECallback  usart.o
    0x08004648   0x08004648   0x00000002   Code   RO          519    i.UsageFault_Handler  stm32h7xx_it.o
    0x0800464a   0x0800464a   0x00000002   PAD
    0x0800464c   0x0800464c   0x00000020   Code   RO         9848    i.__0printf         mc_w.l(printfa.o)
    0x0800466c   0x0800466c   0x00000022   Code   RO          645    i.__NVIC_SetPriority  stm32h7xx_hal_cortex.o
    0x0800468e   0x0800468e   0x0000000e   Code   RO         9958    i.__scatterload_copy  mc_w.l(handlers.o)
    0x0800469c   0x0800469c   0x00000002   Code   RO         9959    i.__scatterload_null  mc_w.l(handlers.o)
    0x0800469e   0x0800469e   0x0000000e   Code   RO         9960    i.__scatterload_zeroinit  mc_w.l(handlers.o)
    0x080046ac   0x080046ac   0x00000184   Code   RO         9855    i._fp_digits        mc_w.l(printfa.o)
    0x08004830   0x08004830   0x000006b4   Code   RO         9856    i._printf_core      mc_w.l(printfa.o)
    0x08004ee4   0x08004ee4   0x00000024   Code   RO         9857    i._printf_post_padding  mc_w.l(printfa.o)
    0x08004f08   0x08004f08   0x0000002e   Code   RO         9858    i._printf_pre_padding  mc_w.l(printfa.o)
    0x08004f36   0x08004f36   0x00000002   PAD
    0x08004f38   0x08004f38   0x00000018   Code   RO          448    i.fputc             usart.o
    0x08004f50   0x08004f50   0x00000160   Code   RO          232    i.main              main.o
    0x080050b0   0x080050b0   0x00000018   Data   RO         4070    .constdata          stm32h7xx_hal_uart.o
    0x080050c8   0x080050c8   0x00000010   Data   RO         4435    .constdata          stm32h7xx_hal_uart_ex.o
    0x080050d8   0x080050d8   0x00000010   Data   RO         4535    .constdata          system_stm32h7xx.o
    0x080050e8   0x080050e8   0x00000020   Data   RO         9956    Region$$Table       anon$$obj.o


    Execution Region RW_IRAM1 (Exec base: 0x20000000, Load base: 0x08005108, Size: 0x00000000, Max: 0x00020000, ABSOLUTE)

    **** No section assigned to this execution region ****


    Execution Region RW_IRAM2 (Exec base: 0x24000000, Load base: 0x08005108, Size: 0x000066f8, Max: 0x00080000, ABSOLUTE)

    Exec Addr    Load Addr    Size         Type   Attr      Idx    E Section Name        Object

    0x24000000   0x08005108   0x00000004   Data   RW          234    .data               main.o
    0x24000004   0x0800510c   0x00000008   Data   RW          450    .data               usart.o
    0x2400000c   0x08005114   0x0000000c   Data   RW         2142    .data               stm32h7xx_hal.o
    0x24000018   0x08005120   0x00000008   Data   RW         4536    .data               system_stm32h7xx.o
    0x24000020   0x08005128   0x00000004   Data   RW         9927    .data               mc_w.l(stdout.o)
    0x24000024        -       0x00004e20   Zero   RW          233    .bss                main.o
    0x24004e44        -       0x00000098   Zero   RW          399    .bss                tim.o
    0x24004edc        -       0x00001418   Zero   RW          449    .bss                usart.o
    0x240062f4   0x0800512c   0x00000004   PAD
    0x240062f8        -       0x00000400   Zero   RW            1    STACK               startup_stm32h750xx.o


==============================================================================

Image component sizes


      Code (inc. data)   RO Data    RW Data    ZI Data      Debug   Object Name

       400         48          0          0          0    1287134   ads8688.o
       268         22          0          0          0       1151   gpio.o
       676        110          0          4      20000      39289   main.o
        36          8        664          0       1024        836   startup_stm32h750xx.o
       232         44          0         12          0      23452   stm32h7xx_hal.o
       198         12          0          0          0      39611   stm32h7xx_hal_cortex.o
      1512         70          0          0          0       3903   stm32h7xx_hal_dma.o
       586         50          0          0          0       3361   stm32h7xx_hal_gpio.o
        28          6          0          0          0        938   stm32h7xx_hal_msp.o
        84          6          0          0          0        789   stm32h7xx_hal_pwr_ex.o
      2344        108          0          0          0       7132   stm32h7xx_hal_rcc.o
      3518        112          0          0          0       7901   stm32h7xx_hal_rcc_ex.o
      1220         80          0          0          0      10932   stm32h7xx_hal_tim.o
       158         24          0          0          0       3216   stm32h7xx_hal_tim_ex.o
      3756        182         24          0          0      36824   stm32h7xx_hal_uart.o
       290          6         16          0          0       5518   stm32h7xx_hal_uart_ex.o
        96         22          0          0          0       5673   stm32h7xx_it.o
       228         40         16          8          0       1542   system_stm32h7xx.o
       312         24          0          0        152       2587   tim.o
       376         42          0          8       5144       4510   usart.o

    ----------------------------------------------------------------------
     16338       1016        752         32      26324    1486299   Object Totals
         0          0         32          0          0          0   (incl. Generated)
        20          0          0          0          4          0   (incl. Padding)

    ----------------------------------------------------------------------

      Code (inc. data)   RO Data    RW Data    ZI Data      Debug   Library Member Name

         0          0          0          0          0          0   entry.o
         0          0          0          0          0          0   entry10a.o
         0          0          0          0          0          0   entry11a.o
         4          0          0          0          0          0   entry12b.o
         8          4          0          0          0          0   entry2.o
         4          0          0          0          0          0   entry5.o
         0          0          0          0          0          0   entry7b.o
         0          0          0          0          0          0   entry8b.o
         8          4          0          0          0          0   entry9a.o
        30          0          0          0          0          0   handlers.o
        36          8          0          0          0         68   init.o
         0          0          0          0          0          0   iusefp.o
        30          0          0          0          0         68   llshl.o
        36          0          0          0          0         68   llsshr.o
        32          0          0          0          0         68   llushr.o
        36          0          0          0          0        108   memseta.o
      2218         90          0          0          0        464   printfa.o
         0          0          0          4          0          0   stdout.o
        44          0          0          0          0         80   uidiv.o
        98          0          0          0          0         92   uldiv.o
        48          0          0          0          0         68   cdrcmple.o
       334          0          0          0          0        148   dadd.o
       222          0          0          0          0        100   ddiv.o
       186          0          0          0          0        176   depilogue.o
        48          0          0          0          0         68   dfixul.o
       228          0          0          0          0         96   dmul.o

    ----------------------------------------------------------------------
      3654        106          0          4          0       1672   Library Totals
         4          0          0          0          0          0   (incl. Padding)

    ----------------------------------------------------------------------

      Code (inc. data)   RO Data    RW Data    ZI Data      Debug   Library Name

      2584        106          0          4          0       1016   mc_w.l
      1066          0          0          0          0        656   mf_w.l

    ----------------------------------------------------------------------
      3654        106          0          4          0       1672   Library Totals

    ----------------------------------------------------------------------

==============================================================================


      Code (inc. data)   RO Data    RW Data    ZI Data      Debug   

     19992       1122        752         36      26324    1477243   Grand Totals
     19992       1122        752         36      26324    1477243   ELF Image Totals
     19992       1122        752         36          0          0   ROM Totals

==============================================================================

    Total RO  Size (Code + RO Data)                20744 (  20.26kB)
    Total RW  Size (RW Data + ZI Data)             26360 (  25.74kB)
    Total ROM Size (Code + RO Data + RW Data)      20780 (  20.29kB)

==============================================================================

