******************************************************************************
                  TI ARM Linker PC v20.2.4                     
******************************************************************************
>> Linked Sat Nov  6 17:42:48 2021

OUTPUT FILE NAME:   <start50.out>
ENTRY POINT SYMBOL: "_c_int00_noargs"  address: 00001799


MEMORY CONFIGURATION

         name            origin    length      used     unused   attr    fill
----------------------  --------  ---------  --------  --------  ----  --------
  FLASH                 00000000   00100000  00001b3c  000fe4c4  R  X
  SRAM                  20000000   00040000  00001e14  0003e1ec  RW X


SEGMENT ALLOCATION MAP

run origin  load origin   length   init length attrs members
----------  ----------- ---------- ----------- ----- -------
00000000    00000000    00001b40   00001b40    r-x
  00000000    00000000    00000208   00000208    r-- .intvecs
  00000208    00000208    000016bc   000016bc    r-x .text
  000018c4    000018c4    00000240   00000240    r-- .const
  00001b08    00001b08    00000038   00000038    r-- .cinit
20000000    20000000    00001e14   00000000    rw-
  20000000    20000000    00001c00   00000000    rw- .bss
  20001c00    20001c00    00000200   00000000    rw- .stack
  20001e00    20001e00    00000014   00000000    rw- .data


SECTION ALLOCATION MAP

 output                                  attributes/
section   page    origin      length       input sections
--------  ----  ----------  ----------   ----------------
.intvecs   0    00000000    00000208     
                  00000000    00000208     startup_msp432e401y_ccs.obj (.intvecs:retain)

.text      0    00000208    000016bc     
                  00000208    00000544     uartstdio.obj (.text)
                  0000074c    000002e0     msp432e4_driverlib.a : sysctl.o (.text:SysCtlClockFreqSet)
                  00000a2c    000002b4     dma.obj (.text)
                  00000ce0    000002ac     main.obj (.text)
                  00000f8c    0000011c     system_msp432e401y.obj (.text)
                  000010a8    000000ee     msp432e4_driverlib.a : adc.o (.text:ADCSequenceStepConfigure)
                  00001196    00000002     rtsv7M4_T_le_v4SPD16_eabi.lib : div0.asm.obj (.text)
                  00001198    000000b4                                   : s_cosf.c.obj (.text:cosf)
                  0000124c    000000a4                                   : s_sinf.c.obj (.text:sinf)
                  000012f0    0000009c                                   : memcpy_t2.asm.obj (.text)
                  0000138c    00000096                                   : ull_div_t2.asm.obj (.text)
                  00001422    00000002     --HOLE-- [fill = 0]
                  00001424    00000090     msp432e4_driverlib.a : sysctl.o (.text:_SysCtlFrequencyGet)
                  000014b4    0000007a     rtsv7M4_T_le_v4SPD16_eabi.lib : memset_t2.asm.obj (.text)
                  0000152e    0000006e                                   : ll_div_t2.asm.obj (.text)
                  0000159c    0000006c                                   : fs_toll_t2.asm.obj (.text)
                  00001608    00000068                                   : copy_decompress_lzss.c.obj (.text:decompress:lzss:__TI_decompress_lzss)
                  00001670    00000060     msp432e4_driverlib.a : timer.o (.text:TimerControlTrigger)
                  000016d0    00000044                          : sysctl.o (.text:_SysCtlMemTimingGet)
                  00001714    00000044     rtsv7M4_T_le_v4SPD16_eabi.lib : autoinit.c.obj (.text:__TI_auto_init_nobinit_nopinit:__TI_auto_init_nobinit_nopinit)
                  00001758    00000040                                   : u_divt2.asm.obj (.text)
                  00001798    00000034                                   : boot_cortex_m.c.obj (.text:_c_int00_noargs:_c_int00_noargs)
                  000017cc    00000032     msp432e4_driverlib.a : adc.o (.text:ADCHardwareOversampleConfigure)
                  000017fe    0000002a                          : adc.o (.text:ADCClockConfigSet)
                  00001828    00000028     rtsv7M4_T_le_v4SPD16_eabi.lib : e_sqrtf.c.obj (.text:sqrtf)
                  00001850    00000018     msp432e4_driverlib.a : fpu.o (.text:FPUEnable)
                  00001868    00000012                          : adc.o (.text:ADCIntClearEx)
                  0000187a    00000002     --HOLE-- [fill = 0]
                  0000187c    00000010                          : fpu.o (.text:FPULazyStackingEnable)
                  0000188c    0000000e     rtsv7M4_T_le_v4SPD16_eabi.lib : copy_decompress_none.c.obj (.text:decompress:none:__TI_decompress_none)
                  0000189a    0000000e     startup_msp432e401y_ccs.obj (.text)
                  000018a8    0000000c     rtsv7M4_T_le_v4SPD16_eabi.lib : copy_zero_init.c.obj (.text:decompress:ZI:__TI_zero_init)
                  000018b4    00000008                                   : errno.c.obj (.text:__aeabi_errno_addr)
                  000018bc    00000004                                   : pre_init.c.obj (.text:_system_pre_init)
                  000018c0    00000004                                   : exit.c.obj (.text:abort:abort)

.const     0    000018c4    00000240     
                  000018c4    000001b0     msp432e4_driverlib.a : sysctl.o (.const:g_pppui32XTALtoVCO)
                  00001a74    00000030                          : sysctl.o (.const:g_sXTALtoMEMTIM)
                  00001aa4    00000028                          : sysctl.o (.const:g_pui32Xtals)
                  00001acc    00000012     uartstdio.obj (.const:.string)
                  00001ade    00000002     --HOLE-- [fill = 0]
                  00001ae0    0000000c     uartstdio.obj (.const:g_ui32UARTBase)
                  00001aec    0000000c     uartstdio.obj (.const:g_ui32UARTPeriph)
                  00001af8    00000008     msp432e4_driverlib.a : sysctl.o (.const:g_pui32VCOFrequencies)
                  00001b00    00000004     uartstdio.obj (.const)

.cinit     0    00001b08    00000038     
                  00001b08    0000000f     (.cinit..data.load) [load image, compression = lzss]
                  00001b17    00000001     --HOLE-- [fill = 0]
                  00001b18    0000000c     (__TI_handler_table)
                  00001b24    00000004     --HOLE-- [fill = 0]
                  00001b28    00000008     (.cinit..bss.load) [load image, compression = zero_init]
                  00001b30    00000010     (__TI_cinit_table)

.init_array 
*          0    00000000    00000000     UNINITIALIZED

.bss       0    20000000    00001c00     UNINITIALIZED
                  20000000    000007d0     main.obj (.bss:mag$1)
                  200007d0    000007d0     (.common:dstBufferA)
                  20000fa0    000007d0     (.common:dstBufferB)
                  20001770    00000090     --HOLE--
                  20001800    00000400     (.common:pui8ControlTable)

.data      0    20001e00    00000014     UNINITIALIZED
                  20001e00    00000005     uartstdio.obj (.data)
                  20001e05    00000002     dma.obj (.data)
                  20001e07    00000001     --HOLE--
                  20001e08    00000004     main.obj (.data)
                  20001e0c    00000004     rtsv7M4_T_le_v4SPD16_eabi.lib : errno.c.obj (.data)
                  20001e10    00000004     system_msp432e401y.obj (.data)

.stack     0    20001c00    00000200     UNINITIALIZED
                  20001c00    00000004     rtsv7M4_T_le_v4SPD16_eabi.lib : boot_cortex_m.c.obj (.stack)
                  20001c04    000001fc     --HOLE--

__llvm_prf_cnts 
*          0    20000000    00000000     UNINITIALIZED

MODULE SUMMARY

       Module                        code   ro data   rw data
       ------                        ----   -------   -------
    .\
       dma.obj                       692    0         5026   
       main.obj                      684    0         2004   
       uartstdio.obj                 1348   46        5      
       startup_msp432e401y_ccs.obj   14     520       0      
       system_msp432e401y.obj        284    0         4      
    +--+-----------------------------+------+---------+---------+
       Total:                        3022   566       7039   
                                                             
    ../msp432e4_driverlib.a
       sysctl.o                      948    528       0      
       adc.o                         348    0         0      
       timer.o                       96     0         0      
       fpu.o                         40     0         0      
    +--+-----------------------------+------+---------+---------+
       Total:                        1432   528       0      
                                                             
    C:\ti\ccs1031\ccs\tools\compiler\ti-cgt-arm_20.2.4.LTS\lib\rtsv7M4_T_le_v4SPD16_eabi.lib
       s_cosf.c.obj                  180    0         0      
       s_sinf.c.obj                  164    0         0      
       memcpy_t2.asm.obj             156    0         0      
       ull_div_t2.asm.obj            150    0         0      
       memset_t2.asm.obj             122    0         0      
       ll_div_t2.asm.obj             110    0         0      
       fs_toll_t2.asm.obj            108    0         0      
       copy_decompress_lzss.c.obj    104    0         0      
       autoinit.c.obj                68     0         0      
       u_divt2.asm.obj               64     0         0      
       boot_cortex_m.c.obj           52     0         0      
       e_sqrtf.c.obj                 40     0         0      
       copy_decompress_none.c.obj    14     0         0      
       copy_zero_init.c.obj          12     0         0      
       errno.c.obj                   8      0         4      
       exit.c.obj                    4      0         0      
       pre_init.c.obj                4      0         0      
       div0.asm.obj                  2      0         0      
    +--+-----------------------------+------+---------+---------+
       Total:                        1362   0         4      
                                                             
       Stack:                        0      0         512    
       Linker Generated:             0      51        0      
    +--+-----------------------------+------+---------+---------+
       Grand Total:                  5816   1145      7555   


LINKER GENERATED COPY TABLES

__TI_cinit_table @ 00001b30 records: 2, size/record: 8, table size: 16
	.data: load addr=00001b08, load size=0000000f bytes, run addr=20001e00, run size=00000014 bytes, compression=lzss
	.bss: load addr=00001b28, load size=00000008 bytes, run addr=20000000, run size=00001c00 bytes, compression=zero_init


LINKER GENERATED HANDLER TABLE

__TI_handler_table @ 00001b18 records: 3, size/record: 4, table size: 12
	index: 0, handler: __TI_decompress_lzss
	index: 1, handler: __TI_decompress_none
	index: 2, handler: __TI_zero_init


GLOBAL SYMBOLS: SORTED ALPHABETICALLY BY Name 

address   name                          
-------   ----                          
000018a7  ADC0SS0_IRQHandler            
000018a7  ADC0SS1_IRQHandler            
00000a2d  ADC0SS2_IRQHandler            
00000a2d  ADC0SS2_IRQHandler            
000018a7  ADC0SS3_IRQHandler            
000018a7  ADC1SS0_IRQHandler            
000018a7  ADC1SS1_IRQHandler            
000018a7  ADC1SS2_IRQHandler            
000018a7  ADC1SS3_IRQHandler            
000017ff  ADCClockConfigSet             
000017cd  ADCHardwareOversampleConfigure
00001869  ADCIntClearEx                 
000010a9  ADCSequenceStepConfigure      
000018a7  AES0_IRQHandler               
000018a7  BusFault_Handler              
000018c1  C$$EXIT                       
000018a7  CAN0_IRQHandler               
000018a7  CAN1_IRQHandler               
000018a7  COMP0_IRQHandler              
000018a7  COMP1_IRQHandler              
000018a7  COMP2_IRQHandler              
00000a9f  ConfigireAdc                  
000006d3  ConfigureUART                 
000018a7  DES0_IRQHandler               
000018a7  DebugMon_Handler              
000018a7  Default_Handler               
000018a7  EMAC0_IRQHandler              
000018a7  EPI0_IRQHandler               
000018a7  FLASH_IRQHandler              
00001851  FPUEnable                     
0000187d  FPULazyStackingEnable         
000018a7  GPIOA_IRQHandler              
000018a7  GPIOB_IRQHandler              
000018a7  GPIOC_IRQHandler              
000018a7  GPIOD_IRQHandler              
000018a7  GPIOE_IRQHandler              
000018a7  GPIOF_IRQHandler              
000018a7  GPIOG_IRQHandler              
000018a7  GPIOH_IRQHandler              
000018a7  GPIOJ_IRQHandler              
000018a7  GPIOK_IRQHandler              
000018a7  GPIOL_IRQHandler              
000018a7  GPIOM_IRQHandler              
000018a7  GPION_IRQHandler              
000018a7  GPIOP0_IRQHandler             
000018a7  GPIOP1_IRQHandler             
000018a7  GPIOP2_IRQHandler             
000018a7  GPIOP3_IRQHandler             
000018a7  GPIOP4_IRQHandler             
000018a7  GPIOP5_IRQHandler             
000018a7  GPIOP6_IRQHandler             
000018a7  GPIOP7_IRQHandler             
000018a7  GPIOQ0_IRQHandler             
000018a7  GPIOQ1_IRQHandler             
000018a7  GPIOQ2_IRQHandler             
000018a7  GPIOQ3_IRQHandler             
000018a7  GPIOQ4_IRQHandler             
000018a7  GPIOQ5_IRQHandler             
000018a7  GPIOQ6_IRQHandler             
000018a7  GPIOQ7_IRQHandler             
000018a7  HIBERNATE_IRQHandler          
000018a7  HardFault_Handler             
000018a7  I2C0_IRQHandler               
000018a7  I2C1_IRQHandler               
000018a7  I2C2_IRQHandler               
000018a7  I2C3_IRQHandler               
000018a7  I2C4_IRQHandler               
000018a7  I2C5_IRQHandler               
000018a7  I2C6_IRQHandler               
000018a7  I2C7_IRQHandler               
000018a7  I2C8_IRQHandler               
000018a7  I2C9_IRQHandler               
000018a7  MemManage_Handler             
000018a7  NMI_Handler                   
000018a7  PWM0_0_IRQHandler             
000018a7  PWM0_1_IRQHandler             
000018a7  PWM0_2_IRQHandler             
000018a7  PWM0_3_IRQHandler             
000018a7  PWM0_FAULT_IRQHandler         
000018a7  PendSV_Handler                
000018a7  QEI0_IRQHandler               
0000189b  Reset_Handler                 
000018a7  SHA0_IRQHandler               
000018a7  SSI0_IRQHandler               
000018a7  SSI1_IRQHandler               
000018a7  SSI2_IRQHandler               
000018a7  SSI3_IRQHandler               
000018a7  SVC_Handler                   
000018a7  SYSCTL_IRQHandler             
000018a7  SYSEXC_IRQHandler             
00000b35  StartAdc                      
0000074d  SysCtlClockFreqSet            
000018a7  SysTick_Handler               
20001e10  SystemCoreClock               
00000f8d  SystemCoreClockUpdate         
0000107b  SystemInit                    
000018a7  TAMPER0_IRQHandler            
000018a7  TIMER0A_IRQHandler            
000018a7  TIMER0B_IRQHandler            
000018a7  TIMER1A_IRQHandler            
000018a7  TIMER1B_IRQHandler            
000018a7  TIMER2A_IRQHandler            
000018a7  TIMER2B_IRQHandler            
000018a7  TIMER3A_IRQHandler            
000018a7  TIMER3B_IRQHandler            
000018a7  TIMER4A_IRQHandler            
000018a7  TIMER4B_IRQHandler            
000018a7  TIMER5A_IRQHandler            
000018a7  TIMER5B_IRQHandler            
000018a7  TIMER6A_IRQHandler            
000018a7  TIMER6B_IRQHandler            
000018a7  TIMER7A_IRQHandler            
000018a7  TIMER7B_IRQHandler            
00001671  TimerControlTrigger           
000018a7  UART0_IRQHandler              
000018a7  UART1_IRQHandler              
000018a7  UART2_IRQHandler              
000018a7  UART3_IRQHandler              
000018a7  UART4_IRQHandler              
000018a7  UART5_IRQHandler              
000018a7  UART6_IRQHandler              
000018a7  UART7_IRQHandler              
00000209  UARTStdioConfig               
00000381  UARTgetc                      
000002bb  UARTgets                      
000006af  UARTprintf                    
000003b5  UARTvprintf                   
00000269  UARTwrite                     
000018a7  UDMAERR_IRQHandler            
000018a7  UDMA_IRQHandler               
000018a7  USB0_IRQHandler               
000018a7  UsageFault_Handler            
000018a7  WATCHDOG_IRQHandler           
20001e00  __STACK_END                   
00000200  __STACK_SIZE                  
20001e00  __STACK_TOP                   
00001b30  __TI_CINIT_Base               
00001b40  __TI_CINIT_Limit              
00001b18  __TI_Handler_Table_Base       
00001b24  __TI_Handler_Table_Limit      
00001715  __TI_auto_init_nobinit_nopinit
00001609  __TI_decompress_lzss          
0000188d  __TI_decompress_none          
ffffffff  __TI_pprof_out_hndl           
ffffffff  __TI_prof_data_size           
ffffffff  __TI_prof_data_start          
00000000  __TI_static_base__            
000018a9  __TI_zero_init                
000018b5  __aeabi_errno_addr            
0000159d  __aeabi_f2lz                  
00001197  __aeabi_idiv0                 
00001197  __aeabi_ldiv0                 
0000152f  __aeabi_ldivmod               
000014b5  __aeabi_memclr                
000014b5  __aeabi_memclr4               
000014b5  __aeabi_memclr8               
000012f1  __aeabi_memcpy                
000012f1  __aeabi_memcpy4               
000012f1  __aeabi_memcpy8               
000014b7  __aeabi_memset                
000014b7  __aeabi_memset4               
000014b7  __aeabi_memset8               
00001759  __aeabi_uidiv                 
00001759  __aeabi_uidivmod              
0000138d  __aeabi_uldivmod              
ffffffff  __binit__                     
ffffffff  __c_args__                    
UNDEFED   __mpu_init                    
20001c00  __stack                       
20000000  __start___llvm_prf_cnts       
20000000  __stop___llvm_prf_cnts        
00001799  _c_int00_noargs               
UNDEFED   _system_post_cinit            
000018bd  _system_pre_init              
000018c1  abort                         
ffffffff  binit                         
00001199  cosf                          
00000ce1  dftInt                        
200007d0  dstBufferA                    
20000fa0  dstBufferB                    
20001e0c  errno                         
00000e09  handleData                    
00000000  interruptVectors              
00000ebb  main                          
000012f1  memcpy                        
000014bd  memset                        
20001800  pui8ControlTable              
20001e08  sampleFreq                    
20001e05  setBufAReady                  
20001e06  setBufBReady                  
0000124d  sinf                          
00001829  sqrtf                         
00000c89  stopAdc                       


GLOBAL SYMBOLS: SORTED BY Symbol Address 

address   name                          
-------   ----                          
00000000  __TI_static_base__            
00000000  interruptVectors              
00000200  __STACK_SIZE                  
00000209  UARTStdioConfig               
00000269  UARTwrite                     
000002bb  UARTgets                      
00000381  UARTgetc                      
000003b5  UARTvprintf                   
000006af  UARTprintf                    
000006d3  ConfigureUART                 
0000074d  SysCtlClockFreqSet            
00000a2d  ADC0SS2_IRQHandler            
00000a2d  ADC0SS2_IRQHandler            
00000a9f  ConfigireAdc                  
00000b35  StartAdc                      
00000c89  stopAdc                       
00000ce1  dftInt                        
00000e09  handleData                    
00000ebb  main                          
00000f8d  SystemCoreClockUpdate         
0000107b  SystemInit                    
000010a9  ADCSequenceStepConfigure      
00001197  __aeabi_idiv0                 
00001197  __aeabi_ldiv0                 
00001199  cosf                          
0000124d  sinf                          
000012f1  __aeabi_memcpy                
000012f1  __aeabi_memcpy4               
000012f1  __aeabi_memcpy8               
000012f1  memcpy                        
0000138d  __aeabi_uldivmod              
000014b5  __aeabi_memclr                
000014b5  __aeabi_memclr4               
000014b5  __aeabi_memclr8               
000014b7  __aeabi_memset                
000014b7  __aeabi_memset4               
000014b7  __aeabi_memset8               
000014bd  memset                        
0000152f  __aeabi_ldivmod               
0000159d  __aeabi_f2lz                  
00001609  __TI_decompress_lzss          
00001671  TimerControlTrigger           
00001715  __TI_auto_init_nobinit_nopinit
00001759  __aeabi_uidiv                 
00001759  __aeabi_uidivmod              
00001799  _c_int00_noargs               
000017cd  ADCHardwareOversampleConfigure
000017ff  ADCClockConfigSet             
00001829  sqrtf                         
00001851  FPUEnable                     
00001869  ADCIntClearEx                 
0000187d  FPULazyStackingEnable         
0000188d  __TI_decompress_none          
0000189b  Reset_Handler                 
000018a7  ADC0SS0_IRQHandler            
000018a7  ADC0SS1_IRQHandler            
000018a7  ADC0SS3_IRQHandler            
000018a7  ADC1SS0_IRQHandler            
000018a7  ADC1SS1_IRQHandler            
000018a7  ADC1SS2_IRQHandler            
000018a7  ADC1SS3_IRQHandler            
000018a7  AES0_IRQHandler               
000018a7  BusFault_Handler              
000018a7  CAN0_IRQHandler               
000018a7  CAN1_IRQHandler               
000018a7  COMP0_IRQHandler              
000018a7  COMP1_IRQHandler              
000018a7  COMP2_IRQHandler              
000018a7  DES0_IRQHandler               
000018a7  DebugMon_Handler              
000018a7  Default_Handler               
000018a7  EMAC0_IRQHandler              
000018a7  EPI0_IRQHandler               
000018a7  FLASH_IRQHandler              
000018a7  GPIOA_IRQHandler              
000018a7  GPIOB_IRQHandler              
000018a7  GPIOC_IRQHandler              
000018a7  GPIOD_IRQHandler              
000018a7  GPIOE_IRQHandler              
000018a7  GPIOF_IRQHandler              
000018a7  GPIOG_IRQHandler              
000018a7  GPIOH_IRQHandler              
000018a7  GPIOJ_IRQHandler              
000018a7  GPIOK_IRQHandler              
000018a7  GPIOL_IRQHandler              
000018a7  GPIOM_IRQHandler              
000018a7  GPION_IRQHandler              
000018a7  GPIOP0_IRQHandler             
000018a7  GPIOP1_IRQHandler             
000018a7  GPIOP2_IRQHandler             
000018a7  GPIOP3_IRQHandler             
000018a7  GPIOP4_IRQHandler             
000018a7  GPIOP5_IRQHandler             
000018a7  GPIOP6_IRQHandler             
000018a7  GPIOP7_IRQHandler             
000018a7  GPIOQ0_IRQHandler             
000018a7  GPIOQ1_IRQHandler             
000018a7  GPIOQ2_IRQHandler             
000018a7  GPIOQ3_IRQHandler             
000018a7  GPIOQ4_IRQHandler             
000018a7  GPIOQ5_IRQHandler             
000018a7  GPIOQ6_IRQHandler             
000018a7  GPIOQ7_IRQHandler             
000018a7  HIBERNATE_IRQHandler          
000018a7  HardFault_Handler             
000018a7  I2C0_IRQHandler               
000018a7  I2C1_IRQHandler               
000018a7  I2C2_IRQHandler               
000018a7  I2C3_IRQHandler               
000018a7  I2C4_IRQHandler               
000018a7  I2C5_IRQHandler               
000018a7  I2C6_IRQHandler               
000018a7  I2C7_IRQHandler               
000018a7  I2C8_IRQHandler               
000018a7  I2C9_IRQHandler               
000018a7  MemManage_Handler             
000018a7  NMI_Handler                   
000018a7  PWM0_0_IRQHandler             
000018a7  PWM0_1_IRQHandler             
000018a7  PWM0_2_IRQHandler             
000018a7  PWM0_3_IRQHandler             
000018a7  PWM0_FAULT_IRQHandler         
000018a7  PendSV_Handler                
000018a7  QEI0_IRQHandler               
000018a7  SHA0_IRQHandler               
000018a7  SSI0_IRQHandler               
000018a7  SSI1_IRQHandler               
000018a7  SSI2_IRQHandler               
000018a7  SSI3_IRQHandler               
000018a7  SVC_Handler                   
000018a7  SYSCTL_IRQHandler             
000018a7  SYSEXC_IRQHandler             
000018a7  SysTick_Handler               
000018a7  TAMPER0_IRQHandler            
000018a7  TIMER0A_IRQHandler            
000018a7  TIMER0B_IRQHandler            
000018a7  TIMER1A_IRQHandler            
000018a7  TIMER1B_IRQHandler            
000018a7  TIMER2A_IRQHandler            
000018a7  TIMER2B_IRQHandler            
000018a7  TIMER3A_IRQHandler            
000018a7  TIMER3B_IRQHandler            
000018a7  TIMER4A_IRQHandler            
000018a7  TIMER4B_IRQHandler            
000018a7  TIMER5A_IRQHandler            
000018a7  TIMER5B_IRQHandler            
000018a7  TIMER6A_IRQHandler            
000018a7  TIMER6B_IRQHandler            
000018a7  TIMER7A_IRQHandler            
000018a7  TIMER7B_IRQHandler            
000018a7  UART0_IRQHandler              
000018a7  UART1_IRQHandler              
000018a7  UART2_IRQHandler              
000018a7  UART3_IRQHandler              
000018a7  UART4_IRQHandler              
000018a7  UART5_IRQHandler              
000018a7  UART6_IRQHandler              
000018a7  UART7_IRQHandler              
000018a7  UDMAERR_IRQHandler            
000018a7  UDMA_IRQHandler               
000018a7  USB0_IRQHandler               
000018a7  UsageFault_Handler            
000018a7  WATCHDOG_IRQHandler           
000018a9  __TI_zero_init                
000018b5  __aeabi_errno_addr            
000018bd  _system_pre_init              
000018c1  C$$EXIT                       
000018c1  abort                         
00001b18  __TI_Handler_Table_Base       
00001b24  __TI_Handler_Table_Limit      
00001b30  __TI_CINIT_Base               
00001b40  __TI_CINIT_Limit              
20000000  __start___llvm_prf_cnts       
20000000  __stop___llvm_prf_cnts        
200007d0  dstBufferA                    
20000fa0  dstBufferB                    
20001800  pui8ControlTable              
20001c00  __stack                       
20001e00  __STACK_END                   
20001e00  __STACK_TOP                   
20001e05  setBufAReady                  
20001e06  setBufBReady                  
20001e08  sampleFreq                    
20001e0c  errno                         
20001e10  SystemCoreClock               
ffffffff  __TI_pprof_out_hndl           
ffffffff  __TI_prof_data_size           
ffffffff  __TI_prof_data_start          
ffffffff  __binit__                     
ffffffff  __c_args__                    
ffffffff  binit                         
UNDEFED   __mpu_init                    
UNDEFED   _system_post_cinit            

[193 symbols]
