<?xml version="1.0" encoding="ISO-8859-1" ?>
<link_info>
   <banner>TI ARM Linker PC v20.2.4.LTS</banner>
   <copyright>Copyright (c) 1996-2018 Texas Instruments Incorporated</copyright>
   <link_time>0x6187b9d1</link_time>
   <link_errors>0x0</link_errors>
   <output_file>start52.out</output_file>
   <entry_point>
      <name>_c_int00_noargs</name>
      <address>0x5b01</address>
   </entry_point>
   <input_file_list>
      <input_file id="fl-2">
         <path>.\</path>
         <kind>object</kind>
         <file>adc.obj</file>
         <name>adc.obj</name>
      </input_file>
      <input_file id="fl-3">
         <path>.\</path>
         <kind>object</kind>
         <file>main.obj</file>
         <name>main.obj</name>
      </input_file>
      <input_file id="fl-4">
         <path>.\</path>
         <kind>object</kind>
         <file>startup_msp432e401y_ccs.obj</file>
         <name>startup_msp432e401y_ccs.obj</name>
      </input_file>
      <input_file id="fl-5">
         <path>.\</path>
         <kind>object</kind>
         <file>system_msp432e401y.obj</file>
         <name>system_msp432e401y.obj</name>
      </input_file>
      <input_file id="fl-6">
         <path>.\</path>
         <kind>object</kind>
         <file>uart0.obj</file>
         <name>uart0.obj</name>
      </input_file>
      <input_file id="fl-7">
         <path>.\</path>
         <kind>object</kind>
         <file>uart3.obj</file>
         <name>uart3.obj</name>
      </input_file>
      <input_file id="fl-8">
         <path>.\</path>
         <kind>object</kind>
         <file>uart6.obj</file>
         <name>uart6.obj</name>
      </input_file>
      <input_file id="fl-d">
         <kind>object</kind>
         <file>&lt;internal&gt;</file>
         <name>&lt;internal&gt;</name>
      </input_file>
      <input_file id="fl-c3">
         <path>C:\ti\ccs1031\ccs\tools\compiler\ti-cgt-arm_20.2.4.LTS\lib\</path>
         <kind>archive</kind>
         <file>rtsv7M4_T_le_v4SPD16_eabi.lib</file>
         <name>e_atan2f.c.obj</name>
      </input_file>
      <input_file id="fl-c4">
         <path>C:\ti\ccs1031\ccs\tools\compiler\ti-cgt-arm_20.2.4.LTS\lib\</path>
         <kind>archive</kind>
         <file>rtsv7M4_T_le_v4SPD16_eabi.lib</file>
         <name>e_sqrtf.c.obj</name>
      </input_file>
      <input_file id="fl-c5">
         <path>C:\ti\ccs1031\ccs\tools\compiler\ti-cgt-arm_20.2.4.LTS\lib\</path>
         <kind>archive</kind>
         <file>rtsv7M4_T_le_v4SPD16_eabi.lib</file>
         <name>s_atanf.c.obj</name>
      </input_file>
      <input_file id="fl-c6">
         <path>C:\ti\ccs1031\ccs\tools\compiler\ti-cgt-arm_20.2.4.LTS\lib\</path>
         <kind>archive</kind>
         <file>rtsv7M4_T_le_v4SPD16_eabi.lib</file>
         <name>s_cosf.c.obj</name>
      </input_file>
      <input_file id="fl-c7">
         <path>C:\ti\ccs1031\ccs\tools\compiler\ti-cgt-arm_20.2.4.LTS\lib\</path>
         <kind>archive</kind>
         <file>rtsv7M4_T_le_v4SPD16_eabi.lib</file>
         <name>s_sinf.c.obj</name>
      </input_file>
      <input_file id="fl-c8">
         <path>C:\ti\ccs1031\ccs\tools\compiler\ti-cgt-arm_20.2.4.LTS\lib\</path>
         <kind>archive</kind>
         <file>rtsv7M4_T_le_v4SPD16_eabi.lib</file>
         <name>sprintf.c.obj</name>
      </input_file>
      <input_file id="fl-c9">
         <path>C:\ti\ccs1031\ccs\tools\compiler\ti-cgt-arm_20.2.4.LTS\lib\</path>
         <kind>archive</kind>
         <file>rtsv7M4_T_le_v4SPD16_eabi.lib</file>
         <name>e_sqrt.c.obj</name>
      </input_file>
      <input_file id="fl-ca">
         <path>C:\ti\ccs1031\ccs\tools\compiler\ti-cgt-arm_20.2.4.LTS\lib\</path>
         <kind>archive</kind>
         <file>rtsv7M4_T_le_v4SPD16_eabi.lib</file>
         <name>ll_div_t2.asm.obj</name>
      </input_file>
      <input_file id="fl-cb">
         <path>C:\ti\ccs1031\ccs\tools\compiler\ti-cgt-arm_20.2.4.LTS\lib\</path>
         <kind>archive</kind>
         <file>rtsv7M4_T_le_v4SPD16_eabi.lib</file>
         <name>ull_div_t2.asm.obj</name>
      </input_file>
      <input_file id="fl-cc">
         <path>C:\ti\ccs1031\ccs\tools\compiler\ti-cgt-arm_20.2.4.LTS\lib\</path>
         <kind>archive</kind>
         <file>rtsv7M4_T_le_v4SPD16_eabi.lib</file>
         <name>u_divt2.asm.obj</name>
      </input_file>
      <input_file id="fl-cd">
         <path>C:\ti\ccs1031\ccs\tools\compiler\ti-cgt-arm_20.2.4.LTS\lib\</path>
         <kind>archive</kind>
         <file>rtsv7M4_T_le_v4SPD16_eabi.lib</file>
         <name>fd_add_t2.asm.obj</name>
      </input_file>
      <input_file id="fl-ce">
         <path>C:\ti\ccs1031\ccs\tools\compiler\ti-cgt-arm_20.2.4.LTS\lib\</path>
         <kind>archive</kind>
         <file>rtsv7M4_T_le_v4SPD16_eabi.lib</file>
         <name>fd_cmp_t2.asm.obj</name>
      </input_file>
      <input_file id="fl-cf">
         <path>C:\ti\ccs1031\ccs\tools\compiler\ti-cgt-arm_20.2.4.LTS\lib\</path>
         <kind>archive</kind>
         <file>rtsv7M4_T_le_v4SPD16_eabi.lib</file>
         <name>fd_div_t2.asm.obj</name>
      </input_file>
      <input_file id="fl-d0">
         <path>C:\ti\ccs1031\ccs\tools\compiler\ti-cgt-arm_20.2.4.LTS\lib\</path>
         <kind>archive</kind>
         <file>rtsv7M4_T_le_v4SPD16_eabi.lib</file>
         <name>fd_mul_t2.asm.obj</name>
      </input_file>
      <input_file id="fl-d1">
         <path>C:\ti\ccs1031\ccs\tools\compiler\ti-cgt-arm_20.2.4.LTS\lib\</path>
         <kind>archive</kind>
         <file>rtsv7M4_T_le_v4SPD16_eabi.lib</file>
         <name>fd_tos_t2.asm.obj</name>
      </input_file>
      <input_file id="fl-d2">
         <path>C:\ti\ccs1031\ccs\tools\compiler\ti-cgt-arm_20.2.4.LTS\lib\</path>
         <kind>archive</kind>
         <file>rtsv7M4_T_le_v4SPD16_eabi.lib</file>
         <name>fs_tod_t2.asm.obj</name>
      </input_file>
      <input_file id="fl-d3">
         <path>C:\ti\ccs1031\ccs\tools\compiler\ti-cgt-arm_20.2.4.LTS\lib\</path>
         <kind>archive</kind>
         <file>rtsv7M4_T_le_v4SPD16_eabi.lib</file>
         <name>fs_toll_t2.asm.obj</name>
      </input_file>
      <input_file id="fl-d4">
         <path>C:\ti\ccs1031\ccs\tools\compiler\ti-cgt-arm_20.2.4.LTS\lib\</path>
         <kind>archive</kind>
         <file>rtsv7M4_T_le_v4SPD16_eabi.lib</file>
         <name>i_tofd_t2.asm.obj</name>
      </input_file>
      <input_file id="fl-d5">
         <path>C:\ti\ccs1031\ccs\tools\compiler\ti-cgt-arm_20.2.4.LTS\lib\</path>
         <kind>archive</kind>
         <file>rtsv7M4_T_le_v4SPD16_eabi.lib</file>
         <name>memcpy_t2.asm.obj</name>
      </input_file>
      <input_file id="fl-d6">
         <path>C:\ti\ccs1031\ccs\tools\compiler\ti-cgt-arm_20.2.4.LTS\lib\</path>
         <kind>archive</kind>
         <file>rtsv7M4_T_le_v4SPD16_eabi.lib</file>
         <name>copy_zero_init.c.obj</name>
      </input_file>
      <input_file id="fl-d7">
         <path>C:\ti\ccs1031\ccs\tools\compiler\ti-cgt-arm_20.2.4.LTS\lib\</path>
         <kind>archive</kind>
         <file>rtsv7M4_T_le_v4SPD16_eabi.lib</file>
         <name>copy_decompress_none.c.obj</name>
      </input_file>
      <input_file id="fl-d8">
         <path>C:\ti\ccs1031\ccs\tools\compiler\ti-cgt-arm_20.2.4.LTS\lib\</path>
         <kind>archive</kind>
         <file>rtsv7M4_T_le_v4SPD16_eabi.lib</file>
         <name>copy_decompress_lzss.c.obj</name>
      </input_file>
      <input_file id="fl-d9">
         <path>C:\ti\ccs1031\ccs\tools\compiler\ti-cgt-arm_20.2.4.LTS\lib\</path>
         <kind>archive</kind>
         <file>rtsv7M4_T_le_v4SPD16_eabi.lib</file>
         <name>strlen.c.obj</name>
      </input_file>
      <input_file id="fl-da">
         <path>C:\ti\ccs1031\ccs\tools\compiler\ti-cgt-arm_20.2.4.LTS\lib\</path>
         <kind>archive</kind>
         <file>rtsv7M4_T_le_v4SPD16_eabi.lib</file>
         <name>errno.c.obj</name>
      </input_file>
      <input_file id="fl-db">
         <path>C:\ti\ccs1031\ccs\tools\compiler\ti-cgt-arm_20.2.4.LTS\lib\</path>
         <kind>archive</kind>
         <file>rtsv7M4_T_le_v4SPD16_eabi.lib</file>
         <name>boot_cortex_m.c.obj</name>
      </input_file>
      <input_file id="fl-dc">
         <path>C:\ti\ccs1031\ccs\tools\compiler\ti-cgt-arm_20.2.4.LTS\lib\</path>
         <kind>archive</kind>
         <file>rtsv7M4_T_le_v4SPD16_eabi.lib</file>
         <name>_printfi.c.obj</name>
      </input_file>
      <input_file id="fl-dd">
         <path>C:\ti\ccs1031\ccs\tools\compiler\ti-cgt-arm_20.2.4.LTS\lib\</path>
         <kind>archive</kind>
         <file>rtsv7M4_T_le_v4SPD16_eabi.lib</file>
         <name>s_frexp.c.obj</name>
      </input_file>
      <input_file id="fl-de">
         <path>C:\ti\ccs1031\ccs\tools\compiler\ti-cgt-arm_20.2.4.LTS\lib\</path>
         <kind>archive</kind>
         <file>rtsv7M4_T_le_v4SPD16_eabi.lib</file>
         <name>s_scalbn.c.obj</name>
      </input_file>
      <input_file id="fl-df">
         <path>C:\ti\ccs1031\ccs\tools\compiler\ti-cgt-arm_20.2.4.LTS\lib\</path>
         <kind>archive</kind>
         <file>rtsv7M4_T_le_v4SPD16_eabi.lib</file>
         <name>s_copysign.c.obj</name>
      </input_file>
      <input_file id="fl-e0">
         <path>C:\ti\ccs1031\ccs\tools\compiler\ti-cgt-arm_20.2.4.LTS\lib\</path>
         <kind>archive</kind>
         <file>rtsv7M4_T_le_v4SPD16_eabi.lib</file>
         <name>div0.asm.obj</name>
      </input_file>
      <input_file id="fl-e1">
         <path>C:\ti\ccs1031\ccs\tools\compiler\ti-cgt-arm_20.2.4.LTS\lib\</path>
         <kind>archive</kind>
         <file>rtsv7M4_T_le_v4SPD16_eabi.lib</file>
         <name>memset_t2.asm.obj</name>
      </input_file>
      <input_file id="fl-e2">
         <path>C:\ti\ccs1031\ccs\tools\compiler\ti-cgt-arm_20.2.4.LTS\lib\</path>
         <kind>archive</kind>
         <file>rtsv7M4_T_le_v4SPD16_eabi.lib</file>
         <name>fd_toi_t2.asm.obj</name>
      </input_file>
      <input_file id="fl-e3">
         <path>C:\ti\ccs1031\ccs\tools\compiler\ti-cgt-arm_20.2.4.LTS\lib\</path>
         <kind>archive</kind>
         <file>rtsv7M4_T_le_v4SPD16_eabi.lib</file>
         <name>autoinit.c.obj</name>
      </input_file>
      <input_file id="fl-e4">
         <path>C:\ti\ccs1031\ccs\tools\compiler\ti-cgt-arm_20.2.4.LTS\lib\</path>
         <kind>archive</kind>
         <file>rtsv7M4_T_le_v4SPD16_eabi.lib</file>
         <name>pre_init.c.obj</name>
      </input_file>
      <input_file id="fl-e5">
         <path>C:\ti\ccs1031\ccs\tools\compiler\ti-cgt-arm_20.2.4.LTS\lib\</path>
         <kind>archive</kind>
         <file>rtsv7M4_T_le_v4SPD16_eabi.lib</file>
         <name>cpy_tbl.c.obj</name>
      </input_file>
      <input_file id="fl-e6">
         <path>C:\ti\ccs1031\ccs\tools\compiler\ti-cgt-arm_20.2.4.LTS\lib\</path>
         <kind>archive</kind>
         <file>rtsv7M4_T_le_v4SPD16_eabi.lib</file>
         <name>exit.c.obj</name>
      </input_file>
      <input_file id="fl-e7">
         <path>C:\ti\ccs1031\ccs\tools\compiler\ti-cgt-arm_20.2.4.LTS\lib\</path>
         <kind>archive</kind>
         <file>rtsv7M4_T_le_v4SPD16_eabi.lib</file>
         <name>_lock.c.obj</name>
      </input_file>
      <input_file id="fl-e8">
         <path>C:\ti\ccs1031\ccs\tools\compiler\ti-cgt-arm_20.2.4.LTS\lib\</path>
         <kind>archive</kind>
         <file>rtsv7M4_T_le_v4SPD16_eabi.lib</file>
         <name>_ltoa.c.obj</name>
      </input_file>
      <input_file id="fl-e9">
         <path>C:\ti\ccs1031\ccs\tools\compiler\ti-cgt-arm_20.2.4.LTS\lib\</path>
         <kind>archive</kind>
         <file>rtsv7M4_T_le_v4SPD16_eabi.lib</file>
         <name>args_main.c.obj</name>
      </input_file>
      <input_file id="fl-ea">
         <path>C:\ti\ccs1031\ccs\tools\compiler\ti-cgt-arm_20.2.4.LTS\lib\</path>
         <kind>archive</kind>
         <file>rtsv7M4_T_le_v4SPD16_eabi.lib</file>
         <name>atoi.c.obj</name>
      </input_file>
      <input_file id="fl-eb">
         <path>C:\ti\ccs1031\ccs\tools\compiler\ti-cgt-arm_20.2.4.LTS\lib\</path>
         <kind>archive</kind>
         <file>rtsv7M4_T_le_v4SPD16_eabi.lib</file>
         <name>ctype.c.obj</name>
      </input_file>
      <input_file id="fl-ec">
         <path>C:\ti\ccs1031\ccs\tools\compiler\ti-cgt-arm_20.2.4.LTS\lib\</path>
         <kind>archive</kind>
         <file>rtsv7M4_T_le_v4SPD16_eabi.lib</file>
         <name>memccpy.c.obj</name>
      </input_file>
      <input_file id="fl-ed">
         <path>C:\ti\ccs1031\ccs\tools\compiler\ti-cgt-arm_20.2.4.LTS\lib\</path>
         <kind>archive</kind>
         <file>rtsv7M4_T_le_v4SPD16_eabi.lib</file>
         <name>strchr.c.obj</name>
      </input_file>
      <input_file id="fl-ee">
         <path>C:\ti\ccs1031\ccs\tools\compiler\ti-cgt-arm_20.2.4.LTS\lib\</path>
         <kind>archive</kind>
         <file>rtsv7M4_T_le_v4SPD16_eabi.lib</file>
         <name>wcslen.c.obj</name>
      </input_file>
      <input_file id="fl-ef">
         <path>..\</path>
         <kind>archive</kind>
         <file>msp432e4_driverlib.a</file>
         <name>adc.o</name>
      </input_file>
      <input_file id="fl-f0">
         <path>..\</path>
         <kind>archive</kind>
         <file>msp432e4_driverlib.a</file>
         <name>fpu.o</name>
      </input_file>
      <input_file id="fl-f1">
         <path>..\</path>
         <kind>archive</kind>
         <file>msp432e4_driverlib.a</file>
         <name>gpio.o</name>
      </input_file>
      <input_file id="fl-f2">
         <path>..\</path>
         <kind>archive</kind>
         <file>msp432e4_driverlib.a</file>
         <name>interrupt.o</name>
      </input_file>
      <input_file id="fl-f3">
         <path>..\</path>
         <kind>archive</kind>
         <file>msp432e4_driverlib.a</file>
         <name>sysctl.o</name>
      </input_file>
      <input_file id="fl-f4">
         <path>..\</path>
         <kind>archive</kind>
         <file>msp432e4_driverlib.a</file>
         <name>timer.o</name>
      </input_file>
      <input_file id="fl-f5">
         <path>..\</path>
         <kind>archive</kind>
         <file>msp432e4_driverlib.a</file>
         <name>cpu.o</name>
      </input_file>
   </input_file_list>
   <object_component_list>
      <object_component id="oc-13">
         <name>.intvecs:retain</name>
         <load_address>0x0</load_address>
         <run_address>0x0</run_address>
         <size>0x208</size>
         <input_file_ref idref="fl-4"/>
      </object_component>
      <object_component id="oc-a2">
         <name>.text</name>
         <load_address>0x208</load_address>
         <run_address>0x208</run_address>
         <size>0x149c</size>
         <input_file_ref idref="fl-3"/>
      </object_component>
      <object_component id="oc-211">
         <name>.text:__TI_printfi</name>
         <load_address>0x16a4</load_address>
         <run_address>0x16a4</run_address>
         <size>0xa4e</size>
         <input_file_ref idref="fl-dc"/>
      </object_component>
      <object_component id="oc-2ad">
         <name>.text</name>
         <load_address>0x20f2</load_address>
         <run_address>0x20f2</run_address>
         <size>0x2</size>
         <input_file_ref idref="fl-e0"/>
      </object_component>
      <object_component id="oc-133">
         <name>.text</name>
         <load_address>0x20f4</load_address>
         <run_address>0x20f4</run_address>
         <size>0x548</size>
         <input_file_ref idref="fl-8"/>
      </object_component>
      <object_component id="oc-181">
         <name>.text</name>
         <load_address>0x263c</load_address>
         <run_address>0x263c</run_address>
         <size>0x544</size>
         <input_file_ref idref="fl-6"/>
      </object_component>
      <object_component id="oc-d4">
         <name>.text</name>
         <load_address>0x2b80</load_address>
         <run_address>0x2b80</run_address>
         <size>0x544</size>
         <input_file_ref idref="fl-7"/>
      </object_component>
      <object_component id="oc-188">
         <name>.text:SysCtlClockFreqSet</name>
         <load_address>0x30c4</load_address>
         <run_address>0x30c4</run_address>
         <size>0x2e0</size>
         <input_file_ref idref="fl-f3"/>
      </object_component>
      <object_component id="oc-164">
         <name>.text</name>
         <load_address>0x33a4</load_address>
         <run_address>0x33a4</run_address>
         <size>0x2b8</size>
         <input_file_ref idref="fl-2"/>
      </object_component>
      <object_component id="oc-373">
         <name>.text:_pconv_a</name>
         <load_address>0x365c</load_address>
         <run_address>0x365c</run_address>
         <size>0x270</size>
         <input_file_ref idref="fl-dc"/>
      </object_component>
      <object_component id="oc-3d3">
         <name>.text:GPIOPadConfigSet</name>
         <load_address>0x38cc</load_address>
         <run_address>0x38cc</run_address>
         <size>0x23a</size>
         <input_file_ref idref="fl-f1"/>
      </object_component>
      <object_component id="oc-361">
         <name>.text:_pconv_g</name>
         <load_address>0x3b08</load_address>
         <run_address>0x3b08</run_address>
         <size>0x1d0</size>
         <input_file_ref idref="fl-dc"/>
      </object_component>
      <object_component id="oc-120">
         <name>.text</name>
         <load_address>0x3cd8</load_address>
         <run_address>0x3cd8</run_address>
         <size>0x1b6</size>
         <input_file_ref idref="fl-cd"/>
      </object_component>
      <object_component id="oc-2c2">
         <name>.text:atan2f</name>
         <load_address>0x3e90</load_address>
         <run_address>0x3e90</run_address>
         <size>0x158</size>
         <input_file_ref idref="fl-c3"/>
      </object_component>
      <object_component id="oc-125">
         <name>.text:sqrt</name>
         <load_address>0x3fe8</load_address>
         <run_address>0x3fe8</run_address>
         <size>0x158</size>
         <input_file_ref idref="fl-c9"/>
      </object_component>
      <object_component id="oc-3bf">
         <name>.text:atanf</name>
         <load_address>0x4140</load_address>
         <run_address>0x4140</run_address>
         <size>0x150</size>
         <input_file_ref idref="fl-c5"/>
      </object_component>
      <object_component id="oc-36d">
         <name>.text:_pconv_e</name>
         <load_address>0x4290</load_address>
         <run_address>0x4290</run_address>
         <size>0x13c</size>
         <input_file_ref idref="fl-dc"/>
      </object_component>
      <object_component id="oc-12b">
         <name>.text</name>
         <load_address>0x43cc</load_address>
         <run_address>0x43cc</run_address>
         <size>0x136</size>
         <input_file_ref idref="fl-cf"/>
      </object_component>
      <object_component id="oc-172">
         <name>.text:_Z4plotItEvP5ChartPT_iPKc</name>
         <load_address>0x4504</load_address>
         <run_address>0x4504</run_address>
         <size>0x134</size>
         <input_file_ref idref="fl-3"/>
      </object_component>
      <object_component id="oc-156">
         <name>.text:_Z4plotIfEvP5ChartPT_iPKc</name>
         <load_address>0x4638</load_address>
         <run_address>0x4638</run_address>
         <size>0x130</size>
         <input_file_ref idref="fl-3"/>
      </object_component>
      <object_component id="oc-454">
         <name>.text:fcvt</name>
         <load_address>0x4768</load_address>
         <run_address>0x4768</run_address>
         <size>0x124</size>
         <input_file_ref idref="fl-dc"/>
      </object_component>
      <object_component id="oc-6e">
         <name>.text</name>
         <load_address>0x488c</load_address>
         <run_address>0x488c</run_address>
         <size>0x11c</size>
         <input_file_ref idref="fl-5"/>
      </object_component>
      <object_component id="oc-468">
         <name>.text:scalbn</name>
         <load_address>0x49a8</load_address>
         <run_address>0x49a8</run_address>
         <size>0x110</size>
         <input_file_ref idref="fl-de"/>
      </object_component>
      <object_component id="oc-11b">
         <name>.text</name>
         <load_address>0x4ab8</load_address>
         <run_address>0x4ab8</run_address>
         <size>0xfc</size>
         <input_file_ref idref="fl-d0"/>
      </object_component>
      <object_component id="oc-2d4">
         <name>.text:ADCSequenceStepConfigure</name>
         <load_address>0x4bb4</load_address>
         <run_address>0x4bb4</run_address>
         <size>0xee</size>
         <input_file_ref idref="fl-ef"/>
      </object_component>
      <object_component id="oc-f0">
         <name>.text:cosf</name>
         <load_address>0x4ca4</load_address>
         <run_address>0x4ca4</run_address>
         <size>0xb4</size>
         <input_file_ref idref="fl-c6"/>
      </object_component>
      <object_component id="oc-35b">
         <name>.text:_ltostr</name>
         <load_address>0x4d58</load_address>
         <run_address>0x4d58</run_address>
         <size>0xb1</size>
         <input_file_ref idref="fl-dc"/>
      </object_component>
      <object_component id="oc-17a">
         <name>.text:_Z9getMinMaxIfEvPKT_iRS0_S3_RiS4_</name>
         <load_address>0x4e0a</load_address>
         <run_address>0x4e0a</run_address>
         <size>0xa4</size>
         <input_file_ref idref="fl-3"/>
      </object_component>
      <object_component id="oc-f6">
         <name>.text:sinf</name>
         <load_address>0x4eb0</load_address>
         <run_address>0x4eb0</run_address>
         <size>0xa4</size>
         <input_file_ref idref="fl-c7"/>
      </object_component>
      <object_component id="oc-3c">
         <name>.text</name>
         <load_address>0x4f54</load_address>
         <run_address>0x4f54</run_address>
         <size>0x9c</size>
         <input_file_ref idref="fl-d5"/>
      </object_component>
      <object_component id="oc-2b2">
         <name>.text</name>
         <load_address>0x4ff0</load_address>
         <run_address>0x4ff0</run_address>
         <size>0x96</size>
         <input_file_ref idref="fl-cb"/>
      </object_component>
      <object_component id="oc-309">
         <name>.text:_SysCtlFrequencyGet</name>
         <load_address>0x5088</load_address>
         <run_address>0x5088</run_address>
         <size>0x90</size>
         <input_file_ref idref="fl-f3"/>
      </object_component>
      <object_component id="oc-2b8">
         <name>.text:__aeabi_cdcmple</name>
         <load_address>0x5118</load_address>
         <run_address>0x5118</run_address>
         <size>0x86</size>
         <input_file_ref idref="fl-ce"/>
      </object_component>
      <object_component id="oc-111">
         <name>.text:__aeabi_cdrcmple</name>
         <load_address>0x519e</load_address>
         <run_address>0x519e</run_address>
         <size>0x86</size>
         <input_file_ref idref="fl-ce"/>
      </object_component>
      <object_component id="oc-14f">
         <name>.text:_Z9getMinMaxIdEvPKT_iRS0_S3_</name>
         <load_address>0x5224</load_address>
         <run_address>0x5224</run_address>
         <size>0x84</size>
         <input_file_ref idref="fl-3"/>
      </object_component>
      <object_component id="oc-3e7">
         <name>.text:IntEnable</name>
         <load_address>0x52a8</load_address>
         <run_address>0x52a8</run_address>
         <size>0x80</size>
         <input_file_ref idref="fl-f2"/>
      </object_component>
      <object_component id="oc-96">
         <name>.text</name>
         <load_address>0x5328</load_address>
         <run_address>0x5328</run_address>
         <size>0x7a</size>
         <input_file_ref idref="fl-e1"/>
      </object_component>
      <object_component id="oc-16b">
         <name>.text:_Z9getMinMaxItEvPKT_iRS0_S3_</name>
         <load_address>0x53a2</load_address>
         <run_address>0x53a2</run_address>
         <size>0x6e</size>
         <input_file_ref idref="fl-3"/>
      </object_component>
      <object_component id="oc-44d">
         <name>.text:_mcpy</name>
         <load_address>0x5410</load_address>
         <run_address>0x5410</run_address>
         <size>0x6e</size>
         <input_file_ref idref="fl-dc"/>
      </object_component>
      <object_component id="oc-139">
         <name>.text</name>
         <load_address>0x547e</load_address>
         <run_address>0x547e</run_address>
         <size>0x6e</size>
         <input_file_ref idref="fl-d1"/>
      </object_component>
      <object_component id="oc-14a">
         <name>.text</name>
         <load_address>0x54ec</load_address>
         <run_address>0x54ec</run_address>
         <size>0x6e</size>
         <input_file_ref idref="fl-ca"/>
      </object_component>
      <object_component id="oc-145">
         <name>.text</name>
         <load_address>0x555a</load_address>
         <run_address>0x555a</run_address>
         <size>0x6c</size>
         <input_file_ref idref="fl-d3"/>
      </object_component>
      <object_component id="oc-16">
         <name>.text:decompress:lzss:__TI_decompress_lzss</name>
         <load_address>0x55c6</load_address>
         <run_address>0x55c6</run_address>
         <size>0x68</size>
         <input_file_ref idref="fl-d8"/>
      </object_component>
      <object_component id="oc-462">
         <name>.text:frexp</name>
         <load_address>0x5630</load_address>
         <run_address>0x5630</run_address>
         <size>0x64</size>
         <input_file_ref idref="fl-dd"/>
      </object_component>
      <object_component id="oc-2e6">
         <name>.text:TimerControlTrigger</name>
         <load_address>0x5694</load_address>
         <run_address>0x5694</run_address>
         <size>0x60</size>
         <input_file_ref idref="fl-f4"/>
      </object_component>
      <object_component id="oc-3cd">
         <name>.text:GPIODirModeSet</name>
         <load_address>0x56f4</load_address>
         <run_address>0x56f4</run_address>
         <size>0x5c</size>
         <input_file_ref idref="fl-f1"/>
      </object_component>
      <object_component id="oc-3e1">
         <name>.text:IntRegister</name>
         <load_address>0x5750</load_address>
         <run_address>0x5750</run_address>
         <size>0x5c</size>
         <input_file_ref idref="fl-f2"/>
      </object_component>
      <object_component id="oc-367">
         <name>.text:_pconv_f</name>
         <load_address>0x57ac</load_address>
         <run_address>0x57ac</run_address>
         <size>0x56</size>
         <input_file_ref idref="fl-dc"/>
      </object_component>
      <object_component id="oc-441">
         <name>.text:__TI_ltoa</name>
         <load_address>0x5802</load_address>
         <run_address>0x5802</run_address>
         <size>0x54</size>
         <input_file_ref idref="fl-e8"/>
      </object_component>
      <object_component id="oc-447">
         <name>.text:_ecpy</name>
         <load_address>0x5856</load_address>
         <run_address>0x5856</run_address>
         <size>0x52</size>
         <input_file_ref idref="fl-dc"/>
      </object_component>
      <object_component id="oc-355">
         <name>.text:atoi</name>
         <load_address>0x58a8</load_address>
         <run_address>0x58a8</run_address>
         <size>0x4c</size>
         <input_file_ref idref="fl-ea"/>
      </object_component>
      <object_component id="oc-43c">
         <name>.text</name>
         <load_address>0x58f4</load_address>
         <run_address>0x58f4</run_address>
         <size>0x48</size>
         <input_file_ref idref="fl-e2"/>
      </object_component>
      <object_component id="oc-200">
         <name>.text:GPIOPinConfigure</name>
         <load_address>0x593c</load_address>
         <run_address>0x593c</run_address>
         <size>0x44</size>
         <input_file_ref idref="fl-f1"/>
      </object_component>
      <object_component id="oc-303">
         <name>.text:_SysCtlMemTimingGet</name>
         <load_address>0x5980</load_address>
         <run_address>0x5980</run_address>
         <size>0x44</size>
         <input_file_ref idref="fl-f3"/>
      </object_component>
      <object_component id="oc-1ad">
         <name>.text:__TI_auto_init_nobinit_nopinit:__TI_auto_init_nobinit_nopinit</name>
         <load_address>0x59c4</load_address>
         <run_address>0x59c4</run_address>
         <size>0x44</size>
         <input_file_ref idref="fl-e3"/>
      </object_component>
      <object_component id="oc-1fb">
         <name>.text</name>
         <load_address>0x5a08</load_address>
         <run_address>0x5a08</run_address>
         <size>0x40</size>
         <input_file_ref idref="fl-cc"/>
      </object_component>
      <object_component id="oc-da">
         <name>.text:sprintf</name>
         <load_address>0x5a48</load_address>
         <run_address>0x5a48</run_address>
         <size>0x40</size>
         <input_file_ref idref="fl-c8"/>
      </object_component>
      <object_component id="oc-45a">
         <name>.text:_fcpy</name>
         <load_address>0x5a88</load_address>
         <run_address>0x5a88</run_address>
         <size>0x3e</size>
         <input_file_ref idref="fl-dc"/>
      </object_component>
      <object_component id="oc-10c">
         <name>.text</name>
         <load_address>0x5ac6</load_address>
         <run_address>0x5ac6</run_address>
         <size>0x38</size>
         <input_file_ref idref="fl-d2"/>
      </object_component>
      <object_component id="oc-5a">
         <name>.text:_c_int00_noargs:_c_int00_noargs</name>
         <load_address>0x5b00</load_address>
         <run_address>0x5b00</run_address>
         <size>0x34</size>
         <input_file_ref idref="fl-db"/>
      </object_component>
      <object_component id="oc-39c">
         <name>.text:__isnanf</name>
         <load_address>0x5b34</load_address>
         <run_address>0x5b34</run_address>
         <size>0x30</size>
         <input_file_ref idref="fl-3"/>
      </object_component>
      <object_component id="oc-116">
         <name>.text</name>
         <load_address>0x5b64</load_address>
         <run_address>0x5b64</run_address>
         <size>0x2e</size>
         <input_file_ref idref="fl-d4"/>
      </object_component>
      <object_component id="oc-2e0">
         <name>.text:ADCClockConfigSet</name>
         <load_address>0x5b92</load_address>
         <run_address>0x5b92</run_address>
         <size>0x2a</size>
         <input_file_ref idref="fl-ef"/>
      </object_component>
      <object_component id="oc-2da">
         <name>.text:ADCIntRegister</name>
         <load_address>0x5bbc</load_address>
         <run_address>0x5bbc</run_address>
         <size>0x28</size>
         <input_file_ref idref="fl-ef"/>
      </object_component>
      <object_component id="oc-3db">
         <name>.text:_ADCIntNumberGet</name>
         <load_address>0x5be4</load_address>
         <run_address>0x5be4</run_address>
         <size>0x28</size>
         <input_file_ref idref="fl-ef"/>
      </object_component>
      <object_component id="oc-fc">
         <name>.text:sqrtf</name>
         <load_address>0x5c0c</load_address>
         <run_address>0x5c0c</run_address>
         <size>0x28</size>
         <input_file_ref idref="fl-c4"/>
      </object_component>
      <object_component id="oc-2ce">
         <name>.text:GPIOPinTypeADC</name>
         <load_address>0x5c34</load_address>
         <run_address>0x5c34</run_address>
         <size>0x24</size>
         <input_file_ref idref="fl-f1"/>
      </object_component>
      <object_component id="oc-379">
         <name>.text:memccpy</name>
         <load_address>0x5c58</load_address>
         <run_address>0x5c58</run_address>
         <size>0x1c</size>
         <input_file_ref idref="fl-ec"/>
      </object_component>
      <object_component id="oc-4dd">
         <name>.text:copysign</name>
         <load_address>0x5c74</load_address>
         <run_address>0x5c74</run_address>
         <size>0x1a</size>
         <input_file_ref idref="fl-df"/>
      </object_component>
      <object_component id="oc-18e">
         <name>.text:FPUEnable</name>
         <load_address>0x5c90</load_address>
         <run_address>0x5c90</run_address>
         <size>0x18</size>
         <input_file_ref idref="fl-f0"/>
      </object_component>
      <object_component id="oc-22e">
         <name>.text:_Z14__libcpp_isnanIfEbT_</name>
         <load_address>0x5ca8</load_address>
         <run_address>0x5ca8</run_address>
         <size>0x18</size>
         <input_file_ref idref="fl-3"/>
      </object_component>
      <object_component id="oc-15d">
         <name>.text:_Z5atan2ff</name>
         <load_address>0x5cc0</load_address>
         <run_address>0x5cc0</run_address>
         <size>0x18</size>
         <input_file_ref idref="fl-3"/>
      </object_component>
      <object_component id="oc-217">
         <name>.text:_outs</name>
         <load_address>0x5cd8</load_address>
         <run_address>0x5cd8</run_address>
         <size>0x18</size>
         <input_file_ref idref="fl-c8"/>
      </object_component>
      <object_component id="oc-46e">
         <name>.text:strchr</name>
         <load_address>0x5cf0</load_address>
         <run_address>0x5cf0</run_address>
         <size>0x16</size>
         <input_file_ref idref="fl-ed"/>
      </object_component>
      <object_component id="oc-13e">
         <name>.text:_Z3absf</name>
         <load_address>0x5d06</load_address>
         <run_address>0x5d06</run_address>
         <size>0x14</size>
         <input_file_ref idref="fl-3"/>
      </object_component>
      <object_component id="oc-e0">
         <name>.text:strlen</name>
         <load_address>0x5d1a</load_address>
         <run_address>0x5d1a</run_address>
         <size>0x14</size>
         <input_file_ref idref="fl-d9"/>
      </object_component>
      <object_component id="oc-2c8">
         <name>.text:ADCIntClearEx</name>
         <load_address>0x5d2e</load_address>
         <run_address>0x5d2e</run_address>
         <size>0x12</size>
         <input_file_ref idref="fl-ef"/>
      </object_component>
      <object_component id="oc-37f">
         <name>.text:wcslen</name>
         <load_address>0x5d40</load_address>
         <run_address>0x5d40</run_address>
         <size>0x12</size>
         <input_file_ref idref="fl-ee"/>
      </object_component>
      <object_component id="oc-194">
         <name>.text:FPULazyStackingEnable</name>
         <load_address>0x5d54</load_address>
         <run_address>0x5d54</run_address>
         <size>0x10</size>
         <input_file_ref idref="fl-f0"/>
      </object_component>
      <object_component id="oc-e9">
         <name>.text:_Z5isnanIfENSt3__29enable_ifIXsr3std3__217is_floating_pointIT_EE5valueEbE4typeES2_</name>
         <load_address>0x5d64</load_address>
         <run_address>0x5d64</run_address>
         <size>0x10</size>
         <input_file_ref idref="fl-3"/>
      </object_component>
      <object_component id="oc-1c">
         <name>.text:decompress:none:__TI_decompress_none</name>
         <load_address>0x5d74</load_address>
         <run_address>0x5d74</run_address>
         <size>0xe</size>
         <input_file_ref idref="fl-d7"/>
      </object_component>
      <object_component id="oc-28">
         <name>.text</name>
         <load_address>0x5d82</load_address>
         <run_address>0x5d82</run_address>
         <size>0xe</size>
         <input_file_ref idref="fl-4"/>
      </object_component>
      <object_component id="oc-4e">
         <name>.text:decompress:ZI:__TI_zero_init</name>
         <load_address>0x5d90</load_address>
         <run_address>0x5d90</run_address>
         <size>0xc</size>
         <input_file_ref idref="fl-d6"/>
      </object_component>
      <object_component id="oc-21d">
         <name>.text:_outc</name>
         <load_address>0x5d9c</load_address>
         <run_address>0x5d9c</run_address>
         <size>0xa</size>
         <input_file_ref idref="fl-c8"/>
      </object_component>
      <object_component id="oc-237">
         <name>.text:__aeabi_errno_addr</name>
         <load_address>0x5da8</load_address>
         <run_address>0x5da8</run_address>
         <size>0x8</size>
         <input_file_ref idref="fl-da"/>
      </object_component>
      <object_component id="oc-9c">
         <name>.text:_system_pre_init</name>
         <load_address>0x5db0</load_address>
         <run_address>0x5db0</run_address>
         <size>0x4</size>
         <input_file_ref idref="fl-e4"/>
      </object_component>
      <object_component id="oc-1a1">
         <name>.text:abort:abort</name>
         <load_address>0x5db4</load_address>
         <run_address>0x5db4</run_address>
         <size>0x4</size>
         <input_file_ref idref="fl-e6"/>
      </object_component>
      <object_component id="oc-315">
         <name>.const:g_pppui32XTALtoVCO</name>
         <load_address>0x5db8</load_address>
         <run_address>0x5db8</run_address>
         <size>0x1b0</size>
         <input_file_ref idref="fl-f3"/>
      </object_component>
      <object_component id="oc-436">
         <name>.const:.string:_ctypes_</name>
         <load_address>0x5f68</load_address>
         <run_address>0x5f68</run_address>
         <size>0x101</size>
         <input_file_ref idref="fl-eb"/>
      </object_component>
      <object_component id="oc-347">
         <name>.const:g_pui32GPIOBaseAddrs</name>
         <load_address>0x606c</load_address>
         <run_address>0x606c</run_address>
         <size>0x48</size>
         <input_file_ref idref="fl-f1"/>
      </object_component>
      <object_component id="oc-493">
         <name>.const:$O1$$</name>
         <load_address>0x60b4</load_address>
         <run_address>0x60b4</run_address>
         <size>0x34</size>
         <input_file_ref idref="fl-c5"/>
      </object_component>
      <object_component id="oc-401">
         <name>.const:g_sXTALtoMEMTIM</name>
         <load_address>0x60e8</load_address>
         <run_address>0x60e8</run_address>
         <size>0x30</size>
         <input_file_ref idref="fl-f3"/>
      </object_component>
      <object_component id="oc-30f">
         <name>.const:g_pui32Xtals</name>
         <load_address>0x6118</load_address>
         <run_address>0x6118</run_address>
         <size>0x28</size>
         <input_file_ref idref="fl-f3"/>
      </object_component>
      <object_component id="oc-2bd">
         <name>.const:.string:_ZZ4plotIfEvP5ChartPT_iPKcEs</name>
         <load_address>0x6140</load_address>
         <run_address>0x6140</run_address>
         <size>0x17</size>
         <input_file_ref idref="fl-3"/>
      </object_component>
      <object_component id="oc-2ef">
         <name>.const:.string:_ZZ4plotItEvP5ChartPT_iPKcEs</name>
         <load_address>0x6157</load_address>
         <run_address>0x6157</run_address>
         <size>0x17</size>
         <input_file_ref idref="fl-3"/>
      </object_component>
      <object_component id="oc-e6">
         <name>.const:$P$T18$5</name>
         <load_address>0x6170</load_address>
         <run_address>0x6170</run_address>
         <size>0x14</size>
         <input_file_ref idref="fl-3"/>
      </object_component>
      <object_component id="oc-4a6">
         <name>.const:g_pui32EnRegs</name>
         <load_address>0x6184</load_address>
         <run_address>0x6184</run_address>
         <size>0x14</size>
         <input_file_ref idref="fl-f2"/>
      </object_component>
      <object_component id="oc-3fc">
         <name>.const:.string</name>
         <load_address>0x6198</load_address>
         <run_address>0x6198</run_address>
         <size>0x12</size>
         <input_file_ref idref="fl-6"/>
      </object_component>
      <object_component id="oc-34b">
         <name>.const:.string</name>
         <load_address>0x61ac</load_address>
         <run_address>0x61ac</run_address>
         <size>0x12</size>
         <input_file_ref idref="fl-7"/>
      </object_component>
      <object_component id="oc-3b7">
         <name>.const:.string</name>
         <load_address>0x61c0</load_address>
         <run_address>0x61c0</run_address>
         <size>0x12</size>
         <input_file_ref idref="fl-8"/>
      </object_component>
      <object_component id="oc-2fa">
         <name>.const:g_ui32UARTBase</name>
         <load_address>0x61d4</load_address>
         <run_address>0x61d4</run_address>
         <size>0xc</size>
         <input_file_ref idref="fl-6"/>
      </object_component>
      <object_component id="oc-1f8">
         <name>.const:g_ui32UARTBase</name>
         <load_address>0x61e0</load_address>
         <run_address>0x61e0</run_address>
         <size>0xc</size>
         <input_file_ref idref="fl-7"/>
      </object_component>
      <object_component id="oc-2a2">
         <name>.const:g_ui32UARTBase</name>
         <load_address>0x61ec</load_address>
         <run_address>0x61ec</run_address>
         <size>0xc</size>
         <input_file_ref idref="fl-8"/>
      </object_component>
      <object_component id="oc-2f4">
         <name>.const:g_ui32UARTPeriph</name>
         <load_address>0x61f8</load_address>
         <run_address>0x61f8</run_address>
         <size>0xc</size>
         <input_file_ref idref="fl-6"/>
      </object_component>
      <object_component id="oc-1f2">
         <name>.const:g_ui32UARTPeriph</name>
         <load_address>0x6204</load_address>
         <run_address>0x6204</run_address>
         <size>0xc</size>
         <input_file_ref idref="fl-7"/>
      </object_component>
      <object_component id="oc-29c">
         <name>.const:g_ui32UARTPeriph</name>
         <load_address>0x6210</load_address>
         <run_address>0x6210</run_address>
         <size>0xc</size>
         <input_file_ref idref="fl-8"/>
      </object_component>
      <object_component id="oc-312">
         <name>.const:g_pui32VCOFrequencies</name>
         <load_address>0x621c</load_address>
         <run_address>0x621c</run_address>
         <size>0x8</size>
         <input_file_ref idref="fl-f3"/>
      </object_component>
      <object_component id="oc-2fd">
         <name>.const</name>
         <load_address>0x6224</load_address>
         <run_address>0x6224</run_address>
         <size>0x4</size>
         <input_file_ref idref="fl-6"/>
      </object_component>
      <object_component id="oc-206">
         <name>.const</name>
         <load_address>0x6228</load_address>
         <run_address>0x6228</run_address>
         <size>0x4</size>
         <input_file_ref idref="fl-7"/>
      </object_component>
      <object_component id="oc-2a5">
         <name>.const</name>
         <load_address>0x622c</load_address>
         <run_address>0x622c</run_address>
         <size>0x4</size>
         <input_file_ref idref="fl-8"/>
      </object_component>
      <object_component id="oc-539">
         <name>.cinit..data.load</name>
         <load_address>0x6230</load_address>
         <run_address>0x6230</run_address>
         <size>0x36</size>
      </object_component>
      <object_component id="oc-536">
         <name>__TI_handler_table</name>
         <load_address>0x6268</load_address>
         <run_address>0x6268</run_address>
         <size>0xc</size>
      </object_component>
      <object_component id="oc-53a">
         <name>.cinit..bss.load</name>
         <load_address>0x6278</load_address>
         <run_address>0x6278</run_address>
         <size>0x8</size>
      </object_component>
      <object_component id="oc-538">
         <name>.cinit..vtable.load</name>
         <load_address>0x6280</load_address>
         <run_address>0x6280</run_address>
         <size>0x8</size>
      </object_component>
      <object_component id="oc-537">
         <name>__TI_cinit_table</name>
         <load_address>0x6288</load_address>
         <run_address>0x6288</run_address>
         <size>0x18</size>
      </object_component>
      <object_component id="oc-4a1">
         <name>.vtable</name>
         <uninitialized>true</uninitialized>
         <run_address>0x20000000</run_address>
         <size>0x26c</size>
         <input_file_ref idref="fl-f2"/>
      </object_component>
      <object_component id="oc-106">
         <name>.data</name>
         <load_address>0x2000026c</load_address>
         <run_address>0x2000026c</run_address>
         <size>0x2d</size>
         <input_file_ref idref="fl-2"/>
      </object_component>
      <object_component id="oc-19a">
         <name>.data</name>
         <load_address>0x20000299</load_address>
         <run_address>0x20000299</run_address>
         <size>0x1</size>
         <input_file_ref idref="fl-3"/>
      </object_component>
      <object_component id="oc-b4">
         <name>.data</name>
         <load_address>0x200002b8</load_address>
         <run_address>0x200002b8</run_address>
         <size>0x4</size>
         <input_file_ref idref="fl-5"/>
      </object_component>
      <object_component id="oc-2f7">
         <name>.data</name>
         <load_address>0x2000029c</load_address>
         <run_address>0x2000029c</run_address>
         <size>0x5</size>
         <input_file_ref idref="fl-6"/>
      </object_component>
      <object_component id="oc-1f5">
         <name>.data</name>
         <load_address>0x200002a4</load_address>
         <run_address>0x200002a4</run_address>
         <size>0x5</size>
         <input_file_ref idref="fl-7"/>
      </object_component>
      <object_component id="oc-29f">
         <name>.data</name>
         <load_address>0x200002ac</load_address>
         <run_address>0x200002ac</run_address>
         <size>0x5</size>
         <input_file_ref idref="fl-8"/>
      </object_component>
      <object_component id="oc-3a3">
         <name>.data</name>
         <load_address>0x200002b4</load_address>
         <run_address>0x200002b4</run_address>
         <size>0x4</size>
         <input_file_ref idref="fl-da"/>
      </object_component>
      <object_component id="oc-28c">
         <name>.common:adcData0</name>
         <uninitialized>true</uninitialized>
         <run_address>0x20004400</run_address>
         <size>0x800</size>
      </object_component>
      <object_component id="oc-2ed">
         <name>.common:adcData1</name>
         <uninitialized>true</uninitialized>
         <run_address>0x20004c00</run_address>
         <size>0x800</size>
      </object_component>
      <object_component id="oc-2ec">
         <name>.common:pui8ControlTable</name>
         <uninitialized>true</uninitialized>
         <run_address>0x20005400</run_address>
         <size>0x400</size>
      </object_component>
      <object_component id="oc-109">
         <name>.common:re</name>
         <uninitialized>true</uninitialized>
         <run_address>0x20003400</run_address>
         <size>0x1000</size>
      </object_component>
      <object_component id="oc-10a">
         <name>.common:im</name>
         <uninitialized>true</uninitialized>
         <run_address>0x20001400</run_address>
         <size>0x1000</size>
      </object_component>
      <object_component id="oc-10b">
         <name>.common:mag</name>
         <uninitialized>true</uninitialized>
         <run_address>0x20002400</run_address>
         <size>0x1000</size>
      </object_component>
      <object_component id="oc-102">
         <name>.common:hamming</name>
         <uninitialized>true</uninitialized>
         <run_address>0x20000400</run_address>
         <size>0x1000</size>
      </object_component>
      <object_component id="oc-130">
         <name>.common:peak_mag</name>
         <uninitialized>true</uninitialized>
         <run_address>0x200058b0</run_address>
         <size>0x28</size>
      </object_component>
      <object_component id="oc-131">
         <name>.common:har_id</name>
         <uninitialized>true</uninitialized>
         <run_address>0x200058d8</run_address>
         <size>0x14</size>
      </object_component>
      <object_component id="oc-132">
         <name>.common:har_freq</name>
         <uninitialized>true</uninitialized>
         <run_address>0x20005888</run_address>
         <size>0x28</size>
      </object_component>
      <object_component id="oc-187">
         <name>.common:chart1</name>
         <uninitialized>true</uninitialized>
         <run_address>0x20005800</run_address>
         <size>0x2c</size>
      </object_component>
      <object_component id="oc-16a">
         <name>.common:chart2</name>
         <uninitialized>true</uninitialized>
         <run_address>0x2000582c</run_address>
         <size>0x2c</size>
      </object_component>
      <object_component id="oc-179">
         <name>.common:chart3</name>
         <uninitialized>true</uninitialized>
         <run_address>0x20005858</run_address>
         <size>0x2c</size>
      </object_component>
      <object_component id="oc-25">
         <name>.stack</name>
         <uninitialized>true</uninitialized>
         <run_address>0x200058f0</run_address>
         <size>0x4</size>
         <input_file_ref idref="fl-db"/>
      </object_component>
      <object_component id="oc-53c">
         <name>.stack</name>
         <uninitialized>true</uninitialized>
         <run_address>0x200058f0</run_address>
         <size>0x0</size>
      </object_component>
      <object_component id="oc-c2">
         <name>.debug_info</name>
         <load_address>0x0</load_address>
         <run_address>0x0</run_address>
         <size>0x9ae</size>
         <input_file_ref idref="fl-2"/>
      </object_component>
      <object_component id="oc-107">
         <name>.debug_info</name>
         <load_address>0x9ae</load_address>
         <run_address>0x9ae</run_address>
         <size>0x240</size>
         <input_file_ref idref="fl-2"/>
      </object_component>
      <object_component id="oc-168">
         <name>.debug_info</name>
         <load_address>0xbee</load_address>
         <run_address>0xbee</run_address>
         <size>0x393</size>
         <input_file_ref idref="fl-2"/>
      </object_component>
      <object_component id="oc-77">
         <name>.debug_info</name>
         <load_address>0xf81</load_address>
         <run_address>0xf81</run_address>
         <size>0x26b</size>
         <input_file_ref idref="fl-2"/>
      </object_component>
      <object_component id="oc-1e3">
         <name>.debug_info</name>
         <load_address>0x11ec</load_address>
         <run_address>0x11ec</run_address>
         <size>0x1055</size>
         <input_file_ref idref="fl-2"/>
      </object_component>
      <object_component id="oc-1ed">
         <name>.debug_info</name>
         <load_address>0x2241</load_address>
         <run_address>0x2241</run_address>
         <size>0x186</size>
         <input_file_ref idref="fl-2"/>
      </object_component>
      <object_component id="oc-bd">
         <name>.debug_info</name>
         <load_address>0x23c7</load_address>
         <run_address>0x23c7</run_address>
         <size>0x8b</size>
         <input_file_ref idref="fl-2"/>
      </object_component>
      <object_component id="oc-b8">
         <name>.debug_info</name>
         <load_address>0x2452</load_address>
         <run_address>0x2452</run_address>
         <size>0x2a4</size>
         <input_file_ref idref="fl-2"/>
      </object_component>
      <object_component id="oc-7c">
         <name>.debug_info</name>
         <load_address>0x26f6</load_address>
         <run_address>0x26f6</run_address>
         <size>0xbb</size>
         <input_file_ref idref="fl-2"/>
      </object_component>
      <object_component id="oc-1e8">
         <name>.debug_info</name>
         <load_address>0x27b1</load_address>
         <run_address>0x27b1</run_address>
         <size>0x35</size>
         <input_file_ref idref="fl-2"/>
      </object_component>
      <object_component id="oc-103">
         <name>.debug_info</name>
         <load_address>0x27e6</load_address>
         <run_address>0x27e6</run_address>
         <size>0x2d37</size>
         <input_file_ref idref="fl-3"/>
      </object_component>
      <object_component id="oc-2be">
         <name>.debug_info</name>
         <load_address>0x551d</load_address>
         <run_address>0x551d</run_address>
         <size>0xdf</size>
         <input_file_ref idref="fl-3"/>
      </object_component>
      <object_component id="oc-2f0">
         <name>.debug_info</name>
         <load_address>0x55fc</load_address>
         <run_address>0x55fc</run_address>
         <size>0xdf</size>
         <input_file_ref idref="fl-3"/>
      </object_component>
      <object_component id="oc-e7">
         <name>.debug_info</name>
         <load_address>0x56db</load_address>
         <run_address>0x56db</run_address>
         <size>0xc9</size>
         <input_file_ref idref="fl-3"/>
      </object_component>
      <object_component id="oc-39d">
         <name>.debug_info</name>
         <load_address>0x57a4</load_address>
         <run_address>0x57a4</run_address>
         <size>0x18d</size>
         <input_file_ref idref="fl-3"/>
      </object_component>
      <object_component id="oc-13f">
         <name>.debug_info</name>
         <load_address>0x5931</load_address>
         <run_address>0x5931</run_address>
         <size>0x1af</size>
         <input_file_ref idref="fl-3"/>
      </object_component>
      <object_component id="oc-15f">
         <name>.debug_info</name>
         <load_address>0x5ae0</load_address>
         <run_address>0x5ae0</run_address>
         <size>0x1f5</size>
         <input_file_ref idref="fl-3"/>
      </object_component>
      <object_component id="oc-ea">
         <name>.debug_info</name>
         <load_address>0x5cd5</load_address>
         <run_address>0x5cd5</run_address>
         <size>0x21c</size>
         <input_file_ref idref="fl-3"/>
      </object_component>
      <object_component id="oc-230">
         <name>.debug_info</name>
         <load_address>0x5ef1</load_address>
         <run_address>0x5ef1</run_address>
         <size>0x1db</size>
         <input_file_ref idref="fl-3"/>
      </object_component>
      <object_component id="oc-a4">
         <name>.debug_info</name>
         <load_address>0x60cc</load_address>
         <run_address>0x60cc</run_address>
         <size>0x2390</size>
         <input_file_ref idref="fl-3"/>
      </object_component>
      <object_component id="oc-151">
         <name>.debug_info</name>
         <load_address>0x845c</load_address>
         <run_address>0x845c</run_address>
         <size>0x1cd</size>
         <input_file_ref idref="fl-3"/>
      </object_component>
      <object_component id="oc-157">
         <name>.debug_info</name>
         <load_address>0x8629</load_address>
         <run_address>0x8629</run_address>
         <size>0x2c4</size>
         <input_file_ref idref="fl-3"/>
      </object_component>
      <object_component id="oc-16d">
         <name>.debug_info</name>
         <load_address>0x88ed</load_address>
         <run_address>0x88ed</run_address>
         <size>0x194</size>
         <input_file_ref idref="fl-3"/>
      </object_component>
      <object_component id="oc-174">
         <name>.debug_info</name>
         <load_address>0x8a81</load_address>
         <run_address>0x8a81</run_address>
         <size>0x2c0</size>
         <input_file_ref idref="fl-3"/>
      </object_component>
      <object_component id="oc-17b">
         <name>.debug_info</name>
         <load_address>0x8d41</load_address>
         <run_address>0x8d41</run_address>
         <size>0x1d1</size>
         <input_file_ref idref="fl-3"/>
      </object_component>
      <object_component id="oc-241">
         <name>.debug_info</name>
         <load_address>0x8f12</load_address>
         <run_address>0x8f12</run_address>
         <size>0x139b</size>
         <input_file_ref idref="fl-3"/>
      </object_component>
      <object_component id="oc-246">
         <name>.debug_info</name>
         <load_address>0xa2ad</load_address>
         <run_address>0xa2ad</run_address>
         <size>0x82fb</size>
         <input_file_ref idref="fl-3"/>
      </object_component>
      <object_component id="oc-24b">
         <name>.debug_info</name>
         <load_address>0x125a8</load_address>
         <run_address>0x125a8</run_address>
         <size>0x148</size>
         <input_file_ref idref="fl-3"/>
      </object_component>
      <object_component id="oc-250">
         <name>.debug_info</name>
         <load_address>0x126f0</load_address>
         <run_address>0x126f0</run_address>
         <size>0x1f1</size>
         <input_file_ref idref="fl-3"/>
      </object_component>
      <object_component id="oc-255">
         <name>.debug_info</name>
         <load_address>0x128e1</load_address>
         <run_address>0x128e1</run_address>
         <size>0x73</size>
         <input_file_ref idref="fl-3"/>
      </object_component>
      <object_component id="oc-25a">
         <name>.debug_info</name>
         <load_address>0x12954</load_address>
         <run_address>0x12954</run_address>
         <size>0x1d38</size>
         <input_file_ref idref="fl-3"/>
      </object_component>
      <object_component id="oc-25f">
         <name>.debug_info</name>
         <load_address>0x1468c</load_address>
         <run_address>0x1468c</run_address>
         <size>0xa0a</size>
         <input_file_ref idref="fl-3"/>
      </object_component>
      <object_component id="oc-273">
         <name>.debug_info</name>
         <load_address>0x15096</load_address>
         <run_address>0x15096</run_address>
         <size>0x2d6</size>
         <input_file_ref idref="fl-3"/>
      </object_component>
      <object_component id="oc-19c">
         <name>.debug_info</name>
         <load_address>0x1536c</load_address>
         <run_address>0x1536c</run_address>
         <size>0xbb</size>
         <input_file_ref idref="fl-3"/>
      </object_component>
      <object_component id="oc-269">
         <name>.debug_info</name>
         <load_address>0x15427</load_address>
         <run_address>0x15427</run_address>
         <size>0x2a1</size>
         <input_file_ref idref="fl-3"/>
      </object_component>
      <object_component id="oc-264">
         <name>.debug_info</name>
         <load_address>0x156c8</load_address>
         <run_address>0x156c8</run_address>
         <size>0x46</size>
         <input_file_ref idref="fl-3"/>
      </object_component>
      <object_component id="oc-26e">
         <name>.debug_info</name>
         <load_address>0x1570e</load_address>
         <run_address>0x1570e</run_address>
         <size>0xf1</size>
         <input_file_ref idref="fl-3"/>
      </object_component>
      <object_component id="oc-20c">
         <name>.debug_info</name>
         <load_address>0x157ff</load_address>
         <run_address>0x157ff</run_address>
         <size>0x2c</size>
         <input_file_ref idref="fl-3"/>
      </object_component>
      <object_component id="oc-278">
         <name>.debug_info</name>
         <load_address>0x1582b</load_address>
         <run_address>0x1582b</run_address>
         <size>0x35</size>
         <input_file_ref idref="fl-3"/>
      </object_component>
      <object_component id="oc-27d">
         <name>.debug_info</name>
         <load_address>0x15860</load_address>
         <run_address>0x15860</run_address>
         <size>0x22b</size>
         <input_file_ref idref="fl-3"/>
      </object_component>
      <object_component id="oc-282">
         <name>.debug_info</name>
         <load_address>0x15a8b</load_address>
         <run_address>0x15a8b</run_address>
         <size>0xbc</size>
         <input_file_ref idref="fl-3"/>
      </object_component>
      <object_component id="oc-287">
         <name>.debug_info</name>
         <load_address>0x15b47</load_address>
         <run_address>0x15b47</run_address>
         <size>0x224</size>
         <input_file_ref idref="fl-3"/>
      </object_component>
      <object_component id="oc-30">
         <name>.debug_info</name>
         <load_address>0x15d6b</load_address>
         <run_address>0x15d6b</run_address>
         <size>0x2c0</size>
         <input_file_ref idref="fl-4"/>
      </object_component>
      <object_component id="oc-14">
         <name>.debug_info</name>
         <load_address>0x1602b</load_address>
         <run_address>0x1602b</run_address>
         <size>0xeb</size>
         <input_file_ref idref="fl-4"/>
      </object_component>
      <object_component id="oc-29">
         <name>.debug_info</name>
         <load_address>0x16116</load_address>
         <run_address>0x16116</run_address>
         <size>0x1b8</size>
         <input_file_ref idref="fl-4"/>
      </object_component>
      <object_component id="oc-37">
         <name>.debug_info</name>
         <load_address>0x162ce</load_address>
         <run_address>0x162ce</run_address>
         <size>0x84</size>
         <input_file_ref idref="fl-4"/>
      </object_component>
      <object_component id="oc-b5">
         <name>.debug_info</name>
         <load_address>0x16352</load_address>
         <run_address>0x16352</run_address>
         <size>0xe4</size>
         <input_file_ref idref="fl-5"/>
      </object_component>
      <object_component id="oc-6f">
         <name>.debug_info</name>
         <load_address>0x16436</load_address>
         <run_address>0x16436</run_address>
         <size>0x22d</size>
         <input_file_ref idref="fl-5"/>
      </object_component>
      <object_component id="oc-301">
         <name>.debug_info</name>
         <load_address>0x16663</load_address>
         <run_address>0x16663</run_address>
         <size>0x1655</size>
         <input_file_ref idref="fl-6"/>
      </object_component>
      <object_component id="oc-2f8">
         <name>.debug_info</name>
         <load_address>0x17cb8</load_address>
         <run_address>0x17cb8</run_address>
         <size>0xce</size>
         <input_file_ref idref="fl-6"/>
      </object_component>
      <object_component id="oc-2fe">
         <name>.debug_info</name>
         <load_address>0x17d86</load_address>
         <run_address>0x17d86</run_address>
         <size>0xc8</size>
         <input_file_ref idref="fl-6"/>
      </object_component>
      <object_component id="oc-2fb">
         <name>.debug_info</name>
         <load_address>0x17e4e</load_address>
         <run_address>0x17e4e</run_address>
         <size>0xd6</size>
         <input_file_ref idref="fl-6"/>
      </object_component>
      <object_component id="oc-2f5">
         <name>.debug_info</name>
         <load_address>0x17f24</load_address>
         <run_address>0x17f24</run_address>
         <size>0xda</size>
         <input_file_ref idref="fl-6"/>
      </object_component>
      <object_component id="oc-182">
         <name>.debug_info</name>
         <load_address>0x17ffe</load_address>
         <run_address>0x17ffe</run_address>
         <size>0x84b</size>
         <input_file_ref idref="fl-6"/>
      </object_component>
      <object_component id="oc-350">
         <name>.debug_info</name>
         <load_address>0x18849</load_address>
         <run_address>0x18849</run_address>
         <size>0x1fe</size>
         <input_file_ref idref="fl-6"/>
      </object_component>
      <object_component id="oc-20a">
         <name>.debug_info</name>
         <load_address>0x18a47</load_address>
         <run_address>0x18a47</run_address>
         <size>0x1687</size>
         <input_file_ref idref="fl-7"/>
      </object_component>
      <object_component id="oc-1f6">
         <name>.debug_info</name>
         <load_address>0x1a0ce</load_address>
         <run_address>0x1a0ce</run_address>
         <size>0xce</size>
         <input_file_ref idref="fl-7"/>
      </object_component>
      <object_component id="oc-207">
         <name>.debug_info</name>
         <load_address>0x1a19c</load_address>
         <run_address>0x1a19c</run_address>
         <size>0xc8</size>
         <input_file_ref idref="fl-7"/>
      </object_component>
      <object_component id="oc-1f9">
         <name>.debug_info</name>
         <load_address>0x1a264</load_address>
         <run_address>0x1a264</run_address>
         <size>0xd6</size>
         <input_file_ref idref="fl-7"/>
      </object_component>
      <object_component id="oc-1f3">
         <name>.debug_info</name>
         <load_address>0x1a33a</load_address>
         <run_address>0x1a33a</run_address>
         <size>0xda</size>
         <input_file_ref idref="fl-7"/>
      </object_component>
      <object_component id="oc-d7">
         <name>.debug_info</name>
         <load_address>0x1a414</load_address>
         <run_address>0x1a414</run_address>
         <size>0x852</size>
         <input_file_ref idref="fl-7"/>
      </object_component>
      <object_component id="oc-2a9">
         <name>.debug_info</name>
         <load_address>0x1ac66</load_address>
         <run_address>0x1ac66</run_address>
         <size>0x1687</size>
         <input_file_ref idref="fl-8"/>
      </object_component>
      <object_component id="oc-2a0">
         <name>.debug_info</name>
         <load_address>0x1c2ed</load_address>
         <run_address>0x1c2ed</run_address>
         <size>0xce</size>
         <input_file_ref idref="fl-8"/>
      </object_component>
      <object_component id="oc-2a6">
         <name>.debug_info</name>
         <load_address>0x1c3bb</load_address>
         <run_address>0x1c3bb</run_address>
         <size>0xc8</size>
         <input_file_ref idref="fl-8"/>
      </object_component>
      <object_component id="oc-2a3">
         <name>.debug_info</name>
         <load_address>0x1c483</load_address>
         <run_address>0x1c483</run_address>
         <size>0xd6</size>
         <input_file_ref idref="fl-8"/>
      </object_component>
      <object_component id="oc-29d">
         <name>.debug_info</name>
         <load_address>0x1c559</load_address>
         <run_address>0x1c559</run_address>
         <size>0xda</size>
         <input_file_ref idref="fl-8"/>
      </object_component>
      <object_component id="oc-134">
         <name>.debug_info</name>
         <load_address>0x1c633</load_address>
         <run_address>0x1c633</run_address>
         <size>0x83b</size>
         <input_file_ref idref="fl-8"/>
      </object_component>
      <object_component id="oc-3c6">
         <name>.debug_info</name>
         <load_address>0x1ce6e</load_address>
         <run_address>0x1ce6e</run_address>
         <size>0x2b1</size>
         <input_file_ref idref="fl-c3"/>
      </object_component>
      <object_component id="oc-2c5">
         <name>.debug_info</name>
         <load_address>0x1d11f</load_address>
         <run_address>0x1d11f</run_address>
         <size>0x1ea</size>
         <input_file_ref idref="fl-c3"/>
      </object_component>
      <object_component id="oc-499">
         <name>.debug_info</name>
         <load_address>0x1d309</load_address>
         <run_address>0x1d309</run_address>
         <size>0x39</size>
         <input_file_ref idref="fl-c3"/>
      </object_component>
      <object_component id="oc-3c7">
         <name>.debug_info</name>
         <load_address>0x1d342</load_address>
         <run_address>0x1d342</run_address>
         <size>0x2c</size>
         <input_file_ref idref="fl-c3"/>
      </object_component>
      <object_component id="oc-23e">
         <name>.debug_info</name>
         <load_address>0x1d36e</load_address>
         <run_address>0x1d36e</run_address>
         <size>0x2cb</size>
         <input_file_ref idref="fl-c4"/>
      </object_component>
      <object_component id="oc-100">
         <name>.debug_info</name>
         <load_address>0x1d639</load_address>
         <run_address>0x1d639</run_address>
         <size>0x171</size>
         <input_file_ref idref="fl-c4"/>
      </object_component>
      <object_component id="oc-4f7">
         <name>.debug_info</name>
         <load_address>0x1d7aa</load_address>
         <run_address>0x1d7aa</run_address>
         <size>0x2f8</size>
         <input_file_ref idref="fl-c5"/>
      </object_component>
      <object_component id="oc-494">
         <name>.debug_info</name>
         <load_address>0x1daa2</load_address>
         <run_address>0x1daa2</run_address>
         <size>0x132</size>
         <input_file_ref idref="fl-c5"/>
      </object_component>
      <object_component id="oc-3c1">
         <name>.debug_info</name>
         <load_address>0x1dbd4</load_address>
         <run_address>0x1dbd4</run_address>
         <size>0x1ad</size>
         <input_file_ref idref="fl-c5"/>
      </object_component>
      <object_component id="oc-f1">
         <name>.debug_info</name>
         <load_address>0x1dd81</load_address>
         <run_address>0x1dd81</run_address>
         <size>0x171</size>
         <input_file_ref idref="fl-c6"/>
      </object_component>
      <object_component id="oc-f7">
         <name>.debug_info</name>
         <load_address>0x1def2</load_address>
         <run_address>0x1def2</run_address>
         <size>0x182</size>
         <input_file_ref idref="fl-c7"/>
      </object_component>
      <object_component id="oc-224">
         <name>.debug_info</name>
         <load_address>0x1e074</load_address>
         <run_address>0x1e074</run_address>
         <size>0x333</size>
         <input_file_ref idref="fl-c8"/>
      </object_component>
      <object_component id="oc-dc">
         <name>.debug_info</name>
         <load_address>0x1e3a7</load_address>
         <run_address>0x1e3a7</run_address>
         <size>0x1d1</size>
         <input_file_ref idref="fl-c8"/>
      </object_component>
      <object_component id="oc-218">
         <name>.debug_info</name>
         <load_address>0x1e578</load_address>
         <run_address>0x1e578</run_address>
         <size>0x18d</size>
         <input_file_ref idref="fl-c8"/>
      </object_component>
      <object_component id="oc-220">
         <name>.debug_info</name>
         <load_address>0x1e705</load_address>
         <run_address>0x1e705</run_address>
         <size>0x16d</size>
         <input_file_ref idref="fl-c8"/>
      </object_component>
      <object_component id="oc-480">
         <name>.debug_info</name>
         <load_address>0x1e872</load_address>
         <run_address>0x1e872</run_address>
         <size>0x2c</size>
         <input_file_ref idref="fl-c8"/>
      </object_component>
      <object_component id="oc-395">
         <name>.debug_info</name>
         <load_address>0x1e89e</load_address>
         <run_address>0x1e89e</run_address>
         <size>0x4e</size>
         <input_file_ref idref="fl-c8"/>
      </object_component>
      <object_component id="oc-225">
         <name>.debug_info</name>
         <load_address>0x1e8ec</load_address>
         <run_address>0x1e8ec</run_address>
         <size>0x2c</size>
         <input_file_ref idref="fl-c8"/>
      </object_component>
      <object_component id="oc-29a">
         <name>.debug_info</name>
         <load_address>0x1e918</load_address>
         <run_address>0x1e918</run_address>
         <size>0x2ca</size>
         <input_file_ref idref="fl-c9"/>
      </object_component>
      <object_component id="oc-127">
         <name>.debug_info</name>
         <load_address>0x1ebe2</load_address>
         <run_address>0x1ebe2</run_address>
         <size>0x24e</size>
         <input_file_ref idref="fl-c9"/>
      </object_component>
      <object_component id="oc-3aa">
         <name>.debug_info</name>
         <load_address>0x1ee30</load_address>
         <run_address>0x1ee30</run_address>
         <size>0x46</size>
         <input_file_ref idref="fl-c9"/>
      </object_component>
      <object_component id="oc-295">
         <name>.debug_info</name>
         <load_address>0x1ee76</load_address>
         <run_address>0x1ee76</run_address>
         <size>0x39</size>
         <input_file_ref idref="fl-c9"/>
      </object_component>
      <object_component id="oc-14c">
         <name>.debug_info</name>
         <load_address>0x1eeaf</load_address>
         <run_address>0x1eeaf</run_address>
         <size>0x13f</size>
         <input_file_ref idref="fl-ca"/>
      </object_component>
      <object_component id="oc-2b4">
         <name>.debug_info</name>
         <load_address>0x1efee</load_address>
         <run_address>0x1efee</run_address>
         <size>0x134</size>
         <input_file_ref idref="fl-cb"/>
      </object_component>
      <object_component id="oc-1fc">
         <name>.debug_info</name>
         <load_address>0x1f122</load_address>
         <run_address>0x1f122</run_address>
         <size>0x142</size>
         <input_file_ref idref="fl-cc"/>
      </object_component>
      <object_component id="oc-121">
         <name>.debug_info</name>
         <load_address>0x1f264</load_address>
         <run_address>0x1f264</run_address>
         <size>0x14c</size>
         <input_file_ref idref="fl-cd"/>
      </object_component>
      <object_component id="oc-2ba">
         <name>.debug_info</name>
         <load_address>0x1f3b0</load_address>
         <run_address>0x1f3b0</run_address>
         <size>0x128</size>
         <input_file_ref idref="fl-ce"/>
      </object_component>
      <object_component id="oc-113">
         <name>.debug_info</name>
         <load_address>0x1f4d8</load_address>
         <run_address>0x1f4d8</run_address>
         <size>0x12a</size>
         <input_file_ref idref="fl-ce"/>
      </object_component>
      <object_component id="oc-12c">
         <name>.debug_info</name>
         <load_address>0x1f602</load_address>
         <run_address>0x1f602</run_address>
         <size>0x13a</size>
         <input_file_ref idref="fl-cf"/>
      </object_component>
      <object_component id="oc-11d">
         <name>.debug_info</name>
         <load_address>0x1f73c</load_address>
         <run_address>0x1f73c</run_address>
         <size>0x13a</size>
         <input_file_ref idref="fl-d0"/>
      </object_component>
      <object_component id="oc-13c">
         <name>.debug_info</name>
         <load_address>0x1f876</load_address>
         <run_address>0x1f876</run_address>
         <size>0x13e</size>
         <input_file_ref idref="fl-d1"/>
      </object_component>
      <object_component id="oc-10d">
         <name>.debug_info</name>
         <load_address>0x1f9b4</load_address>
         <run_address>0x1f9b4</run_address>
         <size>0x12c</size>
         <input_file_ref idref="fl-d2"/>
      </object_component>
      <object_component id="oc-147">
         <name>.debug_info</name>
         <load_address>0x1fae0</load_address>
         <run_address>0x1fae0</run_address>
         <size>0x135</size>
         <input_file_ref idref="fl-d3"/>
      </object_component>
      <object_component id="oc-119">
         <name>.debug_info</name>
         <load_address>0x1fc15</load_address>
         <run_address>0x1fc15</run_address>
         <size>0x12c</size>
         <input_file_ref idref="fl-d4"/>
      </object_component>
      <object_component id="oc-3f">
         <name>.debug_info</name>
         <load_address>0x1fd41</load_address>
         <run_address>0x1fd41</run_address>
         <size>0x119</size>
         <input_file_ref idref="fl-d5"/>
      </object_component>
      <object_component id="oc-95">
         <name>.debug_info</name>
         <load_address>0x1fe5a</load_address>
         <run_address>0x1fe5a</run_address>
         <size>0x2d4</size>
         <input_file_ref idref="fl-d6"/>
      </object_component>
      <object_component id="oc-51">
         <name>.debug_info</name>
         <load_address>0x2012e</load_address>
         <run_address>0x2012e</run_address>
         <size>0x1b5</size>
         <input_file_ref idref="fl-d6"/>
      </object_component>
      <object_component id="oc-90">
         <name>.debug_info</name>
         <load_address>0x202e3</load_address>
         <run_address>0x202e3</run_address>
         <size>0x46</size>
         <input_file_ref idref="fl-d6"/>
      </object_component>
      <object_component id="oc-cb">
         <name>.debug_info</name>
         <load_address>0x20329</load_address>
         <run_address>0x20329</run_address>
         <size>0x2c</size>
         <input_file_ref idref="fl-d6"/>
      </object_component>
      <object_component id="oc-47">
         <name>.debug_info</name>
         <load_address>0x20355</load_address>
         <run_address>0x20355</run_address>
         <size>0x2a8</size>
         <input_file_ref idref="fl-d7"/>
      </object_component>
      <object_component id="oc-20">
         <name>.debug_info</name>
         <load_address>0x205fd</load_address>
         <run_address>0x205fd</run_address>
         <size>0x1ea</size>
         <input_file_ref idref="fl-d7"/>
      </object_component>
      <object_component id="oc-42">
         <name>.debug_info</name>
         <load_address>0x207e7</load_address>
         <run_address>0x207e7</run_address>
         <size>0x46</size>
         <input_file_ref idref="fl-d7"/>
      </object_component>
      <object_component id="oc-88">
         <name>.debug_info</name>
         <load_address>0x2082d</load_address>
         <run_address>0x2082d</run_address>
         <size>0x2c</size>
         <input_file_ref idref="fl-d7"/>
      </object_component>
      <object_component id="oc-86">
         <name>.debug_info</name>
         <load_address>0x20859</load_address>
         <run_address>0x20859</run_address>
         <size>0x29e</size>
         <input_file_ref idref="fl-d8"/>
      </object_component>
      <object_component id="oc-17">
         <name>.debug_info</name>
         <load_address>0x20af7</load_address>
         <run_address>0x20af7</run_address>
         <size>0x250</size>
         <input_file_ref idref="fl-d8"/>
      </object_component>
      <object_component id="oc-32">
         <name>.debug_info</name>
         <load_address>0x20d47</load_address>
         <run_address>0x20d47</run_address>
         <size>0x60</size>
         <input_file_ref idref="fl-d8"/>
      </object_component>
      <object_component id="oc-c4">
         <name>.debug_info</name>
         <load_address>0x20da7</load_address>
         <run_address>0x20da7</run_address>
         <size>0x46</size>
         <input_file_ref idref="fl-d8"/>
      </object_component>
      <object_component id="oc-81">
         <name>.debug_info</name>
         <load_address>0x20ded</load_address>
         <run_address>0x20ded</run_address>
         <size>0x39</size>
         <input_file_ref idref="fl-d8"/>
      </object_component>
      <object_component id="oc-22b">
         <name>.debug_info</name>
         <load_address>0x20e26</load_address>
         <run_address>0x20e26</run_address>
         <size>0x28f</size>
         <input_file_ref idref="fl-d9"/>
      </object_component>
      <object_component id="oc-e1">
         <name>.debug_info</name>
         <load_address>0x210b5</load_address>
         <run_address>0x210b5</run_address>
         <size>0x245</size>
         <input_file_ref idref="fl-d9"/>
      </object_component>
      <object_component id="oc-3a7">
         <name>.debug_info</name>
         <load_address>0x212fa</load_address>
         <run_address>0x212fa</run_address>
         <size>0x289</size>
         <input_file_ref idref="fl-da"/>
      </object_component>
      <object_component id="oc-3a4">
         <name>.debug_info</name>
         <load_address>0x21583</load_address>
         <run_address>0x21583</run_address>
         <size>0x10e</size>
         <input_file_ref idref="fl-da"/>
      </object_component>
      <object_component id="oc-23b">
         <name>.debug_info</name>
         <load_address>0x21691</load_address>
         <run_address>0x21691</run_address>
         <size>0x14e</size>
         <input_file_ref idref="fl-da"/>
      </object_component>
      <object_component id="oc-26">
         <name>.debug_info</name>
         <load_address>0x217df</load_address>
         <run_address>0x217df</run_address>
         <size>0x10b</size>
         <input_file_ref idref="fl-db"/>
      </object_component>
      <object_component id="oc-5c">
         <name>.debug_info</name>
[...]
      </symbol>
      <symbol id="sm-69e">
         <name>__stack</name>
         <value>0x200058f0</value>
         <object_component_ref idref="oc-25"/>
      </symbol>
      <symbol id="sm-69f">
         <name>_c_int00_noargs</name>
         <value>0x5b01</value>
         <object_component_ref idref="oc-5a"/>
      </symbol>
      <symbol id="sm-804">
         <name>__TI_printfi</name>
         <value>0x16a5</value>
         <object_component_ref idref="oc-211"/>
      </symbol>
      <symbol id="sm-81a">
         <name>frexpl</name>
         <value>0x5631</value>
         <object_component_ref idref="oc-462"/>
      </symbol>
      <symbol id="sm-81b">
         <name>frexp</name>
         <value>0x5631</value>
         <object_component_ref idref="oc-462"/>
      </symbol>
      <symbol id="sm-838">
         <name>scalbn</name>
         <value>0x49a9</value>
         <object_component_ref idref="oc-468"/>
      </symbol>
      <symbol id="sm-839">
         <name>scalbnl</name>
         <value>0x49a9</value>
         <object_component_ref idref="oc-468"/>
      </symbol>
      <symbol id="sm-83a">
         <name>ldexpl</name>
         <value>0x49a9</value>
         <object_component_ref idref="oc-468"/>
      </symbol>
      <symbol id="sm-83b">
         <name>ldexp</name>
         <value>0x49a9</value>
         <object_component_ref idref="oc-468"/>
      </symbol>
      <symbol id="sm-845">
         <name>copysign</name>
         <value>0x5c75</value>
         <object_component_ref idref="oc-4dd"/>
      </symbol>
      <symbol id="sm-846">
         <name>copysignl</name>
         <value>0x5c75</value>
         <object_component_ref idref="oc-4dd"/>
      </symbol>
      <symbol id="sm-850">
         <name>__aeabi_idiv0</name>
         <value>0x20f3</value>
         <object_component_ref idref="oc-2ad"/>
      </symbol>
      <symbol id="sm-851">
         <name>__aeabi_ldiv0</name>
         <value>0x20f3</value>
         <object_component_ref idref="oc-2ad"/>
      </symbol>
      <symbol id="sm-860">
         <name>__aeabi_memset</name>
         <value>0x532b</value>
         <object_component_ref idref="oc-96"/>
      </symbol>
      <symbol id="sm-861">
         <name>memset</name>
         <value>0x5331</value>
         <object_component_ref idref="oc-96"/>
      </symbol>
      <symbol id="sm-862">
         <name>__aeabi_memset8</name>
         <value>0x532b</value>
         <object_component_ref idref="oc-96"/>
      </symbol>
      <symbol id="sm-863">
         <name>__aeabi_memset4</name>
         <value>0x532b</value>
         <object_component_ref idref="oc-96"/>
      </symbol>
      <symbol id="sm-864">
         <name>__aeabi_memclr8</name>
         <value>0x5329</value>
         <object_component_ref idref="oc-96"/>
      </symbol>
      <symbol id="sm-865">
         <name>__aeabi_memclr4</name>
         <value>0x5329</value>
         <object_component_ref idref="oc-96"/>
      </symbol>
      <symbol id="sm-866">
         <name>__aeabi_memclr</name>
         <value>0x5329</value>
         <object_component_ref idref="oc-96"/>
      </symbol>
      <symbol id="sm-870">
         <name>__aeabi_d2iz</name>
         <value>0x58f5</value>
         <object_component_ref idref="oc-43c"/>
      </symbol>
      <symbol id="sm-898">
         <name>__TI_auto_init_nobinit_nopinit</name>
         <value>0x59c5</value>
         <object_component_ref idref="oc-1ad"/>
      </symbol>
      <symbol id="sm-8a2">
         <name>_system_pre_init</name>
         <value>0x5db1</value>
         <object_component_ref idref="oc-9c"/>
      </symbol>
      <symbol id="sm-8ae">
         <name>C$$EXIT</name>
         <value>0x5db5</value>
         <object_component_ref idref="oc-1a1"/>
      </symbol>
      <symbol id="sm-8af">
         <name>abort</name>
         <value>0x5db5</value>
         <object_component_ref idref="oc-1a1"/>
      </symbol>
      <symbol id="sm-8bf">
         <name>__TI_ltoa</name>
         <value>0x5803</value>
         <object_component_ref idref="oc-441"/>
      </symbol>
      <symbol id="sm-8d6">
         <name>atoi</name>
         <value>0x58a9</value>
         <object_component_ref idref="oc-355"/>
      </symbol>
      <symbol id="sm-8e1">
         <name>_ctypes_</name>
         <value>0x5f68</value>
         <object_component_ref idref="oc-436"/>
      </symbol>
      <symbol id="sm-8f1">
         <name>memccpy</name>
         <value>0x5c59</value>
         <object_component_ref idref="oc-379"/>
      </symbol>
      <symbol id="sm-901">
         <name>strchr</name>
         <value>0x5cf1</value>
         <object_component_ref idref="oc-46e"/>
      </symbol>
      <symbol id="sm-91a">
         <name>wcslen</name>
         <value>0x5d41</value>
         <object_component_ref idref="oc-37f"/>
      </symbol>
      <symbol id="sm-967">
         <name>ADCIntClearEx</name>
         <value>0x5d2f</value>
         <object_component_ref idref="oc-2c8"/>
      </symbol>
      <symbol id="sm-968">
         <name>ADCSequenceStepConfigure</name>
         <value>0x4bb5</value>
         <object_component_ref idref="oc-2d4"/>
      </symbol>
      <symbol id="sm-969">
         <name>ADCIntRegister</name>
         <value>0x5bbd</value>
         <object_component_ref idref="oc-2da"/>
      </symbol>
      <symbol id="sm-96a">
         <name>ADCClockConfigSet</name>
         <value>0x5b93</value>
         <object_component_ref idref="oc-2e0"/>
      </symbol>
      <symbol id="sm-980">
         <name>FPULazyStackingEnable</name>
         <value>0x5d55</value>
         <object_component_ref idref="oc-194"/>
      </symbol>
      <symbol id="sm-981">
         <name>FPUEnable</name>
         <value>0x5c91</value>
         <object_component_ref idref="oc-18e"/>
      </symbol>
      <symbol id="sm-9ce">
         <name>GPIOPinConfigure</name>
         <value>0x593d</value>
         <object_component_ref idref="oc-200"/>
      </symbol>
      <symbol id="sm-9cf">
         <name>GPIOPinTypeADC</name>
         <value>0x5c35</value>
         <object_component_ref idref="oc-2ce"/>
      </symbol>
      <symbol id="sm-9d0">
         <name>GPIODirModeSet</name>
         <value>0x56f5</value>
         <object_component_ref idref="oc-3cd"/>
      </symbol>
      <symbol id="sm-9d1">
         <name>GPIOPadConfigSet</name>
         <value>0x38cd</value>
         <object_component_ref idref="oc-3d3"/>
      </symbol>
      <symbol id="sm-a01">
         <name>IntEnable</name>
         <value>0x52a9</value>
         <object_component_ref idref="oc-3e7"/>
      </symbol>
      <symbol id="sm-a02">
         <name>IntRegister</name>
         <value>0x5751</value>
         <object_component_ref idref="oc-3e1"/>
      </symbol>
      <symbol id="sm-a03">
         <name>g_pfnRAMVectors</name>
         <value>0x20000000</value>
         <object_component_ref idref="oc-4a1"/>
      </symbol>
      <symbol id="sm-a73">
         <name>SysCtlClockFreqSet</name>
         <value>0x30c5</value>
         <object_component_ref idref="oc-188"/>
      </symbol>
      <symbol id="sm-a81">
         <name>TimerControlTrigger</name>
         <value>0x5695</value>
         <object_component_ref idref="oc-2e6"/>
      </symbol>
      <symbol id="sm-a83">
         <name>__TI_static_base__</name>
         <value>0x0</value>
      </symbol>
      <symbol id="sm-a86">
         <name>__mpu_init</name>
         <value>0x0</value>
      </symbol>
      <symbol id="sm-a87">
         <name>_system_post_cinit</name>
         <value>0x0</value>
      </symbol>
      <symbol id="sm-a88">
         <name>NMI_Handler</name>
         <value>0x5d8f</value>
      </symbol>
      <symbol id="sm-a89">
         <name>HardFault_Handler</name>
         <value>0x5d8f</value>
      </symbol>
      <symbol id="sm-a8a">
         <name>MemManage_Handler</name>
         <value>0x5d8f</value>
      </symbol>
      <symbol id="sm-a8b">
         <name>BusFault_Handler</name>
         <value>0x5d8f</value>
      </symbol>
      <symbol id="sm-a8c">
         <name>UsageFault_Handler</name>
         <value>0x5d8f</value>
      </symbol>
      <symbol id="sm-a8d">
         <name>SVC_Handler</name>
         <value>0x5d8f</value>
      </symbol>
      <symbol id="sm-a8e">
         <name>DebugMon_Handler</name>
         <value>0x5d8f</value>
      </symbol>
      <symbol id="sm-a8f">
         <name>PendSV_Handler</name>
         <value>0x5d8f</value>
      </symbol>
      <symbol id="sm-a90">
         <name>SysTick_Handler</name>
         <value>0x5d8f</value>
      </symbol>
      <symbol id="sm-a91">
         <name>GPIOA_IRQHandler</name>
         <value>0x5d8f</value>
      </symbol>
      <symbol id="sm-a92">
         <name>GPIOB_IRQHandler</name>
         <value>0x5d8f</value>
      </symbol>
      <symbol id="sm-a93">
         <name>GPIOC_IRQHandler</name>
         <value>0x5d8f</value>
      </symbol>
      <symbol id="sm-a94">
         <name>GPIOD_IRQHandler</name>
         <value>0x5d8f</value>
      </symbol>
      <symbol id="sm-a95">
         <name>GPIOE_IRQHandler</name>
         <value>0x5d8f</value>
      </symbol>
      <symbol id="sm-a96">
         <name>UART0_IRQHandler</name>
         <value>0x5d8f</value>
      </symbol>
      <symbol id="sm-a97">
         <name>UART1_IRQHandler</name>
         <value>0x5d8f</value>
      </symbol>
      <symbol id="sm-a98">
         <name>SSI0_IRQHandler</name>
         <value>0x5d8f</value>
      </symbol>
      <symbol id="sm-a99">
         <name>I2C0_IRQHandler</name>
         <value>0x5d8f</value>
      </symbol>
      <symbol id="sm-a9a">
         <name>PWM0_FAULT_IRQHandler</name>
         <value>0x5d8f</value>
      </symbol>
      <symbol id="sm-a9b">
         <name>PWM0_0_IRQHandler</name>
         <value>0x5d8f</value>
      </symbol>
      <symbol id="sm-a9c">
         <name>PWM0_1_IRQHandler</name>
         <value>0x5d8f</value>
      </symbol>
      <symbol id="sm-a9d">
         <name>PWM0_2_IRQHandler</name>
         <value>0x5d8f</value>
      </symbol>
      <symbol id="sm-a9e">
         <name>QEI0_IRQHandler</name>
         <value>0x5d8f</value>
      </symbol>
      <symbol id="sm-a9f">
         <name>ADC0SS0_IRQHandler</name>
         <value>0x5d8f</value>
      </symbol>
      <symbol id="sm-aa0">
         <name>ADC0SS1_IRQHandler</name>
         <value>0x5d8f</value>
      </symbol>
      <symbol id="sm-aa1">
         <name>ADC0SS2_IRQHandler</name>
         <value>0x5d8f</value>
      </symbol>
      <symbol id="sm-aa2">
         <name>ADC0SS3_IRQHandler</name>
         <value>0x5d8f</value>
      </symbol>
      <symbol id="sm-aa3">
         <name>WATCHDOG_IRQHandler</name>
         <value>0x5d8f</value>
      </symbol>
      <symbol id="sm-aa4">
         <name>TIMER0A_IRQHandler</name>
         <value>0x5d8f</value>
      </symbol>
      <symbol id="sm-aa5">
         <name>TIMER0B_IRQHandler</name>
         <value>0x5d8f</value>
      </symbol>
      <symbol id="sm-aa6">
         <name>TIMER1A_IRQHandler</name>
         <value>0x5d8f</value>
      </symbol>
      <symbol id="sm-aa7">
         <name>TIMER1B_IRQHandler</name>
         <value>0x5d8f</value>
      </symbol>
      <symbol id="sm-aa8">
         <name>TIMER2A_IRQHandler</name>
         <value>0x5d8f</value>
      </symbol>
      <symbol id="sm-aa9">
         <name>TIMER2B_IRQHandler</name>
         <value>0x5d8f</value>
      </symbol>
      <symbol id="sm-aaa">
         <name>COMP0_IRQHandler</name>
         <value>0x5d8f</value>
      </symbol>
      <symbol id="sm-aab">
         <name>COMP1_IRQHandler</name>
         <value>0x5d8f</value>
      </symbol>
      <symbol id="sm-aac">
         <name>COMP2_IRQHandler</name>
         <value>0x5d8f</value>
      </symbol>
      <symbol id="sm-aad">
         <name>SYSCTL_IRQHandler</name>
         <value>0x5d8f</value>
      </symbol>
      <symbol id="sm-aae">
         <name>FLASH_IRQHandler</name>
         <value>0x5d8f</value>
      </symbol>
      <symbol id="sm-aaf">
         <name>GPIOF_IRQHandler</name>
         <value>0x5d8f</value>
      </symbol>
      <symbol id="sm-ab0">
         <name>GPIOG_IRQHandler</name>
         <value>0x5d8f</value>
      </symbol>
      <symbol id="sm-ab1">
         <name>GPIOH_IRQHandler</name>
         <value>0x5d8f</value>
      </symbol>
      <symbol id="sm-ab2">
         <name>UART2_IRQHandler</name>
         <value>0x5d8f</value>
      </symbol>
      <symbol id="sm-ab3">
         <name>SSI1_IRQHandler</name>
         <value>0x5d8f</value>
      </symbol>
      <symbol id="sm-ab4">
         <name>TIMER3A_IRQHandler</name>
         <value>0x5d8f</value>
      </symbol>
      <symbol id="sm-ab5">
         <name>TIMER3B_IRQHandler</name>
         <value>0x5d8f</value>
      </symbol>
      <symbol id="sm-ab6">
         <name>I2C1_IRQHandler</name>
         <value>0x5d8f</value>
      </symbol>
      <symbol id="sm-ab7">
         <name>CAN0_IRQHandler</name>
         <value>0x5d8f</value>
      </symbol>
      <symbol id="sm-ab8">
         <name>CAN1_IRQHandler</name>
         <value>0x5d8f</value>
      </symbol>
      <symbol id="sm-ab9">
         <name>EMAC0_IRQHandler</name>
         <value>0x5d8f</value>
      </symbol>
      <symbol id="sm-aba">
         <name>HIBERNATE_IRQHandler</name>
         <value>0x5d8f</value>
      </symbol>
      <symbol id="sm-abb">
         <name>USB0_IRQHandler</name>
         <value>0x5d8f</value>
      </symbol>
      <symbol id="sm-abc">
         <name>PWM0_3_IRQHandler</name>
         <value>0x5d8f</value>
      </symbol>
      <symbol id="sm-abd">
         <name>UDMA_IRQHandler</name>
         <value>0x5d8f</value>
      </symbol>
      <symbol id="sm-abe">
         <name>UDMAERR_IRQHandler</name>
         <value>0x5d8f</value>
      </symbol>
      <symbol id="sm-abf">
         <name>ADC1SS0_IRQHandler</name>
         <value>0x5d8f</value>
      </symbol>
      <symbol id="sm-ac0">
         <name>ADC1SS1_IRQHandler</name>
         <value>0x5d8f</value>
      </symbol>
      <symbol id="sm-ac1">
         <name>ADC1SS2_IRQHandler</name>
         <value>0x5d8f</value>
      </symbol>
      <symbol id="sm-ac2">
         <name>ADC1SS3_IRQHandler</name>
         <value>0x5d8f</value>
      </symbol>
      <symbol id="sm-ac3">
         <name>EPI0_IRQHandler</name>
         <value>0x5d8f</value>
      </symbol>
      <symbol id="sm-ac4">
         <name>GPIOJ_IRQHandler</name>
         <value>0x5d8f</value>
      </symbol>
      <symbol id="sm-ac5">
         <name>GPIOK_IRQHandler</name>
         <value>0x5d8f</value>
      </symbol>
      <symbol id="sm-ac6">
         <name>GPIOL_IRQHandler</name>
         <value>0x5d8f</value>
      </symbol>
      <symbol id="sm-ac7">
         <name>SSI2_IRQHandler</name>
         <value>0x5d8f</value>
      </symbol>
      <symbol id="sm-ac8">
         <name>SSI3_IRQHandler</name>
         <value>0x5d8f</value>
      </symbol>
      <symbol id="sm-ac9">
         <name>UART3_IRQHandler</name>
         <value>0x5d8f</value>
      </symbol>
      <symbol id="sm-aca">
         <name>UART4_IRQHandler</name>
         <value>0x5d8f</value>
      </symbol>
      <symbol id="sm-acb">
         <name>UART5_IRQHandler</name>
         <value>0x5d8f</value>
      </symbol>
      <symbol id="sm-acc">
         <name>UART6_IRQHandler</name>
         <value>0x5d8f</value>
      </symbol>
      <symbol id="sm-acd">
         <name>UART7_IRQHandler</name>
         <value>0x5d8f</value>
      </symbol>
      <symbol id="sm-ace">
         <name>I2C2_IRQHandler</name>
         <value>0x5d8f</value>
      </symbol>
      <symbol id="sm-acf">
         <name>I2C3_IRQHandler</name>
         <value>0x5d8f</value>
      </symbol>
      <symbol id="sm-ad0">
         <name>TIMER4A_IRQHandler</name>
         <value>0x5d8f</value>
      </symbol>
      <symbol id="sm-ad1">
         <name>TIMER4B_IRQHandler</name>
         <value>0x5d8f</value>
      </symbol>
      <symbol id="sm-ad2">
         <name>TIMER5A_IRQHandler</name>
         <value>0x5d8f</value>
      </symbol>
      <symbol id="sm-ad3">
         <name>TIMER5B_IRQHandler</name>
         <value>0x5d8f</value>
      </symbol>
      <symbol id="sm-ad4">
         <name>SYSEXC_IRQHandler</name>
         <value>0x5d8f</value>
      </symbol>
      <symbol id="sm-ad5">
         <name>I2C4_IRQHandler</name>
         <value>0x5d8f</value>
      </symbol>
      <symbol id="sm-ad6">
         <name>I2C5_IRQHandler</name>
         <value>0x5d8f</value>
      </symbol>
      <symbol id="sm-ad7">
         <name>GPIOM_IRQHandler</name>
         <value>0x5d8f</value>
      </symbol>
      <symbol id="sm-ad8">
         <name>GPION_IRQHandler</name>
         <value>0x5d8f</value>
      </symbol>
      <symbol id="sm-ad9">
         <name>TAMPER0_IRQHandler</name>
         <value>0x5d8f</value>
      </symbol>
      <symbol id="sm-ada">
         <name>GPIOP0_IRQHandler</name>
         <value>0x5d8f</value>
      </symbol>
      <symbol id="sm-adb">
         <name>GPIOP1_IRQHandler</name>
         <value>0x5d8f</value>
      </symbol>
      <symbol id="sm-adc">
         <name>GPIOP2_IRQHandler</name>
         <value>0x5d8f</value>
      </symbol>
      <symbol id="sm-add">
         <name>GPIOP3_IRQHandler</name>
         <value>0x5d8f</value>
      </symbol>
      <symbol id="sm-ade">
         <name>GPIOP4_IRQHandler</name>
         <value>0x5d8f</value>
      </symbol>
      <symbol id="sm-adf">
         <name>GPIOP5_IRQHandler</name>
         <value>0x5d8f</value>
      </symbol>
      <symbol id="sm-ae0">
         <name>GPIOP6_IRQHandler</name>
         <value>0x5d8f</value>
      </symbol>
      <symbol id="sm-ae1">
         <name>GPIOP7_IRQHandler</name>
         <value>0x5d8f</value>
      </symbol>
      <symbol id="sm-ae2">
         <name>GPIOQ0_IRQHandler</name>
         <value>0x5d8f</value>
      </symbol>
      <symbol id="sm-ae3">
         <name>GPIOQ1_IRQHandler</name>
         <value>0x5d8f</value>
      </symbol>
      <symbol id="sm-ae4">
         <name>GPIOQ2_IRQHandler</name>
         <value>0x5d8f</value>
      </symbol>
      <symbol id="sm-ae5">
         <name>GPIOQ3_IRQHandler</name>
         <value>0x5d8f</value>
      </symbol>
      <symbol id="sm-ae6">
         <name>GPIOQ4_IRQHandler</name>
         <value>0x5d8f</value>
      </symbol>
      <symbol id="sm-ae7">
         <name>GPIOQ5_IRQHandler</name>
         <value>0x5d8f</value>
      </symbol>
      <symbol id="sm-ae8">
         <name>GPIOQ6_IRQHandler</name>
         <value>0x5d8f</value>
      </symbol>
      <symbol id="sm-ae9">
         <name>GPIOQ7_IRQHandler</name>
         <value>0x5d8f</value>
      </symbol>
      <symbol id="sm-aea">
         <name>SHA0_IRQHandler</name>
         <value>0x5d8f</value>
      </symbol>
      <symbol id="sm-aeb">
         <name>AES0_IRQHandler</name>
         <value>0x5d8f</value>
      </symbol>
      <symbol id="sm-aec">
         <name>DES0_IRQHandler</name>
         <value>0x5d8f</value>
      </symbol>
      <symbol id="sm-aed">
         <name>TIMER6A_IRQHandler</name>
         <value>0x5d8f</value>
      </symbol>
      <symbol id="sm-aee">
         <name>TIMER6B_IRQHandler</name>
         <value>0x5d8f</value>
      </symbol>
      <symbol id="sm-aef">
         <name>TIMER7A_IRQHandler</name>
         <value>0x5d8f</value>
      </symbol>
      <symbol id="sm-af0">
         <name>TIMER7B_IRQHandler</name>
         <value>0x5d8f</value>
      </symbol>
      <symbol id="sm-af1">
         <name>I2C6_IRQHandler</name>
         <value>0x5d8f</value>
      </symbol>
      <symbol id="sm-af2">
         <name>I2C7_IRQHandler</name>
         <value>0x5d8f</value>
      </symbol>
      <symbol id="sm-af3">
         <name>I2C8_IRQHandler</name>
         <value>0x5d8f</value>
      </symbol>
      <symbol id="sm-af4">
         <name>I2C9_IRQHandler</name>
         <value>0x5d8f</value>
      </symbol>
   </symbol_table>
   <title>Link successful</title>
</link_info>
