../Core/Src/AD9910.c:276:6:Init_ad9910	8	static
../Core/Src/AD9910.c:297:6:txd_8bit	24	static
../Core/Src/AD9910.c:319:6:Txcfr	16	static
../Core/Src/AD9910.c:361:6:Txprofile	16	static
../Core/Src/AD9910.c:385:6:Freq_convert	24	static
../Core/Src/AD9910.c:403:6:Write_Amplitude	24	static
../Core/Src/AD9910.c:416:6:Write_32bit	24	static
../Core/Src/AD9910.c:442:6:AD9910_RAM_WAVE_Set	40	static
../Core/Src/AD9910.c:519:6:AD9910_DRG_FreInit_AutoSet	32	static
../Core/Src/AD9910.c:575:6:AD9910_DRG_FrePara_Set	72	static
